Archive member included to satisfy reference by file (symbol)

C:/NXP/S32DS_ARM_v2.2/S32DS/build_tools/gcc_v6.3/gcc-6.3-arm32-eabi/arm-none-eabi/newlib/lib/thumb/v7e-m\libc.a(lib_a-exit.o)
                              C:/NXP/S32DS_ARM_v2.2/S32DS/build_tools/gcc_v6.3/gcc-6.3-arm32-eabi/arm-none-eabi/newlib/lib/thumb/v7e-m/crt0.o (exit)
C:/NXP/S32DS_ARM_v2.2/S32DS/build_tools/gcc_v6.3/gcc-6.3-arm32-eabi/arm-none-eabi/newlib/lib/thumb/v7e-m\libc.a(lib_a-impure.o)
                              C:/NXP/S32DS_ARM_v2.2/S32DS/build_tools/gcc_v6.3/gcc-6.3-arm32-eabi/arm-none-eabi/newlib/lib/thumb/v7e-m\libc.a(lib_a-exit.o) (_global_impure_ptr)
C:/NXP/S32DS_ARM_v2.2/S32DS/build_tools/gcc_v6.3/gcc-6.3-arm32-eabi/arm-none-eabi/newlib/lib/thumb/v7e-m\libc.a(lib_a-init.o)
                              C:/NXP/S32DS_ARM_v2.2/S32DS/build_tools/gcc_v6.3/gcc-6.3-arm32-eabi/arm-none-eabi/newlib/lib/thumb/v7e-m/crt0.o (__libc_init_array)
C:/NXP/S32DS_ARM_v2.2/S32DS/build_tools/gcc_v6.3/gcc-6.3-arm32-eabi/arm-none-eabi/newlib/lib/thumb/v7e-m\libc.a(lib_a-memset.o)
                              C:/NXP/S32DS_ARM_v2.2/S32DS/build_tools/gcc_v6.3/gcc-6.3-arm32-eabi/arm-none-eabi/newlib/lib/thumb/v7e-m/crt0.o (memset)
C:/NXP/S32DS_ARM_v2.2/S32DS/build_tools/gcc_v6.3/gcc-6.3-arm32-eabi/arm-none-eabi/newlib/lib/thumb/v7e-m\libc.a(lib_a-__call_atexit.o)
                              C:/NXP/S32DS_ARM_v2.2/S32DS/build_tools/gcc_v6.3/gcc-6.3-arm32-eabi/arm-none-eabi/newlib/lib/thumb/v7e-m\libc.a(lib_a-exit.o) (__call_exitprocs)
C:/NXP/S32DS_ARM_v2.2/S32DS/build_tools/gcc_v6.3/gcc-6.3-arm32-eabi/arm-none-eabi/newlib/lib/thumb/v7e-m\libc.a(lib_a-fini.o)
                              C:/NXP/S32DS_ARM_v2.2/S32DS/build_tools/gcc_v6.3/gcc-6.3-arm32-eabi/arm-none-eabi/newlib/lib/thumb/v7e-m\libc.a(lib_a-__call_atexit.o) (__libc_fini_array)
C:/NXP/S32DS_ARM_v2.2/S32DS/build_tools/gcc_v6.3/gcc-6.3-arm32-eabi/arm-none-eabi/newlib/lib/thumb/v7e-m\libc.a(lib_a-atexit.o)
                              C:/NXP/S32DS_ARM_v2.2/S32DS/build_tools/gcc_v6.3/gcc-6.3-arm32-eabi/arm-none-eabi/newlib/lib/thumb/v7e-m\libc.a(lib_a-__call_atexit.o) (atexit)
C:/NXP/S32DS_ARM_v2.2/S32DS/build_tools/gcc_v6.3/gcc-6.3-arm32-eabi/arm-none-eabi/newlib/lib/thumb/v7e-m\libc.a(lib_a-__atexit.o)
                              C:/NXP/S32DS_ARM_v2.2/S32DS/build_tools/gcc_v6.3/gcc-6.3-arm32-eabi/arm-none-eabi/newlib/lib/thumb/v7e-m\libc.a(lib_a-atexit.o) (__register_exitproc)
C:/NXP/S32DS_ARM_v2.2/S32DS/build_tools/gcc_v6.3/gcc-6.3-arm32-eabi/arm-none-eabi/newlib/lib/thumb/v7e-m\libnosys.a(_exit.o)
                              C:/NXP/S32DS_ARM_v2.2/S32DS/build_tools/gcc_v6.3/gcc-6.3-arm32-eabi/arm-none-eabi/newlib/lib/thumb/v7e-m\libc.a(lib_a-exit.o) (_exit)

Discarded input sections

 .text          0x00000000        0x0 c:/nxp/s32ds_arm_v2.2/s32ds/build_tools/gcc_v6.3/gcc-6.3-arm32-eabi/bin/../lib/gcc/arm-none-eabi/6.3.1/thumb/v7e-m/crti.o
 .data          0x00000000        0x0 c:/nxp/s32ds_arm_v2.2/s32ds/build_tools/gcc_v6.3/gcc-6.3-arm32-eabi/bin/../lib/gcc/arm-none-eabi/6.3.1/thumb/v7e-m/crti.o
 .bss           0x00000000        0x0 c:/nxp/s32ds_arm_v2.2/s32ds/build_tools/gcc_v6.3/gcc-6.3-arm32-eabi/bin/../lib/gcc/arm-none-eabi/6.3.1/thumb/v7e-m/crti.o
 .data          0x00000000        0x4 c:/nxp/s32ds_arm_v2.2/s32ds/build_tools/gcc_v6.3/gcc-6.3-arm32-eabi/bin/../lib/gcc/arm-none-eabi/6.3.1/thumb/v7e-m/crtbegin.o
 .data          0x00000000        0x0 C:/NXP/S32DS_ARM_v2.2/S32DS/build_tools/gcc_v6.3/gcc-6.3-arm32-eabi/arm-none-eabi/newlib/lib/thumb/v7e-m/crt0.o
 .bss           0x00000000        0x0 C:/NXP/S32DS_ARM_v2.2/S32DS/build_tools/gcc_v6.3/gcc-6.3-arm32-eabi/arm-none-eabi/newlib/lib/thumb/v7e-m/crt0.o
 .ARM.extab     0x00000000        0x0 C:/NXP/S32DS_ARM_v2.2/S32DS/build_tools/gcc_v6.3/gcc-6.3-arm32-eabi/arm-none-eabi/newlib/lib/thumb/v7e-m/crt0.o
 .group         0x00000000        0x8 ./Project_Settings/Startup_Code/startup.o
 .group         0x00000000        0x8 ./Project_Settings/Startup_Code/startup.o
 .group         0x00000000        0x8 ./Project_Settings/Startup_Code/startup.o
 .group         0x00000000        0x8 ./Project_Settings/Startup_Code/startup.o
 .group         0x00000000        0x8 ./Project_Settings/Startup_Code/startup.o
 .group         0x00000000        0x8 ./Project_Settings/Startup_Code/startup.o
 .group         0x00000000        0x8 ./Project_Settings/Startup_Code/startup.o
 .group         0x00000000        0x8 ./Project_Settings/Startup_Code/startup.o
 .group         0x00000000        0x8 ./Project_Settings/Startup_Code/startup.o
 .group         0x00000000        0x8 ./Project_Settings/Startup_Code/startup.o
 .group         0x00000000        0x8 ./Project_Settings/Startup_Code/startup.o
 .group         0x00000000        0x8 ./Project_Settings/Startup_Code/startup.o
 .group         0x00000000        0x8 ./Project_Settings/Startup_Code/startup.o
 .text          0x00000000        0x0 ./Project_Settings/Startup_Code/startup.o
 .data          0x00000000        0x0 ./Project_Settings/Startup_Code/startup.o
 .bss           0x00000000        0x0 ./Project_Settings/Startup_Code/startup.o
 .rodata.s_vectors
                0x00000000        0x4 ./Project_Settings/Startup_Code/startup.o
 .data          0x00000000        0x0 ./Project_Settings/Startup_Code/startup_S32K144.o
 .bss           0x00000000        0x0 ./Project_Settings/Startup_Code/startup_S32K144.o
 .FlashConfig   0x00000000       0x10 ./Project_Settings/Startup_Code/startup_S32K144.o
 .group         0x00000000        0x8 ./Project_Settings/Startup_Code/system_S32K144.o
 .group         0x00000000        0x8 ./Project_Settings/Startup_Code/system_S32K144.o
 .group         0x00000000        0x8 ./Project_Settings/Startup_Code/system_S32K144.o
 .group         0x00000000        0x8 ./Project_Settings/Startup_Code/system_S32K144.o
 .group         0x00000000        0x8 ./Project_Settings/Startup_Code/system_S32K144.o
 .group         0x00000000        0x8 ./Project_Settings/Startup_Code/system_S32K144.o
 .group         0x00000000        0x8 ./Project_Settings/Startup_Code/system_S32K144.o
 .group         0x00000000        0x8 ./Project_Settings/Startup_Code/system_S32K144.o
 .group         0x00000000        0x8 ./Project_Settings/Startup_Code/system_S32K144.o
 .group         0x00000000        0x8 ./Project_Settings/Startup_Code/system_S32K144.o
 .group         0x00000000        0x8 ./Project_Settings/Startup_Code/system_S32K144.o
 .group         0x00000000        0x8 ./Project_Settings/Startup_Code/system_S32K144.o
 .group         0x00000000        0x8 ./Project_Settings/Startup_Code/system_S32K144.o
 .group         0x00000000        0x8 ./Project_Settings/Startup_Code/system_S32K144.o
 .text          0x00000000        0x0 ./Project_Settings/Startup_Code/system_S32K144.o
 .data          0x00000000        0x0 ./Project_Settings/Startup_Code/system_S32K144.o
 .bss           0x00000000        0x0 ./Project_Settings/Startup_Code/system_S32K144.o
 .data.SystemCoreClock
                0x00000000        0x4 ./Project_Settings/Startup_Code/system_S32K144.o
 .text.SystemCoreClockUpdate
                0x00000000       0xf0 ./Project_Settings/Startup_Code/system_S32K144.o
 .text.SystemSoftwareReset
                0x00000000       0x3e ./Project_Settings/Startup_Code/system_S32K144.o
 .rodata.fircFreq.5176
                0x00000000        0x4 ./Project_Settings/Startup_Code/system_S32K144.o
 .debug_macro   0x00000000      0x8d4 ./Project_Settings/Startup_Code/system_S32K144.o
 .debug_macro   0x00000000       0x10 ./Project_Settings/Startup_Code/system_S32K144.o
 .debug_macro   0x00000000       0x7a ./Project_Settings/Startup_Code/system_S32K144.o
 .debug_macro   0x00000000       0x22 ./Project_Settings/Startup_Code/system_S32K144.o
 .debug_macro   0x00000000       0x87 ./Project_Settings/Startup_Code/system_S32K144.o
 .debug_macro   0x00000000       0x51 ./Project_Settings/Startup_Code/system_S32K144.o
 .debug_macro   0x00000000       0xef ./Project_Settings/Startup_Code/system_S32K144.o
 .debug_macro   0x00000000       0x6a ./Project_Settings/Startup_Code/system_S32K144.o
 .debug_macro   0x00000000      0x1df ./Project_Settings/Startup_Code/system_S32K144.o
 .debug_macro   0x00000000      0xb86 ./Project_Settings/Startup_Code/system_S32K144.o
 .debug_macro   0x00000000       0x22 ./Project_Settings/Startup_Code/system_S32K144.o
 .group         0x00000000        0x8 ./src/CLOCK.o
 .group         0x00000000        0x8 ./src/CLOCK.o
 .group         0x00000000        0x8 ./src/CLOCK.o
 .group         0x00000000        0x8 ./src/CLOCK.o
 .group         0x00000000        0x8 ./src/CLOCK.o
 .group         0x00000000        0x8 ./src/CLOCK.o
 .group         0x00000000        0x8 ./src/CLOCK.o
 .group         0x00000000        0x8 ./src/CLOCK.o
 .text          0x00000000        0x0 ./src/CLOCK.o
 .data          0x00000000        0x0 ./src/CLOCK.o
 .bss           0x00000000        0x0 ./src/CLOCK.o
 .text.SOSC_Init_8MHz
                0x00000000       0x8c ./src/CLOCK.o
 .text.SPLL_Config_16MHz
                0x00000000       0xa4 ./src/CLOCK.o
 .debug_info    0x00000000      0x268 ./src/CLOCK.o
 .debug_abbrev  0x00000000       0xae ./src/CLOCK.o
 .debug_aranges
                0x00000000       0x28 ./src/CLOCK.o
 .debug_ranges  0x00000000       0x18 ./src/CLOCK.o
 .debug_macro   0x00000000       0x7c ./src/CLOCK.o
 .debug_macro   0x00000000      0x8d4 ./src/CLOCK.o
 .debug_macro   0x00000000       0x22 ./src/CLOCK.o
 .debug_macro   0x00000000       0x87 ./src/CLOCK.o
 .debug_macro   0x00000000       0x51 ./src/CLOCK.o
 .debug_macro   0x00000000       0xef ./src/CLOCK.o
 .debug_macro   0x00000000       0x6a ./src/CLOCK.o
 .debug_macro   0x00000000      0x1df ./src/CLOCK.o
 .debug_macro   0x00000000      0x10c ./src/CLOCK.o
 .debug_line    0x00000000      0x286 ./src/CLOCK.o
 .debug_str     0x00000000     0x3b20 ./src/CLOCK.o
 .comment       0x00000000       0xa1 ./src/CLOCK.o
 .debug_frame   0x00000000       0x50 ./src/CLOCK.o
 .ARM.attributes
                0x00000000       0x33 ./src/CLOCK.o
 .group         0x00000000        0x8 ./src/FTM.o
 .group         0x00000000        0x8 ./src/FTM.o
 .group         0x00000000        0x8 ./src/FTM.o
 .group         0x00000000        0x8 ./src/FTM.o
 .group         0x00000000        0x8 ./src/FTM.o
 .group         0x00000000        0x8 ./src/FTM.o
 .group         0x00000000        0x8 ./src/FTM.o
 .group         0x00000000        0x8 ./src/FTM.o
 .text          0x00000000        0x0 ./src/FTM.o
 .data          0x00000000        0x0 ./src/FTM.o
 .bss           0x00000000        0x0 ./src/FTM.o
 .debug_macro   0x00000000      0x8d4 ./src/FTM.o
 .debug_macro   0x00000000       0x22 ./src/FTM.o
 .debug_macro   0x00000000       0x87 ./src/FTM.o
 .debug_macro   0x00000000       0x51 ./src/FTM.o
 .debug_macro   0x00000000       0xef ./src/FTM.o
 .debug_macro   0x00000000       0x6a ./src/FTM.o
 .debug_macro   0x00000000      0x1df ./src/FTM.o
 .debug_macro   0x00000000      0x10c ./src/FTM.o
 .group         0x00000000        0x8 ./src/GPIO.o
 .group         0x00000000        0x8 ./src/GPIO.o
 .group         0x00000000        0x8 ./src/GPIO.o
 .group         0x00000000        0x8 ./src/GPIO.o
 .group         0x00000000        0x8 ./src/GPIO.o
 .group         0x00000000        0x8 ./src/GPIO.o
 .group         0x00000000        0x8 ./src/GPIO.o
 .group         0x00000000        0x8 ./src/GPIO.o
 .text          0x00000000        0x0 ./src/GPIO.o
 .data          0x00000000        0x0 ./src/GPIO.o
 .bss           0x00000000        0x0 ./src/GPIO.o
 .text.Button_Init
                0x00000000       0xac ./src/GPIO.o
 .text.Led_Init
                0x00000000       0x7c ./src/GPIO.o
 .debug_info    0x00000000      0x29c ./src/GPIO.o
 .debug_abbrev  0x00000000       0x96 ./src/GPIO.o
 .debug_aranges
                0x00000000       0x28 ./src/GPIO.o
 .debug_ranges  0x00000000       0x18 ./src/GPIO.o
 .debug_macro   0x00000000       0x7c ./src/GPIO.o
 .debug_macro   0x00000000      0x8d4 ./src/GPIO.o
 .debug_macro   0x00000000       0x22 ./src/GPIO.o
 .debug_macro   0x00000000       0x87 ./src/GPIO.o
 .debug_macro   0x00000000       0x51 ./src/GPIO.o
 .debug_macro   0x00000000       0xef ./src/GPIO.o
 .debug_macro   0x00000000       0x6a ./src/GPIO.o
 .debug_macro   0x00000000      0x1df ./src/GPIO.o
 .debug_macro   0x00000000      0x10c ./src/GPIO.o
 .debug_line    0x00000000      0x264 ./src/GPIO.o
 .debug_str     0x00000000     0x3b1d ./src/GPIO.o
 .comment       0x00000000       0xa1 ./src/GPIO.o
 .debug_frame   0x00000000       0x50 ./src/GPIO.o
 .ARM.attributes
                0x00000000       0x33 ./src/GPIO.o
 .group         0x00000000        0x8 ./src/LPIT.o
 .group         0x00000000        0x8 ./src/LPIT.o
 .group         0x00000000        0x8 ./src/LPIT.o
 .group         0x00000000        0x8 ./src/LPIT.o
 .group         0x00000000        0x8 ./src/LPIT.o
 .group         0x00000000        0x8 ./src/LPIT.o
 .group         0x00000000        0x8 ./src/LPIT.o
 .group         0x00000000        0x8 ./src/LPIT.o
 .text          0x00000000        0x0 ./src/LPIT.o
 .data          0x00000000        0x0 ./src/LPIT.o
 .bss           0x00000000        0x0 ./src/LPIT.o
 .text.LPIT_Init
                0x00000000       0xbc ./src/LPIT.o
 .debug_info    0x00000000      0x4ca ./src/LPIT.o
 .debug_abbrev  0x00000000       0xbb ./src/LPIT.o
 .debug_aranges
                0x00000000       0x20 ./src/LPIT.o
 .debug_ranges  0x00000000       0x10 ./src/LPIT.o
 .debug_macro   0x00000000       0x7c ./src/LPIT.o
 .debug_macro   0x00000000      0x8d4 ./src/LPIT.o
 .debug_macro   0x00000000       0x22 ./src/LPIT.o
 .debug_macro   0x00000000       0x87 ./src/LPIT.o
 .debug_macro   0x00000000       0x51 ./src/LPIT.o
 .debug_macro   0x00000000       0xef ./src/LPIT.o
 .debug_macro   0x00000000       0x6a ./src/LPIT.o
 .debug_macro   0x00000000      0x1df ./src/LPIT.o
 .debug_macro   0x00000000      0x10c ./src/LPIT.o
 .debug_line    0x00000000      0x24e ./src/LPIT.o
 .debug_str     0x00000000     0x3c44 ./src/LPIT.o
 .comment       0x00000000       0xa1 ./src/LPIT.o
 .debug_frame   0x00000000       0x30 ./src/LPIT.o
 .ARM.attributes
                0x00000000       0x33 ./src/LPIT.o
 .group         0x00000000        0x8 ./src/LPUART.o
 .group         0x00000000        0x8 ./src/LPUART.o
 .group         0x00000000        0x8 ./src/LPUART.o
 .group         0x00000000        0x8 ./src/LPUART.o
 .group         0x00000000        0x8 ./src/LPUART.o
 .group         0x00000000        0x8 ./src/LPUART.o
 .group         0x00000000        0x8 ./src/LPUART.o
 .group         0x00000000        0x8 ./src/LPUART.o
 .text          0x00000000        0x0 ./src/LPUART.o
 .data          0x00000000        0x0 ./src/LPUART.o
 .bss           0x00000000        0x0 ./src/LPUART.o
 .text.LPUART1_Config
                0x00000000       0xc4 ./src/LPUART.o
 .text.LPUART_sent_char
                0x00000000       0x2c ./src/LPUART.o
 .text.LPUART_sent_string
                0x00000000       0x36 ./src/LPUART.o
 .debug_info    0x00000000      0x46b ./src/LPUART.o
 .debug_abbrev  0x00000000      0x125 ./src/LPUART.o
 .debug_aranges
                0x00000000       0x30 ./src/LPUART.o
 .debug_ranges  0x00000000       0x20 ./src/LPUART.o
 .debug_macro   0x00000000       0x7c ./src/LPUART.o
 .debug_macro   0x00000000      0x8d4 ./src/LPUART.o
 .debug_macro   0x00000000       0x22 ./src/LPUART.o
 .debug_macro   0x00000000       0x87 ./src/LPUART.o
 .debug_macro   0x00000000       0x51 ./src/LPUART.o
 .debug_macro   0x00000000       0xef ./src/LPUART.o
 .debug_macro   0x00000000       0x6a ./src/LPUART.o
 .debug_macro   0x00000000      0x1df ./src/LPUART.o
 .debug_macro   0x00000000      0x10c ./src/LPUART.o
 .debug_line    0x00000000      0x27d ./src/LPUART.o
 .debug_str     0x00000000     0x3c11 ./src/LPUART.o
 .comment       0x00000000       0xa1 ./src/LPUART.o
 .debug_frame   0x00000000       0x7c ./src/LPUART.o
 .ARM.attributes
                0x00000000       0x33 ./src/LPUART.o
 .group         0x00000000        0x8 ./src/main.o
 .group         0x00000000        0x8 ./src/main.o
 .group         0x00000000        0x8 ./src/main.o
 .group         0x00000000        0x8 ./src/main.o
 .group         0x00000000        0x8 ./src/main.o
 .group         0x00000000        0x8 ./src/main.o
 .group         0x00000000        0x8 ./src/main.o
 .group         0x00000000        0x8 ./src/main.o
 .group         0x00000000        0x8 ./src/main.o
 .group         0x00000000        0x8 ./src/main.o
 .group         0x00000000        0x8 ./src/main.o
 .group         0x00000000        0x8 ./src/main.o
 .group         0x00000000        0x8 ./src/main.o
 .group         0x00000000        0x8 ./src/main.o
 .group         0x00000000        0x8 ./src/main.o
 .group         0x00000000        0x8 ./src/main.o
 .group         0x00000000        0x8 ./src/main.o
 .group         0x00000000        0x8 ./src/main.o
 .group         0x00000000        0x8 ./src/main.o
 .group         0x00000000        0x8 ./src/main.o
 .group         0x00000000        0x8 ./src/main.o
 .group         0x00000000        0x8 ./src/main.o
 .group         0x00000000        0x8 ./src/main.o
 .group         0x00000000        0x8 ./src/main.o
 .group         0x00000000        0x8 ./src/main.o
 .group         0x00000000        0x8 ./src/main.o
 .group         0x00000000        0x8 ./src/main.o
 .group         0x00000000        0x8 ./src/main.o
 .group         0x00000000        0x8 ./src/main.o
 .group         0x00000000        0x8 ./src/main.o
 .text          0x00000000        0x0 ./src/main.o
 .data          0x00000000        0x0 ./src/main.o
 .bss           0x00000000        0x0 ./src/main.o
 .debug_macro   0x00000000      0x8d4 ./src/main.o
 .debug_macro   0x00000000       0x22 ./src/main.o
 .debug_macro   0x00000000       0x87 ./src/main.o
 .debug_macro   0x00000000       0x51 ./src/main.o
 .debug_macro   0x00000000       0xef ./src/main.o
 .debug_macro   0x00000000       0x6a ./src/main.o
 .debug_macro   0x00000000      0x1df ./src/main.o
 .debug_macro   0x00000000      0x10c ./src/main.o
 .text          0x00000000        0x0 C:/NXP/S32DS_ARM_v2.2/S32DS/build_tools/gcc_v6.3/gcc-6.3-arm32-eabi/arm-none-eabi/newlib/lib/thumb/v7e-m\libc.a(lib_a-exit.o)
 .data          0x00000000        0x0 C:/NXP/S32DS_ARM_v2.2/S32DS/build_tools/gcc_v6.3/gcc-6.3-arm32-eabi/arm-none-eabi/newlib/lib/thumb/v7e-m\libc.a(lib_a-exit.o)
 .bss           0x00000000        0x0 C:/NXP/S32DS_ARM_v2.2/S32DS/build_tools/gcc_v6.3/gcc-6.3-arm32-eabi/arm-none-eabi/newlib/lib/thumb/v7e-m\libc.a(lib_a-exit.o)
 .text          0x00000000        0x0 C:/NXP/S32DS_ARM_v2.2/S32DS/build_tools/gcc_v6.3/gcc-6.3-arm32-eabi/arm-none-eabi/newlib/lib/thumb/v7e-m\libc.a(lib_a-impure.o)
 .data          0x00000000        0x0 C:/NXP/S32DS_ARM_v2.2/S32DS/build_tools/gcc_v6.3/gcc-6.3-arm32-eabi/arm-none-eabi/newlib/lib/thumb/v7e-m\libc.a(lib_a-impure.o)
 .bss           0x00000000        0x0 C:/NXP/S32DS_ARM_v2.2/S32DS/build_tools/gcc_v6.3/gcc-6.3-arm32-eabi/arm-none-eabi/newlib/lib/thumb/v7e-m\libc.a(lib_a-impure.o)
 .data._impure_ptr
                0x00000000        0x4 C:/NXP/S32DS_ARM_v2.2/S32DS/build_tools/gcc_v6.3/gcc-6.3-arm32-eabi/arm-none-eabi/newlib/lib/thumb/v7e-m\libc.a(lib_a-impure.o)
 .text          0x00000000        0x0 C:/NXP/S32DS_ARM_v2.2/S32DS/build_tools/gcc_v6.3/gcc-6.3-arm32-eabi/arm-none-eabi/newlib/lib/thumb/v7e-m\libc.a(lib_a-init.o)
 .data          0x00000000        0x0 C:/NXP/S32DS_ARM_v2.2/S32DS/build_tools/gcc_v6.3/gcc-6.3-arm32-eabi/arm-none-eabi/newlib/lib/thumb/v7e-m\libc.a(lib_a-init.o)
 .bss           0x00000000        0x0 C:/NXP/S32DS_ARM_v2.2/S32DS/build_tools/gcc_v6.3/gcc-6.3-arm32-eabi/arm-none-eabi/newlib/lib/thumb/v7e-m\libc.a(lib_a-init.o)
 .text          0x00000000        0x0 C:/NXP/S32DS_ARM_v2.2/S32DS/build_tools/gcc_v6.3/gcc-6.3-arm32-eabi/arm-none-eabi/newlib/lib/thumb/v7e-m\libc.a(lib_a-memset.o)
 .data          0x00000000        0x0 C:/NXP/S32DS_ARM_v2.2/S32DS/build_tools/gcc_v6.3/gcc-6.3-arm32-eabi/arm-none-eabi/newlib/lib/thumb/v7e-m\libc.a(lib_a-memset.o)
 .bss           0x00000000        0x0 C:/NXP/S32DS_ARM_v2.2/S32DS/build_tools/gcc_v6.3/gcc-6.3-arm32-eabi/arm-none-eabi/newlib/lib/thumb/v7e-m\libc.a(lib_a-memset.o)
 .text          0x00000000        0x0 C:/NXP/S32DS_ARM_v2.2/S32DS/build_tools/gcc_v6.3/gcc-6.3-arm32-eabi/arm-none-eabi/newlib/lib/thumb/v7e-m\libc.a(lib_a-__call_atexit.o)
 .data          0x00000000        0x0 C:/NXP/S32DS_ARM_v2.2/S32DS/build_tools/gcc_v6.3/gcc-6.3-arm32-eabi/arm-none-eabi/newlib/lib/thumb/v7e-m\libc.a(lib_a-__call_atexit.o)
 .bss           0x00000000        0x0 C:/NXP/S32DS_ARM_v2.2/S32DS/build_tools/gcc_v6.3/gcc-6.3-arm32-eabi/arm-none-eabi/newlib/lib/thumb/v7e-m\libc.a(lib_a-__call_atexit.o)
 .text          0x00000000        0x0 C:/NXP/S32DS_ARM_v2.2/S32DS/build_tools/gcc_v6.3/gcc-6.3-arm32-eabi/arm-none-eabi/newlib/lib/thumb/v7e-m\libc.a(lib_a-fini.o)
 .data          0x00000000        0x0 C:/NXP/S32DS_ARM_v2.2/S32DS/build_tools/gcc_v6.3/gcc-6.3-arm32-eabi/arm-none-eabi/newlib/lib/thumb/v7e-m\libc.a(lib_a-fini.o)
 .bss           0x00000000        0x0 C:/NXP/S32DS_ARM_v2.2/S32DS/build_tools/gcc_v6.3/gcc-6.3-arm32-eabi/arm-none-eabi/newlib/lib/thumb/v7e-m\libc.a(lib_a-fini.o)
 .text          0x00000000        0x0 C:/NXP/S32DS_ARM_v2.2/S32DS/build_tools/gcc_v6.3/gcc-6.3-arm32-eabi/arm-none-eabi/newlib/lib/thumb/v7e-m\libc.a(lib_a-atexit.o)
 .data          0x00000000        0x0 C:/NXP/S32DS_ARM_v2.2/S32DS/build_tools/gcc_v6.3/gcc-6.3-arm32-eabi/arm-none-eabi/newlib/lib/thumb/v7e-m\libc.a(lib_a-atexit.o)
 .bss           0x00000000        0x0 C:/NXP/S32DS_ARM_v2.2/S32DS/build_tools/gcc_v6.3/gcc-6.3-arm32-eabi/arm-none-eabi/newlib/lib/thumb/v7e-m\libc.a(lib_a-atexit.o)
 .text          0x00000000        0x0 C:/NXP/S32DS_ARM_v2.2/S32DS/build_tools/gcc_v6.3/gcc-6.3-arm32-eabi/arm-none-eabi/newlib/lib/thumb/v7e-m\libc.a(lib_a-__atexit.o)
 .data          0x00000000        0x0 C:/NXP/S32DS_ARM_v2.2/S32DS/build_tools/gcc_v6.3/gcc-6.3-arm32-eabi/arm-none-eabi/newlib/lib/thumb/v7e-m\libc.a(lib_a-__atexit.o)
 .bss           0x00000000        0x0 C:/NXP/S32DS_ARM_v2.2/S32DS/build_tools/gcc_v6.3/gcc-6.3-arm32-eabi/arm-none-eabi/newlib/lib/thumb/v7e-m\libc.a(lib_a-__atexit.o)
 .text          0x00000000        0x0 C:/NXP/S32DS_ARM_v2.2/S32DS/build_tools/gcc_v6.3/gcc-6.3-arm32-eabi/arm-none-eabi/newlib/lib/thumb/v7e-m\libnosys.a(_exit.o)
 .data          0x00000000        0x0 C:/NXP/S32DS_ARM_v2.2/S32DS/build_tools/gcc_v6.3/gcc-6.3-arm32-eabi/arm-none-eabi/newlib/lib/thumb/v7e-m\libnosys.a(_exit.o)
 .bss           0x00000000        0x0 C:/NXP/S32DS_ARM_v2.2/S32DS/build_tools/gcc_v6.3/gcc-6.3-arm32-eabi/arm-none-eabi/newlib/lib/thumb/v7e-m\libnosys.a(_exit.o)
 .text          0x00000000        0x0 c:/nxp/s32ds_arm_v2.2/s32ds/build_tools/gcc_v6.3/gcc-6.3-arm32-eabi/bin/../lib/gcc/arm-none-eabi/6.3.1/thumb/v7e-m/crtend.o
 .data          0x00000000        0x0 c:/nxp/s32ds_arm_v2.2/s32ds/build_tools/gcc_v6.3/gcc-6.3-arm32-eabi/bin/../lib/gcc/arm-none-eabi/6.3.1/thumb/v7e-m/crtend.o
 .bss           0x00000000        0x0 c:/nxp/s32ds_arm_v2.2/s32ds/build_tools/gcc_v6.3/gcc-6.3-arm32-eabi/bin/../lib/gcc/arm-none-eabi/6.3.1/thumb/v7e-m/crtend.o
 .eh_frame      0x00000000        0x4 c:/nxp/s32ds_arm_v2.2/s32ds/build_tools/gcc_v6.3/gcc-6.3-arm32-eabi/bin/../lib/gcc/arm-none-eabi/6.3.1/thumb/v7e-m/crtend.o
 .text          0x00000000        0x0 c:/nxp/s32ds_arm_v2.2/s32ds/build_tools/gcc_v6.3/gcc-6.3-arm32-eabi/bin/../lib/gcc/arm-none-eabi/6.3.1/thumb/v7e-m/crtn.o
 .data          0x00000000        0x0 c:/nxp/s32ds_arm_v2.2/s32ds/build_tools/gcc_v6.3/gcc-6.3-arm32-eabi/bin/../lib/gcc/arm-none-eabi/6.3.1/thumb/v7e-m/crtn.o
 .bss           0x00000000        0x0 c:/nxp/s32ds_arm_v2.2/s32ds/build_tools/gcc_v6.3/gcc-6.3-arm32-eabi/bin/../lib/gcc/arm-none-eabi/6.3.1/thumb/v7e-m/crtn.o

Memory Configuration

Name             Origin             Length             Attributes
m_interrupts     0x1fff8000         0x00000400         xr
m_text           0x1fff8400         0x00007c00         xr
m_data           0x20000000         0x00007000         rw
*default*        0x00000000         0xffffffff

Linker script and memory map

LOAD c:/nxp/s32ds_arm_v2.2/s32ds/build_tools/gcc_v6.3/gcc-6.3-arm32-eabi/bin/../lib/gcc/arm-none-eabi/6.3.1/thumb/v7e-m/crti.o
LOAD c:/nxp/s32ds_arm_v2.2/s32ds/build_tools/gcc_v6.3/gcc-6.3-arm32-eabi/bin/../lib/gcc/arm-none-eabi/6.3.1/thumb/v7e-m/crtbegin.o
LOAD C:/NXP/S32DS_ARM_v2.2/S32DS/build_tools/gcc_v6.3/gcc-6.3-arm32-eabi/arm-none-eabi/newlib/lib/thumb/v7e-m/crt0.o
LOAD ./Project_Settings/Startup_Code/startup.o
LOAD ./Project_Settings/Startup_Code/startup_S32K144.o
LOAD ./Project_Settings/Startup_Code/system_S32K144.o
LOAD ./src/CLOCK.o
LOAD ./src/FTM.o
LOAD ./src/GPIO.o
LOAD ./src/LPIT.o
LOAD ./src/LPUART.o
LOAD ./src/main.o
START GROUP
LOAD c:/nxp/s32ds_arm_v2.2/s32ds/build_tools/gcc_v6.3/gcc-6.3-arm32-eabi/bin/../lib/gcc/arm-none-eabi/6.3.1/thumb/v7e-m\libgcc.a
LOAD C:/NXP/S32DS_ARM_v2.2/S32DS/build_tools/gcc_v6.3/gcc-6.3-arm32-eabi/arm-none-eabi/newlib/lib/thumb/v7e-m\libc.a
END GROUP
START GROUP
LOAD c:/nxp/s32ds_arm_v2.2/s32ds/build_tools/gcc_v6.3/gcc-6.3-arm32-eabi/bin/../lib/gcc/arm-none-eabi/6.3.1/thumb/v7e-m\libgcc.a
LOAD C:/NXP/S32DS_ARM_v2.2/S32DS/build_tools/gcc_v6.3/gcc-6.3-arm32-eabi/arm-none-eabi/newlib/lib/thumb/v7e-m\libc.a
LOAD C:/NXP/S32DS_ARM_v2.2/S32DS/build_tools/gcc_v6.3/gcc-6.3-arm32-eabi/arm-none-eabi/newlib/lib/thumb/v7e-m\libnosys.a
END GROUP
LOAD c:/nxp/s32ds_arm_v2.2/s32ds/build_tools/gcc_v6.3/gcc-6.3-arm32-eabi/bin/../lib/gcc/arm-none-eabi/6.3.1/thumb/v7e-m/crtend.o
LOAD c:/nxp/s32ds_arm_v2.2/s32ds/build_tools/gcc_v6.3/gcc-6.3-arm32-eabi/bin/../lib/gcc/arm-none-eabi/6.3.1/thumb/v7e-m/crtn.o
                0x00000400                HEAP_SIZE = DEFINED (__heap_size__)?__heap_size__:0x400
                0x00000400                STACK_SIZE = DEFINED (__stack_size__)?__stack_size__:0x400

.interrupts     0x1fff8000      0x400
                0x1fff8000                __VECTOR_TABLE = .
                0x1fff8000                __interrupts_start__ = .
                0x1fff8000                . = ALIGN (0x4)
 *(.isr_vector)
 .isr_vector    0x1fff8000      0x400 ./Project_Settings/Startup_Code/startup_S32K144.o
                0x1fff8000                __isr_vector
                0x1fff8400                __interrupts_end__ = .
                0x1fff8400                . = ALIGN (0x4)
                0x1fff8000                __VECTOR_RAM = __VECTOR_TABLE
                0x00000000                __RAM_VECTOR_TABLE_SIZE = 0x0

.text           0x1fff8400      0x5e8
                0x1fff8400                . = ALIGN (0x4)
 *(.text)
 .text          0x1fff8400       0xa4 c:/nxp/s32ds_arm_v2.2/s32ds/build_tools/gcc_v6.3/gcc-6.3-arm32-eabi/bin/../lib/gcc/arm-none-eabi/6.3.1/thumb/v7e-m/crtbegin.o
 .text          0x1fff84a4       0x74 C:/NXP/S32DS_ARM_v2.2/S32DS/build_tools/gcc_v6.3/gcc-6.3-arm32-eabi/arm-none-eabi/newlib/lib/thumb/v7e-m/crt0.o
                0x1fff84a4                _start
                0x1fff84a4                _mainCRTStartup
 .text          0x1fff8518       0x4c ./Project_Settings/Startup_Code/startup_S32K144.o
                0x1fff8518                Reset_Handler
                0x1fff8560                DebugMon_Handler
                0x1fff8560                Reserved88_IRQHandler
                0x1fff8560                CAN0_ORed_IRQHandler
                0x1fff8560                HardFault_Handler
                0x1fff8560                Reserved86_IRQHandler
                0x1fff8560                Reserved103_IRQHandler
                0x1fff8560                SysTick_Handler
                0x1fff8560                FTM2_Ovf_Reload_IRQHandler
                0x1fff8560                Reserved50_IRQHandler
                0x1fff8560                FTFC_Fault_IRQHandler
                0x1fff8560                FTM0_Ch6_Ch7_IRQHandler
                0x1fff8560                Reserved114_IRQHandler
                0x1fff8560                PendSV_Handler
                0x1fff8560                NMI_Handler
                0x1fff8560                Reserved89_IRQHandler
                0x1fff8560                ERM_double_fault_IRQHandler
                0x1fff8560                DMA2_IRQHandler
                0x1fff8560                Reserved59_IRQHandler
                0x1fff8560                LPIT0_Ch0_IRQHandler
                0x1fff8560                Reserved99_IRQHandler
                0x1fff8560                FTM3_Ch6_Ch7_IRQHandler
                0x1fff8560                CAN2_ORed_0_15_MB_IRQHandler
                0x1fff8560                LPIT0_Ch3_IRQHandler
                0x1fff8560                Reserved92_IRQHandler
                0x1fff8560                FTM0_Ch4_Ch5_IRQHandler
                0x1fff8560                CAN1_Error_IRQHandler
                0x1fff8560                FTM3_Ch0_Ch1_IRQHandler
                0x1fff8560                SWI_IRQHandler
                0x1fff8560                ADC0_IRQHandler
                0x1fff8560                FTM2_Ch4_Ch5_IRQHandler
                0x1fff8560                UsageFault_Handler
                0x1fff8560                FTM0_Ovf_Reload_IRQHandler
                0x1fff8560                DefaultISR
                0x1fff8560                DMA9_IRQHandler
                0x1fff8560                Reserved58_IRQHandler
                0x1fff8560                CAN1_ORed_0_15_MB_IRQHandler
                0x1fff8560                FTM1_Ch2_Ch3_IRQHandler
                0x1fff8560                DMA14_IRQHandler
                0x1fff8560                Reserved82_IRQHandler
                0x1fff8560                CAN0_ORed_16_31_MB_IRQHandler
                0x1fff8560                LPI2C0_Slave_IRQHandler
                0x1fff8560                Reserved71_IRQHandler
                0x1fff8560                PORTD_IRQHandler
                0x1fff8560                Reserved69_IRQHandler
                0x1fff8560                PORTB_IRQHandler
                0x1fff8560                Reserved70_IRQHandler
                0x1fff8560                ADC1_IRQHandler
                0x1fff8560                FTM2_Ch2_Ch3_IRQHandler
                0x1fff8560                Reserved53_IRQHandler
                0x1fff8560                DMA5_IRQHandler
                0x1fff8560                RTC_IRQHandler
                0x1fff8560                PDB0_IRQHandler
                0x1fff8560                Reserved54_IRQHandler
                0x1fff8560                FTM2_Ch6_Ch7_IRQHandler
                0x1fff8560                FTM3_Ch2_Ch3_IRQHandler
                0x1fff8560                FTM2_Ch0_Ch1_IRQHandler
                0x1fff8560                LPSPI1_IRQHandler
                0x1fff8560                LPUART1_RxTx_IRQHandler
                0x1fff8560                RTC_Seconds_IRQHandler
                0x1fff8560                CAN2_ORed_IRQHandler
                0x1fff8560                Reserved72_IRQHandler
                0x1fff8560                Reserved110_IRQHandler
                0x1fff8560                DMA11_IRQHandler
                0x1fff8560                Reserved107_IRQHandler
                0x1fff8560                Read_Collision_IRQHandler
                0x1fff8560                CAN2_Error_IRQHandler
                0x1fff8560                FTFC_IRQHandler
                0x1fff8560                DMA7_IRQHandler
                0x1fff8560                FTM1_Ch6_Ch7_IRQHandler
                0x1fff8560                Reserved105_IRQHandler
                0x1fff8560                LPIT0_Ch1_IRQHandler
                0x1fff8560                FTM1_Ch4_Ch5_IRQHandler
                0x1fff8560                FTM3_Ovf_Reload_IRQHandler
                0x1fff8560                LPUART2_RxTx_IRQHandler
                0x1fff8560                LPSPI0_IRQHandler
                0x1fff8560                WDOG_EWM_IRQHandler
                0x1fff8560                MemManage_Handler
                0x1fff8560                Reserved90_IRQHandler
                0x1fff8560                Reserved83_IRQHandler
                0x1fff8560                FTM0_Fault_IRQHandler
                0x1fff8560                Reserved48_IRQHandler
                0x1fff8560                SVC_Handler
                0x1fff8560                ERM_single_fault_IRQHandler
                0x1fff8560                FTM2_Fault_IRQHandler
                0x1fff8560                FTM0_Ch2_Ch3_IRQHandler
                0x1fff8560                DMA13_IRQHandler
                0x1fff8560                FTM0_Ch0_Ch1_IRQHandler
                0x1fff8560                FTM3_Fault_IRQHandler
                0x1fff8560                RCM_IRQHandler
                0x1fff8560                DMA3_IRQHandler
                0x1fff8560                Reserved100_IRQHandler
                0x1fff8560                DMA0_IRQHandler
                0x1fff8560                Reserved91_IRQHandler
                0x1fff8560                CAN1_ORed_IRQHandler
                0x1fff8560                DMA15_IRQHandler
                0x1fff8560                SCG_IRQHandler
                0x1fff8560                PDB1_IRQHandler
                0x1fff8560                Reserved81_IRQHandler
                0x1fff8560                Reserved46_IRQHandler
                0x1fff8560                Reserved45_IRQHandler
                0x1fff8560                CAN0_Error_IRQHandler
                0x1fff8560                Reserved112_IRQHandler
                0x1fff8560                LPI2C0_Master_IRQHandler
                0x1fff8560                DMA4_IRQHandler
                0x1fff8560                FTM1_Fault_IRQHandler
                0x1fff8560                Reserved106_IRQHandler
                0x1fff8560                DMA_Error_IRQHandler
                0x1fff8560                LVD_LVW_IRQHandler
                0x1fff8560                LPIT0_Ch2_IRQHandler
                0x1fff8560                PORTA_IRQHandler
                0x1fff8560                MCM_IRQHandler
                0x1fff8560                LPSPI2_IRQHandler
                0x1fff8560                DMA12_IRQHandler
                0x1fff8560                FTM3_Ch4_Ch5_IRQHandler
                0x1fff8560                CAN0_ORed_0_15_MB_IRQHandler
                0x1fff8560                PORTE_IRQHandler
                0x1fff8560                LPUART0_RxTx_IRQHandler
                0x1fff8560                LPTMR0_IRQHandler
                0x1fff8560                BusFault_Handler
                0x1fff8560                Reserved87_IRQHandler
                0x1fff8560                FTM1_Ovf_Reload_IRQHandler
                0x1fff8560                DMA8_IRQHandler
                0x1fff8560                Reserved93_IRQHandler
                0x1fff8560                DMA10_IRQHandler
                0x1fff8560                CAN0_Wake_Up_IRQHandler
                0x1fff8560                CMP0_IRQHandler
                0x1fff8560                Reserved52_IRQHandler
                0x1fff8560                PORTC_IRQHandler
                0x1fff8560                DMA6_IRQHandler
                0x1fff8560                FTM1_Ch0_Ch1_IRQHandler
                0x1fff8560                FLEXIO_IRQHandler
                0x1fff8560                DMA1_IRQHandler
                0x1fff8560                Reserved113_IRQHandler
 *(.text*)
 .text.init_data_bss
                0x1fff8564      0x128 ./Project_Settings/Startup_Code/startup.o
                0x1fff8564                init_data_bss
 .text.SystemInit
                0x1fff868c       0x30 ./Project_Settings/Startup_Code/system_S32K144.o
                0x1fff868c                SystemInit
 .text.PORT_init
                0x1fff86bc       0x38 ./src/FTM.o
                0x1fff86bc                PORT_init
 .text.FTM_Config
                0x1fff86f4       0x64 ./src/FTM.o
                0x1fff86f4                FTM_Config
 .text.FTM0_CH1_PWM_init
                0x1fff8758       0x3c ./src/FTM.o
                0x1fff8758                FTM0_CH1_PWM_init
 .text.main     0x1fff8794       0x12 ./src/main.o
                0x1fff8794                main
 *fill*         0x1fff87a6        0x2 
 .text.exit     0x1fff87a8       0x20 C:/NXP/S32DS_ARM_v2.2/S32DS/build_tools/gcc_v6.3/gcc-6.3-arm32-eabi/arm-none-eabi/newlib/lib/thumb/v7e-m\libc.a(lib_a-exit.o)
                0x1fff87a8                exit
 .text.__libc_init_array
                0x1fff87c8       0x48 C:/NXP/S32DS_ARM_v2.2/S32DS/build_tools/gcc_v6.3/gcc-6.3-arm32-eabi/arm-none-eabi/newlib/lib/thumb/v7e-m\libc.a(lib_a-init.o)
                0x1fff87c8                __libc_init_array
 .text.memset   0x1fff8810       0x10 C:/NXP/S32DS_ARM_v2.2/S32DS/build_tools/gcc_v6.3/gcc-6.3-arm32-eabi/arm-none-eabi/newlib/lib/thumb/v7e-m\libc.a(lib_a-memset.o)
                0x1fff8810                memset
 .text.startup.register_fini
                0x1fff8820       0x14 C:/NXP/S32DS_ARM_v2.2/S32DS/build_tools/gcc_v6.3/gcc-6.3-arm32-eabi/arm-none-eabi/newlib/lib/thumb/v7e-m\libc.a(lib_a-__call_atexit.o)
 .text.__call_exitprocs
                0x1fff8834       0xc8 C:/NXP/S32DS_ARM_v2.2/S32DS/build_tools/gcc_v6.3/gcc-6.3-arm32-eabi/arm-none-eabi/newlib/lib/thumb/v7e-m\libc.a(lib_a-__call_atexit.o)
                0x1fff8834                __call_exitprocs
 .text.__libc_fini_array
                0x1fff88fc       0x28 C:/NXP/S32DS_ARM_v2.2/S32DS/build_tools/gcc_v6.3/gcc-6.3-arm32-eabi/arm-none-eabi/newlib/lib/thumb/v7e-m\libc.a(lib_a-fini.o)
                0x1fff88fc                __libc_fini_array
 .text.atexit   0x1fff8924        0xc C:/NXP/S32DS_ARM_v2.2/S32DS/build_tools/gcc_v6.3/gcc-6.3-arm32-eabi/arm-none-eabi/newlib/lib/thumb/v7e-m\libc.a(lib_a-atexit.o)
                0x1fff8924                atexit
 .text.__register_exitproc
                0x1fff8930       0x98 C:/NXP/S32DS_ARM_v2.2/S32DS/build_tools/gcc_v6.3/gcc-6.3-arm32-eabi/arm-none-eabi/newlib/lib/thumb/v7e-m\libc.a(lib_a-__atexit.o)
                0x1fff8930                __register_exitproc
 .text._exit    0x1fff89c8        0x2 C:/NXP/S32DS_ARM_v2.2/S32DS/build_tools/gcc_v6.3/gcc-6.3-arm32-eabi/arm-none-eabi/newlib/lib/thumb/v7e-m\libnosys.a(_exit.o)
                0x1fff89c8                _exit
 *(.rodata)
 *(.rodata*)
 *fill*         0x1fff89ca        0x2 
 .rodata._global_impure_ptr
                0x1fff89cc        0x4 C:/NXP/S32DS_ARM_v2.2/S32DS/build_tools/gcc_v6.3/gcc-6.3-arm32-eabi/arm-none-eabi/newlib/lib/thumb/v7e-m\libc.a(lib_a-impure.o)
                0x1fff89cc                _global_impure_ptr
 *(.glue_7)
 .glue_7        0x1fff89d0        0x0 linker stubs
 *(.glue_7t)
 .glue_7t       0x1fff89d0        0x0 linker stubs
 *(.eh_frame)
 .eh_frame      0x1fff89d0        0x0 c:/nxp/s32ds_arm_v2.2/s32ds/build_tools/gcc_v6.3/gcc-6.3-arm32-eabi/bin/../lib/gcc/arm-none-eabi/6.3.1/thumb/v7e-m/crtbegin.o
 *(.init)
 .init          0x1fff89d0        0x4 c:/nxp/s32ds_arm_v2.2/s32ds/build_tools/gcc_v6.3/gcc-6.3-arm32-eabi/bin/../lib/gcc/arm-none-eabi/6.3.1/thumb/v7e-m/crti.o
                0x1fff89d0                _init
 .init          0x1fff89d4        0x8 c:/nxp/s32ds_arm_v2.2/s32ds/build_tools/gcc_v6.3/gcc-6.3-arm32-eabi/bin/../lib/gcc/arm-none-eabi/6.3.1/thumb/v7e-m/crtn.o
 *(.fini)
 .fini          0x1fff89dc        0x4 c:/nxp/s32ds_arm_v2.2/s32ds/build_tools/gcc_v6.3/gcc-6.3-arm32-eabi/bin/../lib/gcc/arm-none-eabi/6.3.1/thumb/v7e-m/crti.o
                0x1fff89dc                _fini
 .fini          0x1fff89e0        0x8 c:/nxp/s32ds_arm_v2.2/s32ds/build_tools/gcc_v6.3/gcc-6.3-arm32-eabi/bin/../lib/gcc/arm-none-eabi/6.3.1/thumb/v7e-m/crtn.o
                0x1fff89e8                . = ALIGN (0x4)

.vfp11_veneer   0x1fff89e8        0x0
 .vfp11_veneer  0x1fff89e8        0x0 linker stubs

.v4_bx          0x1fff89e8        0x0
 .v4_bx         0x1fff89e8        0x0 linker stubs

.iplt           0x1fff89e8        0x0
 .iplt          0x1fff89e8        0x0 c:/nxp/s32ds_arm_v2.2/s32ds/build_tools/gcc_v6.3/gcc-6.3-arm32-eabi/bin/../lib/gcc/arm-none-eabi/6.3.1/thumb/v7e-m/crtbegin.o

.code_ram       0x1fff89e8        0x0
                0x1fff89e8                . = ALIGN (0x4)
                0x1fff89e8                __CODE_RAM = .
                0x1fff89e8                __code_ram_start__ = .
 *(.code_ram)
                0x1fff89e8                __CODE_ROM = .
                0x1fff89e8                __CODE_END = .
                0x1fff89e8                __code_ram_end__ = .
                0x1fff89e8                . = ALIGN (0x4)

.ARM.extab
 *(.ARM.extab* .gnu.linkonce.armextab.*)

.ARM            0x1fff89e8        0x8
                0x1fff89e8                __exidx_start = .
 *(.ARM.exidx*)
 .ARM.exidx     0x1fff89e8        0x8 C:/NXP/S32DS_ARM_v2.2/S32DS/build_tools/gcc_v6.3/gcc-6.3-arm32-eabi/arm-none-eabi/newlib/lib/thumb/v7e-m/crt0.o
                0x1fff89f0                __exidx_end = .

.rel.dyn        0x1fff89f0        0x0
 .rel.iplt      0x1fff89f0        0x0 c:/nxp/s32ds_arm_v2.2/s32ds/build_tools/gcc_v6.3/gcc-6.3-arm32-eabi/bin/../lib/gcc/arm-none-eabi/6.3.1/thumb/v7e-m/crtbegin.o

.ctors          0x1fff89f0        0x0
                0x1fff89f0                __CTOR_LIST__ = .
 *crtbegin.o(.ctors)
 *crtbegin?.o(.ctors)
 *(EXCLUDE_FILE(*crtend.o *crtend?.o) .ctors)
 *(SORT(.ctors.*))
 *(.ctors)
                0x1fff89f0                __CTOR_END__ = .

.dtors          0x1fff89f0        0x0
                0x1fff89f0                __DTOR_LIST__ = .
 *crtbegin.o(.dtors)
 *crtbegin?.o(.dtors)
 *(EXCLUDE_FILE(*crtend.o *crtend?.o) .dtors)
 *(SORT(.dtors.*))
 *(.dtors)
                0x1fff89f0                __DTOR_END__ = .

.preinit_array  0x1fff89f0        0x0
                0x1fff89f0                PROVIDE (__preinit_array_start, .)
 *(.preinit_array*)
                0x1fff89f0                PROVIDE (__preinit_array_end, .)

.init_array     0x1fff89f0        0x8
                0x1fff89f0                PROVIDE (__init_array_start, .)
 *(SORT(.init_array.*))
 .init_array.00000
                0x1fff89f0        0x4 C:/NXP/S32DS_ARM_v2.2/S32DS/build_tools/gcc_v6.3/gcc-6.3-arm32-eabi/arm-none-eabi/newlib/lib/thumb/v7e-m\libc.a(lib_a-__call_atexit.o)
 *(.init_array*)
 .init_array    0x1fff89f4        0x4 c:/nxp/s32ds_arm_v2.2/s32ds/build_tools/gcc_v6.3/gcc-6.3-arm32-eabi/bin/../lib/gcc/arm-none-eabi/6.3.1/thumb/v7e-m/crtbegin.o
                0x1fff89f8                PROVIDE (__init_array_end, .)

.fini_array     0x1fff89f8        0x4
                0x1fff89f8                PROVIDE (__fini_array_start, .)
 *(SORT(.fini_array.*))
 *(.fini_array*)
 .fini_array    0x1fff89f8        0x4 c:/nxp/s32ds_arm_v2.2/s32ds/build_tools/gcc_v6.3/gcc-6.3-arm32-eabi/bin/../lib/gcc/arm-none-eabi/6.3.1/thumb/v7e-m/crtbegin.o
                0x1fff89fc                PROVIDE (__fini_array_end, .)
                0x1fff89fc                __etext = .
                0x1fff89fc                __DATA_ROM = .
                0x1fff89fc                __DATA_END = __DATA_ROM

.customSectionBlock
                0x20000000        0x0
                0x20000000                __customSection_start__ = .
 *(.customSection)
                0x20000000                __customSection_end__ = .
                0x20000000                __CUSTOM_ROM = .
                0x20000000                __CUSTOM_END = .

.data           0x20000000      0x41c
                0x20000000                . = ALIGN (0x4)
                0x20000000                __DATA_RAM = .
                0x20000000                __data_start__ = .
 *(.data)
 *(.data*)
 .data.impure_data
                0x20000000      0x418 C:/NXP/S32DS_ARM_v2.2/S32DS/build_tools/gcc_v6.3/gcc-6.3-arm32-eabi/arm-none-eabi/newlib/lib/thumb/v7e-m\libc.a(lib_a-impure.o)
 *(.jcr*)
 .jcr           0x20000418        0x0 c:/nxp/s32ds_arm_v2.2/s32ds/build_tools/gcc_v6.3/gcc-6.3-arm32-eabi/bin/../lib/gcc/arm-none-eabi/6.3.1/thumb/v7e-m/crtbegin.o
 .jcr           0x20000418        0x4 c:/nxp/s32ds_arm_v2.2/s32ds/build_tools/gcc_v6.3/gcc-6.3-arm32-eabi/bin/../lib/gcc/arm-none-eabi/6.3.1/thumb/v7e-m/crtend.o
                0x2000041c                . = ALIGN (0x4)
                0x2000041c                __data_end__ = .

.tm_clone_table
                0x2000041c        0x0
 .tm_clone_table
                0x2000041c        0x0 c:/nxp/s32ds_arm_v2.2/s32ds/build_tools/gcc_v6.3/gcc-6.3-arm32-eabi/bin/../lib/gcc/arm-none-eabi/6.3.1/thumb/v7e-m/crtbegin.o
 .tm_clone_table
                0x2000041c        0x0 c:/nxp/s32ds_arm_v2.2/s32ds/build_tools/gcc_v6.3/gcc-6.3-arm32-eabi/bin/../lib/gcc/arm-none-eabi/6.3.1/thumb/v7e-m/crtend.o

.igot.plt       0x2000041c        0x0
 .igot.plt      0x2000041c        0x0 c:/nxp/s32ds_arm_v2.2/s32ds/build_tools/gcc_v6.3/gcc-6.3-arm32-eabi/bin/../lib/gcc/arm-none-eabi/6.3.1/thumb/v7e-m/crtbegin.o

.bss            0x2000041c       0x1c
                0x2000041c                . = ALIGN (0x4)
                0x2000041c                __BSS_START = .
                0x2000041c                __bss_start__ = .
 *(.bss)
 .bss           0x2000041c       0x1c c:/nxp/s32ds_arm_v2.2/s32ds/build_tools/gcc_v6.3/gcc-6.3-arm32-eabi/bin/../lib/gcc/arm-none-eabi/6.3.1/thumb/v7e-m/crtbegin.o
 *(.bss*)
 *(COMMON)
                0x20000438                . = ALIGN (0x4)
                0x20000438                __bss_end__ = .
                0x20000438                __BSS_END = .

.heap           0x20000438      0x400
                0x20000438                . = ALIGN (0x8)
                0x20000438                __end__ = .
                0x20000438                __heap_start__ = .
                [!provide]                PROVIDE (end, .)
                [!provide]                PROVIDE (_end, .)
                [!provide]                PROVIDE (__end, .)
                0x20000438                __HeapBase = .
                0x20000838                . = (. + HEAP_SIZE)
 *fill*         0x20000438      0x400 
                0x20000838                __HeapLimit = .
                0x20000838                __heap_limit = .
                0x20000838                __heap_end__ = .
                0x20007000                __StackTop = (ORIGIN (m_data) + LENGTH (m_data))
                0x20006c00                __StackLimit = (__StackTop - STACK_SIZE)
                0x20007000                PROVIDE (__stack, __StackTop)

.stack          0x20006c00      0x400
                0x20006c00                . = ALIGN (0x8)
                0x20006c00                __stack_start__ = .
                0x20007000                . = (. + STACK_SIZE)
 *fill*         0x20006c00      0x400 
                0x20007000                __stack_end__ = .
                0x2000041c                __START_BSS = __BSS_START
                0x20000438                __END_BSS = __BSS_END
                0x20007000                __SP_INIT = __StackTop

.ARM.attributes
                0x00000000       0x2a
 *(.ARM.attributes)
 .ARM.attributes
                0x00000000       0x1e c:/nxp/s32ds_arm_v2.2/s32ds/build_tools/gcc_v6.3/gcc-6.3-arm32-eabi/bin/../lib/gcc/arm-none-eabi/6.3.1/thumb/v7e-m/crti.o
 .ARM.attributes
                0x0000001e       0x2e c:/nxp/s32ds_arm_v2.2/s32ds/build_tools/gcc_v6.3/gcc-6.3-arm32-eabi/bin/../lib/gcc/arm-none-eabi/6.3.1/thumb/v7e-m/crtbegin.o
 .ARM.attributes
                0x0000004c       0x1c C:/NXP/S32DS_ARM_v2.2/S32DS/build_tools/gcc_v6.3/gcc-6.3-arm32-eabi/arm-none-eabi/newlib/lib/thumb/v7e-m/crt0.o
 .ARM.attributes
                0x00000068       0x33 ./Project_Settings/Startup_Code/startup.o
 .ARM.attributes
                0x0000009b       0x1b ./Project_Settings/Startup_Code/startup_S32K144.o
 .ARM.attributes
                0x000000b6       0x33 ./Project_Settings/Startup_Code/system_S32K144.o
 .ARM.attributes
                0x000000e9       0x33 ./src/FTM.o
 .ARM.attributes
                0x0000011c       0x33 ./src/main.o
 .ARM.attributes
                0x0000014f       0x2e C:/NXP/S32DS_ARM_v2.2/S32DS/build_tools/gcc_v6.3/gcc-6.3-arm32-eabi/arm-none-eabi/newlib/lib/thumb/v7e-m\libc.a(lib_a-exit.o)
 .ARM.attributes
                0x0000017d       0x2e C:/NXP/S32DS_ARM_v2.2/S32DS/build_tools/gcc_v6.3/gcc-6.3-arm32-eabi/arm-none-eabi/newlib/lib/thumb/v7e-m\libc.a(lib_a-impure.o)
 .ARM.attributes
                0x000001ab       0x2e C:/NXP/S32DS_ARM_v2.2/S32DS/build_tools/gcc_v6.3/gcc-6.3-arm32-eabi/arm-none-eabi/newlib/lib/thumb/v7e-m\libc.a(lib_a-init.o)
 .ARM.attributes
                0x000001d9       0x2e C:/NXP/S32DS_ARM_v2.2/S32DS/build_tools/gcc_v6.3/gcc-6.3-arm32-eabi/arm-none-eabi/newlib/lib/thumb/v7e-m\libc.a(lib_a-memset.o)
 .ARM.attributes
                0x00000207       0x2e C:/NXP/S32DS_ARM_v2.2/S32DS/build_tools/gcc_v6.3/gcc-6.3-arm32-eabi/arm-none-eabi/newlib/lib/thumb/v7e-m\libc.a(lib_a-__call_atexit.o)
 .ARM.attributes
                0x00000235       0x2e C:/NXP/S32DS_ARM_v2.2/S32DS/build_tools/gcc_v6.3/gcc-6.3-arm32-eabi/arm-none-eabi/newlib/lib/thumb/v7e-m\libc.a(lib_a-fini.o)
 .ARM.attributes
                0x00000263       0x2e C:/NXP/S32DS_ARM_v2.2/S32DS/build_tools/gcc_v6.3/gcc-6.3-arm32-eabi/arm-none-eabi/newlib/lib/thumb/v7e-m\libc.a(lib_a-atexit.o)
 .ARM.attributes
                0x00000291       0x2e C:/NXP/S32DS_ARM_v2.2/S32DS/build_tools/gcc_v6.3/gcc-6.3-arm32-eabi/arm-none-eabi/newlib/lib/thumb/v7e-m\libc.a(lib_a-__atexit.o)
 .ARM.attributes
                0x000002bf       0x2e C:/NXP/S32DS_ARM_v2.2/S32DS/build_tools/gcc_v6.3/gcc-6.3-arm32-eabi/arm-none-eabi/newlib/lib/thumb/v7e-m\libnosys.a(_exit.o)
 .ARM.attributes
                0x000002ed       0x2e c:/nxp/s32ds_arm_v2.2/s32ds/build_tools/gcc_v6.3/gcc-6.3-arm32-eabi/bin/../lib/gcc/arm-none-eabi/6.3.1/thumb/v7e-m/crtend.o
 .ARM.attributes
                0x0000031b       0x1e c:/nxp/s32ds_arm_v2.2/s32ds/build_tools/gcc_v6.3/gcc-6.3-arm32-eabi/bin/../lib/gcc/arm-none-eabi/6.3.1/thumb/v7e-m/crtn.o
                0x00000001                ASSERT ((__StackLimit >= __HeapLimit), region m_data overflowed with stack and heap)

/DISCARD/
 *(.FlashConfig)
OUTPUT(Task_2_Control_PWM_with_buttons.elf elf32-littlearm)

.comment        0x00000000       0xa0
 .comment       0x00000000       0xa0 c:/nxp/s32ds_arm_v2.2/s32ds/build_tools/gcc_v6.3/gcc-6.3-arm32-eabi/bin/../lib/gcc/arm-none-eabi/6.3.1/thumb/v7e-m/crtbegin.o
                                 0xa1 (size before relaxing)
 .comment       0x000000a0       0xa1 ./Project_Settings/Startup_Code/startup.o
 .comment       0x000000a0       0xa1 ./Project_Settings/Startup_Code/system_S32K144.o
 .comment       0x000000a0       0xa1 ./src/FTM.o
 .comment       0x000000a0       0xa1 ./src/main.o
 .comment       0x000000a0       0xa1 c:/nxp/s32ds_arm_v2.2/s32ds/build_tools/gcc_v6.3/gcc-6.3-arm32-eabi/bin/../lib/gcc/arm-none-eabi/6.3.1/thumb/v7e-m/crtend.o

.debug_info     0x00000000     0x16ca
 .debug_info    0x00000000      0x471 ./Project_Settings/Startup_Code/startup.o
 .debug_info    0x00000471       0x26 ./Project_Settings/Startup_Code/startup_S32K144.o
 .debug_info    0x00000497      0x522 ./Project_Settings/Startup_Code/system_S32K144.o
 .debug_info    0x000009b9      0x46c ./src/FTM.o
 .debug_info    0x00000e25      0x8a5 ./src/main.o

.debug_abbrev   0x00000000      0x458
 .debug_abbrev  0x00000000      0x108 ./Project_Settings/Startup_Code/startup.o
 .debug_abbrev  0x00000108       0x14 ./Project_Settings/Startup_Code/startup_S32K144.o
 .debug_abbrev  0x0000011c      0x125 ./Project_Settings/Startup_Code/system_S32K144.o
 .debug_abbrev  0x00000241       0xb2 ./src/FTM.o
 .debug_abbrev  0x000002f3      0x165 ./src/main.o

.debug_aranges  0x00000000       0xc0
 .debug_aranges
                0x00000000       0x20 ./Project_Settings/Startup_Code/startup.o
 .debug_aranges
                0x00000020       0x20 ./Project_Settings/Startup_Code/startup_S32K144.o
 .debug_aranges
                0x00000040       0x30 ./Project_Settings/Startup_Code/system_S32K144.o
 .debug_aranges
                0x00000070       0x30 ./src/FTM.o
 .debug_aranges
                0x000000a0       0x20 ./src/main.o

.debug_ranges   0x00000000       0x60
 .debug_ranges  0x00000000       0x10 ./Project_Settings/Startup_Code/startup.o
 .debug_ranges  0x00000010       0x20 ./Project_Settings/Startup_Code/system_S32K144.o
 .debug_ranges  0x00000030       0x20 ./src/FTM.o
 .debug_ranges  0x00000050       0x10 ./src/main.o

.debug_macro    0x00000000    0x20390
 .debug_macro   0x00000000       0xb5 ./Project_Settings/Startup_Code/startup.o
 .debug_macro   0x000000b5      0x8d4 ./Project_Settings/Startup_Code/startup.o
 .debug_macro   0x00000989       0x22 ./Project_Settings/Startup_Code/startup.o
 .debug_macro   0x000009ab       0x87 ./Project_Settings/Startup_Code/startup.o
 .debug_macro   0x00000a32       0x51 ./Project_Settings/Startup_Code/startup.o
 .debug_macro   0x00000a83       0xef ./Project_Settings/Startup_Code/startup.o
 .debug_macro   0x00000b72       0x6a ./Project_Settings/Startup_Code/startup.o
 .debug_macro   0x00000bdc      0x1df ./Project_Settings/Startup_Code/startup.o
 .debug_macro   0x00000dbb       0x10 ./Project_Settings/Startup_Code/startup.o
 .debug_macro   0x00000dcb       0x7a ./Project_Settings/Startup_Code/startup.o
 .debug_macro   0x00000e45     0xed32 ./Project_Settings/Startup_Code/startup.o
 .debug_macro   0x0000fb77      0xb86 ./Project_Settings/Startup_Code/startup.o
 .debug_macro   0x000106fd       0x22 ./Project_Settings/Startup_Code/startup.o
 .debug_macro   0x0001071f       0x40 ./Project_Settings/Startup_Code/startup.o
 .debug_macro   0x0001075f       0xb5 ./Project_Settings/Startup_Code/system_S32K144.o
 .debug_macro   0x00010814       0x19 ./Project_Settings/Startup_Code/system_S32K144.o
 .debug_macro   0x0001082d     0xed1d ./Project_Settings/Startup_Code/system_S32K144.o
 .debug_macro   0x0001f54a       0x28 ./Project_Settings/Startup_Code/system_S32K144.o
 .debug_macro   0x0001f572       0x86 ./src/FTM.o
 .debug_macro   0x0001f5f8      0x1d4 ./src/main.o
 .debug_macro   0x0001f7cc       0x52 ./src/main.o
 .debug_macro   0x0001f81e       0x3c ./src/main.o
 .debug_macro   0x0001f85a       0x9c ./src/main.o
 .debug_macro   0x0001f8f6       0x16 ./src/main.o
 .debug_macro   0x0001f90c       0x97 ./src/main.o
 .debug_macro   0x0001f9a3      0x30d ./src/main.o
 .debug_macro   0x0001fcb0       0xfd ./src/main.o
 .debug_macro   0x0001fdad       0x10 ./src/main.o
 .debug_macro   0x0001fdbd       0x52 ./src/main.o
 .debug_macro   0x0001fe0f       0x1f ./src/main.o
 .debug_macro   0x0001fe2e       0x43 ./src/main.o
 .debug_macro   0x0001fe71       0x20 ./src/main.o
 .debug_macro   0x0001fe91      0x1a3 ./src/main.o
 .debug_macro   0x00020034       0x10 ./src/main.o
 .debug_macro   0x00020044       0x1c ./src/main.o
 .debug_macro   0x00020060       0x52 ./src/main.o
 .debug_macro   0x000200b2       0x40 ./src/main.o
 .debug_macro   0x000200f2       0x10 ./src/main.o
 .debug_macro   0x00020102       0x40 ./src/main.o
 .debug_macro   0x00020142       0xd7 ./src/main.o
 .debug_macro   0x00020219       0x16 ./src/main.o
 .debug_macro   0x0002022f      0x161 ./src/main.o

.debug_line     0x00000000      0xce6
 .debug_line    0x00000000      0x331 ./Project_Settings/Startup_Code/startup.o
 .debug_line    0x00000331       0x84 ./Project_Settings/Startup_Code/startup_S32K144.o
 .debug_line    0x000003b5      0x34e ./Project_Settings/Startup_Code/system_S32K144.o
 .debug_line    0x00000703      0x279 ./src/FTM.o
 .debug_line    0x0000097c      0x36a ./src/main.o

.debug_str      0x00000000    0x6d420
 .debug_str     0x00000000    0x688ae ./Project_Settings/Startup_Code/startup.o
                              0x68adb (size before relaxing)
 .debug_str     0x000688ae       0x3f ./Project_Settings/Startup_Code/startup_S32K144.o
                                 0x7b (size before relaxing)
 .debug_str     0x000688ed      0x1f3 ./Project_Settings/Startup_Code/system_S32K144.o
                              0x688b4 (size before relaxing)
 .debug_str     0x00068ae0      0x5a3 ./src/FTM.o
                               0x3c13 (size before relaxing)
 .debug_str     0x00069083     0x439d ./src/main.o
                               0x7e91 (size before relaxing)

.debug_frame    0x00000000      0x2bc
 .debug_frame   0x00000000       0x38 ./Project_Settings/Startup_Code/startup.o
 .debug_frame   0x00000038       0x80 ./Project_Settings/Startup_Code/system_S32K144.o
 .debug_frame   0x000000b8       0x70 ./src/FTM.o
 .debug_frame   0x00000128       0x2c ./src/main.o
 .debug_frame   0x00000154       0x28 C:/NXP/S32DS_ARM_v2.2/S32DS/build_tools/gcc_v6.3/gcc-6.3-arm32-eabi/arm-none-eabi/newlib/lib/thumb/v7e-m\libc.a(lib_a-exit.o)
 .debug_frame   0x0000017c       0x2c C:/NXP/S32DS_ARM_v2.2/S32DS/build_tools/gcc_v6.3/gcc-6.3-arm32-eabi/arm-none-eabi/newlib/lib/thumb/v7e-m\libc.a(lib_a-init.o)
 .debug_frame   0x000001a8       0x20 C:/NXP/S32DS_ARM_v2.2/S32DS/build_tools/gcc_v6.3/gcc-6.3-arm32-eabi/arm-none-eabi/newlib/lib/thumb/v7e-m\libc.a(lib_a-memset.o)
 .debug_frame   0x000001c8       0x4c C:/NXP/S32DS_ARM_v2.2/S32DS/build_tools/gcc_v6.3/gcc-6.3-arm32-eabi/arm-none-eabi/newlib/lib/thumb/v7e-m\libc.a(lib_a-__call_atexit.o)
 .debug_frame   0x00000214       0x38 C:/NXP/S32DS_ARM_v2.2/S32DS/build_tools/gcc_v6.3/gcc-6.3-arm32-eabi/arm-none-eabi/newlib/lib/thumb/v7e-m\libc.a(lib_a-fini.o)
 .debug_frame   0x0000024c       0x20 C:/NXP/S32DS_ARM_v2.2/S32DS/build_tools/gcc_v6.3/gcc-6.3-arm32-eabi/arm-none-eabi/newlib/lib/thumb/v7e-m\libc.a(lib_a-atexit.o)
 .debug_frame   0x0000026c       0x30 C:/NXP/S32DS_ARM_v2.2/S32DS/build_tools/gcc_v6.3/gcc-6.3-arm32-eabi/arm-none-eabi/newlib/lib/thumb/v7e-m\libc.a(lib_a-__atexit.o)
 .debug_frame   0x0000029c       0x20 C:/NXP/S32DS_ARM_v2.2/S32DS/build_tools/gcc_v6.3/gcc-6.3-arm32-eabi/arm-none-eabi/newlib/lib/thumb/v7e-m\libnosys.a(_exit.o)
