Archive member included to satisfy reference by file (symbol)

C:/NXP/S32DS_ARM_v2.2/S32DS/build_tools/gcc_v6.3/gcc-6.3-arm32-eabi/arm-none-eabi/newlib/lib/thumb/v7e-m\libc.a(lib_a-exit.o)
                              C:/NXP/S32DS_ARM_v2.2/S32DS/build_tools/gcc_v6.3/gcc-6.3-arm32-eabi/arm-none-eabi/newlib/lib/thumb/v7e-m/crt0.o (exit)
C:/NXP/S32DS_ARM_v2.2/S32DS/build_tools/gcc_v6.3/gcc-6.3-arm32-eabi/arm-none-eabi/newlib/lib/thumb/v7e-m\libc.a(lib_a-impure.o)
                              C:/NXP/S32DS_ARM_v2.2/S32DS/build_tools/gcc_v6.3/gcc-6.3-arm32-eabi/arm-none-eabi/newlib/lib/thumb/v7e-m\libc.a(lib_a-exit.o) (_global_impure_ptr)
C:/NXP/S32DS_ARM_v2.2/S32DS/build_tools/gcc_v6.3/gcc-6.3-arm32-eabi/arm-none-eabi/newlib/lib/thumb/v7e-m\libc.a(lib_a-init.o)
                              C:/NXP/S32DS_ARM_v2.2/S32DS/build_tools/gcc_v6.3/gcc-6.3-arm32-eabi/arm-none-eabi/newlib/lib/thumb/v7e-m/crt0.o (__libc_init_array)
C:/NXP/S32DS_ARM_v2.2/S32DS/build_tools/gcc_v6.3/gcc-6.3-arm32-eabi/arm-none-eabi/newlib/lib/thumb/v7e-m\libc.a(lib_a-memset.o)
                              C:/NXP/S32DS_ARM_v2.2/S32DS/build_tools/gcc_v6.3/gcc-6.3-arm32-eabi/arm-none-eabi/newlib/lib/thumb/v7e-m/crt0.o (memset)
C:/NXP/S32DS_ARM_v2.2/S32DS/build_tools/gcc_v6.3/gcc-6.3-arm32-eabi/arm-none-eabi/newlib/lib/thumb/v7e-m\libc.a(lib_a-strcmp.o)
                              ./src/main.o (strcmp)
C:/NXP/S32DS_ARM_v2.2/S32DS/build_tools/gcc_v6.3/gcc-6.3-arm32-eabi/arm-none-eabi/newlib/lib/thumb/v7e-m\libc.a(lib_a-__call_atexit.o)
                              C:/NXP/S32DS_ARM_v2.2/S32DS/build_tools/gcc_v6.3/gcc-6.3-arm32-eabi/arm-none-eabi/newlib/lib/thumb/v7e-m\libc.a(lib_a-exit.o) (__call_exitprocs)
C:/NXP/S32DS_ARM_v2.2/S32DS/build_tools/gcc_v6.3/gcc-6.3-arm32-eabi/arm-none-eabi/newlib/lib/thumb/v7e-m\libc.a(lib_a-fini.o)
                              C:/NXP/S32DS_ARM_v2.2/S32DS/build_tools/gcc_v6.3/gcc-6.3-arm32-eabi/arm-none-eabi/newlib/lib/thumb/v7e-m\libc.a(lib_a-__call_atexit.o) (__libc_fini_array)
C:/NXP/S32DS_ARM_v2.2/S32DS/build_tools/gcc_v6.3/gcc-6.3-arm32-eabi/arm-none-eabi/newlib/lib/thumb/v7e-m\libc.a(lib_a-atexit.o)
                              C:/NXP/S32DS_ARM_v2.2/S32DS/build_tools/gcc_v6.3/gcc-6.3-arm32-eabi/arm-none-eabi/newlib/lib/thumb/v7e-m\libc.a(lib_a-__call_atexit.o) (atexit)
C:/NXP/S32DS_ARM_v2.2/S32DS/build_tools/gcc_v6.3/gcc-6.3-arm32-eabi/arm-none-eabi/newlib/lib/thumb/v7e-m\libc.a(lib_a-__atexit.o)
                              C:/NXP/S32DS_ARM_v2.2/S32DS/build_tools/gcc_v6.3/gcc-6.3-arm32-eabi/arm-none-eabi/newlib/lib/thumb/v7e-m\libc.a(lib_a-atexit.o) (__register_exitproc)
C:/NXP/S32DS_ARM_v2.2/S32DS/build_tools/gcc_v6.3/gcc-6.3-arm32-eabi/arm-none-eabi/newlib/lib/thumb/v7e-m\libnosys.a(_exit.o)
                              C:/NXP/S32DS_ARM_v2.2/S32DS/build_tools/gcc_v6.3/gcc-6.3-arm32-eabi/arm-none-eabi/newlib/lib/thumb/v7e-m\libc.a(lib_a-exit.o) (_exit)

Discarded input sections

 .text          0x00000000        0x0 c:/nxp/s32ds_arm_v2.2/s32ds/build_tools/gcc_v6.3/gcc-6.3-arm32-eabi/bin/../lib/gcc/arm-none-eabi/6.3.1/thumb/v7e-m/crti.o
 .data          0x00000000        0x0 c:/nxp/s32ds_arm_v2.2/s32ds/build_tools/gcc_v6.3/gcc-6.3-arm32-eabi/bin/../lib/gcc/arm-none-eabi/6.3.1/thumb/v7e-m/crti.o
 .bss           0x00000000        0x0 c:/nxp/s32ds_arm_v2.2/s32ds/build_tools/gcc_v6.3/gcc-6.3-arm32-eabi/bin/../lib/gcc/arm-none-eabi/6.3.1/thumb/v7e-m/crti.o
 .data          0x00000000        0x4 c:/nxp/s32ds_arm_v2.2/s32ds/build_tools/gcc_v6.3/gcc-6.3-arm32-eabi/bin/../lib/gcc/arm-none-eabi/6.3.1/thumb/v7e-m/crtbegin.o
 .data          0x00000000        0x0 C:/NXP/S32DS_ARM_v2.2/S32DS/build_tools/gcc_v6.3/gcc-6.3-arm32-eabi/arm-none-eabi/newlib/lib/thumb/v7e-m/crt0.o
 .bss           0x00000000        0x0 C:/NXP/S32DS_ARM_v2.2/S32DS/build_tools/gcc_v6.3/gcc-6.3-arm32-eabi/arm-none-eabi/newlib/lib/thumb/v7e-m/crt0.o
 .ARM.extab     0x00000000        0x0 C:/NXP/S32DS_ARM_v2.2/S32DS/build_tools/gcc_v6.3/gcc-6.3-arm32-eabi/arm-none-eabi/newlib/lib/thumb/v7e-m/crt0.o
 .group         0x00000000        0x8 ./Project_Settings/Startup_Code/startup.o
 .group         0x00000000        0x8 ./Project_Settings/Startup_Code/startup.o
 .group         0x00000000        0x8 ./Project_Settings/Startup_Code/startup.o
 .group         0x00000000        0x8 ./Project_Settings/Startup_Code/startup.o
 .group         0x00000000        0x8 ./Project_Settings/Startup_Code/startup.o
 .group         0x00000000        0x8 ./Project_Settings/Startup_Code/startup.o
 .group         0x00000000        0x8 ./Project_Settings/Startup_Code/startup.o
 .group         0x00000000        0x8 ./Project_Settings/Startup_Code/startup.o
 .group         0x00000000        0x8 ./Project_Settings/Startup_Code/startup.o
 .group         0x00000000        0x8 ./Project_Settings/Startup_Code/startup.o
 .group         0x00000000        0x8 ./Project_Settings/Startup_Code/startup.o
 .group         0x00000000        0x8 ./Project_Settings/Startup_Code/startup.o
 .group         0x00000000        0x8 ./Project_Settings/Startup_Code/startup.o
 .text          0x00000000        0x0 ./Project_Settings/Startup_Code/startup.o
 .data          0x00000000        0x0 ./Project_Settings/Startup_Code/startup.o
 .bss           0x00000000        0x0 ./Project_Settings/Startup_Code/startup.o
 .rodata.s_vectors
                0x00000000        0x4 ./Project_Settings/Startup_Code/startup.o
 .data          0x00000000        0x0 ./Project_Settings/Startup_Code/startup_S32K144.o
 .bss           0x00000000        0x0 ./Project_Settings/Startup_Code/startup_S32K144.o
 .group         0x00000000        0x8 ./Project_Settings/Startup_Code/system_S32K144.o
 .group         0x00000000        0x8 ./Project_Settings/Startup_Code/system_S32K144.o
 .group         0x00000000        0x8 ./Project_Settings/Startup_Code/system_S32K144.o
 .group         0x00000000        0x8 ./Project_Settings/Startup_Code/system_S32K144.o
 .group         0x00000000        0x8 ./Project_Settings/Startup_Code/system_S32K144.o
 .group         0x00000000        0x8 ./Project_Settings/Startup_Code/system_S32K144.o
 .group         0x00000000        0x8 ./Project_Settings/Startup_Code/system_S32K144.o
 .group         0x00000000        0x8 ./Project_Settings/Startup_Code/system_S32K144.o
 .group         0x00000000        0x8 ./Project_Settings/Startup_Code/system_S32K144.o
 .group         0x00000000        0x8 ./Project_Settings/Startup_Code/system_S32K144.o
 .group         0x00000000        0x8 ./Project_Settings/Startup_Code/system_S32K144.o
 .group         0x00000000        0x8 ./Project_Settings/Startup_Code/system_S32K144.o
 .group         0x00000000        0x8 ./Project_Settings/Startup_Code/system_S32K144.o
 .group         0x00000000        0x8 ./Project_Settings/Startup_Code/system_S32K144.o
 .text          0x00000000        0x0 ./Project_Settings/Startup_Code/system_S32K144.o
 .data          0x00000000        0x0 ./Project_Settings/Startup_Code/system_S32K144.o
 .bss           0x00000000        0x0 ./Project_Settings/Startup_Code/system_S32K144.o
 .data.SystemCoreClock
                0x00000000        0x4 ./Project_Settings/Startup_Code/system_S32K144.o
 .text.SystemCoreClockUpdate
                0x00000000       0xf0 ./Project_Settings/Startup_Code/system_S32K144.o
 .text.SystemSoftwareReset
                0x00000000       0x3e ./Project_Settings/Startup_Code/system_S32K144.o
 .rodata.fircFreq.5182
                0x00000000        0x4 ./Project_Settings/Startup_Code/system_S32K144.o
 .debug_macro   0x00000000      0x8d4 ./Project_Settings/Startup_Code/system_S32K144.o
 .debug_macro   0x00000000       0x10 ./Project_Settings/Startup_Code/system_S32K144.o
 .debug_macro   0x00000000       0x6d ./Project_Settings/Startup_Code/system_S32K144.o
 .debug_macro   0x00000000       0x22 ./Project_Settings/Startup_Code/system_S32K144.o
 .debug_macro   0x00000000       0x87 ./Project_Settings/Startup_Code/system_S32K144.o
 .debug_macro   0x00000000       0x51 ./Project_Settings/Startup_Code/system_S32K144.o
 .debug_macro   0x00000000       0xef ./Project_Settings/Startup_Code/system_S32K144.o
 .debug_macro   0x00000000       0x6a ./Project_Settings/Startup_Code/system_S32K144.o
 .debug_macro   0x00000000      0x1df ./Project_Settings/Startup_Code/system_S32K144.o
 .debug_macro   0x00000000      0xa19 ./Project_Settings/Startup_Code/system_S32K144.o
 .debug_macro   0x00000000       0x22 ./Project_Settings/Startup_Code/system_S32K144.o
 .group         0x00000000        0x8 ./src/LPIT.o
 .group         0x00000000        0x8 ./src/LPIT.o
 .group         0x00000000        0x8 ./src/LPIT.o
 .group         0x00000000        0x8 ./src/LPIT.o
 .group         0x00000000        0x8 ./src/LPIT.o
 .group         0x00000000        0x8 ./src/LPIT.o
 .group         0x00000000        0x8 ./src/LPIT.o
 .group         0x00000000        0x8 ./src/LPIT.o
 .group         0x00000000        0x8 ./src/LPIT.o
 .group         0x00000000        0x8 ./src/LPIT.o
 .group         0x00000000        0x8 ./src/LPIT.o
 .group         0x00000000        0x8 ./src/LPIT.o
 .text          0x00000000        0x0 ./src/LPIT.o
 .data          0x00000000        0x0 ./src/LPIT.o
 .bss           0x00000000        0x0 ./src/LPIT.o
 .text.LPIT_Set_Clear_Chanel
                0x00000000       0x80 ./src/LPIT.o
 .debug_macro   0x00000000      0x8d4 ./src/LPIT.o
 .debug_macro   0x00000000       0x22 ./src/LPIT.o
 .debug_macro   0x00000000       0x87 ./src/LPIT.o
 .debug_macro   0x00000000       0x51 ./src/LPIT.o
 .debug_macro   0x00000000       0xef ./src/LPIT.o
 .debug_macro   0x00000000       0x6a ./src/LPIT.o
 .debug_macro   0x00000000      0x1df ./src/LPIT.o
 .group         0x00000000        0x8 ./src/LPSPI.o
 .group         0x00000000        0x8 ./src/LPSPI.o
 .group         0x00000000        0x8 ./src/LPSPI.o
 .group         0x00000000        0x8 ./src/LPSPI.o
 .group         0x00000000        0x8 ./src/LPSPI.o
 .group         0x00000000        0x8 ./src/LPSPI.o
 .group         0x00000000        0x8 ./src/LPSPI.o
 .group         0x00000000        0x8 ./src/LPSPI.o
 .group         0x00000000        0x8 ./src/LPSPI.o
 .group         0x00000000        0x8 ./src/LPSPI.o
 .group         0x00000000        0x8 ./src/LPSPI.o
 .group         0x00000000        0x8 ./src/LPSPI.o
 .text          0x00000000        0x0 ./src/LPSPI.o
 .data          0x00000000        0x0 ./src/LPSPI.o
 .bss           0x00000000        0x0 ./src/LPSPI.o
 .data.Chanel   0x00000000        0xc ./src/LPSPI.o
 .text.Config_LPSPI_Chanel
                0x00000000      0x110 ./src/LPSPI.o
 .text.Config_LPSPI_Interrupt
                0x00000000       0xdc ./src/LPSPI.o
 .text.Enable_LPSPI_Pin
                0x00000000      0x424 ./src/LPSPI.o
 .debug_info    0x00000000      0xe44 ./src/LPSPI.o
 .debug_abbrev  0x00000000      0x16f ./src/LPSPI.o
 .debug_aranges
                0x00000000       0x30 ./src/LPSPI.o
 .debug_ranges  0x00000000       0x20 ./src/LPSPI.o
 .debug_macro   0x00000000       0xa0 ./src/LPSPI.o
 .debug_macro   0x00000000      0x8d4 ./src/LPSPI.o
 .debug_macro   0x00000000       0x22 ./src/LPSPI.o
 .debug_macro   0x00000000       0x87 ./src/LPSPI.o
 .debug_macro   0x00000000       0x51 ./src/LPSPI.o
 .debug_macro   0x00000000       0xef ./src/LPSPI.o
 .debug_macro   0x00000000       0x6a ./src/LPSPI.o
 .debug_macro   0x00000000      0x1df ./src/LPSPI.o
 .debug_macro   0x00000000       0x3a ./src/LPSPI.o
 .debug_macro   0x00000000       0x17 ./src/LPSPI.o
 .debug_macro   0x00000000       0x10 ./src/LPSPI.o
 .debug_macro   0x00000000       0x37 ./src/LPSPI.o
 .debug_macro   0x00000000       0x46 ./src/LPSPI.o
 .debug_line    0x00000000      0x350 ./src/LPSPI.o
 .debug_str     0x00000000     0x4432 ./src/LPSPI.o
 .comment       0x00000000       0xa1 ./src/LPSPI.o
 .debug_frame   0x00000000       0x88 ./src/LPSPI.o
 .ARM.attributes
                0x00000000       0x33 ./src/LPSPI.o
 .group         0x00000000        0x8 ./src/LPUART.o
 .group         0x00000000        0x8 ./src/LPUART.o
 .group         0x00000000        0x8 ./src/LPUART.o
 .group         0x00000000        0x8 ./src/LPUART.o
 .group         0x00000000        0x8 ./src/LPUART.o
 .group         0x00000000        0x8 ./src/LPUART.o
 .group         0x00000000        0x8 ./src/LPUART.o
 .group         0x00000000        0x8 ./src/LPUART.o
 .group         0x00000000        0x8 ./src/LPUART.o
 .group         0x00000000        0x8 ./src/LPUART.o
 .group         0x00000000        0x8 ./src/LPUART.o
 .group         0x00000000        0x8 ./src/LPUART.o
 .group         0x00000000        0x8 ./src/LPUART.o
 .group         0x00000000        0x8 ./src/LPUART.o
 .group         0x00000000        0x8 ./src/LPUART.o
 .group         0x00000000        0x8 ./src/LPUART.o
 .group         0x00000000        0x8 ./src/LPUART.o
 .group         0x00000000        0x8 ./src/LPUART.o
 .group         0x00000000        0x8 ./src/LPUART.o
 .group         0x00000000        0x8 ./src/LPUART.o
 .group         0x00000000        0x8 ./src/LPUART.o
 .group         0x00000000        0x8 ./src/LPUART.o
 .group         0x00000000        0x8 ./src/LPUART.o
 .group         0x00000000        0x8 ./src/LPUART.o
 .text          0x00000000        0x0 ./src/LPUART.o
 .data          0x00000000        0x0 ./src/LPUART.o
 .bss           0x00000000        0x0 ./src/LPUART.o
 .text.Disable_ReceiveData_Chanel
                0x00000000       0x28 ./src/LPUART.o
 .debug_macro   0x00000000      0x8d4 ./src/LPUART.o
 .debug_macro   0x00000000       0x22 ./src/LPUART.o
 .debug_macro   0x00000000       0x87 ./src/LPUART.o
 .debug_macro   0x00000000       0x51 ./src/LPUART.o
 .debug_macro   0x00000000       0xef ./src/LPUART.o
 .debug_macro   0x00000000       0x6a ./src/LPUART.o
 .debug_macro   0x00000000      0x1df ./src/LPUART.o
 .debug_macro   0x00000000       0x3a ./src/LPUART.o
 .debug_macro   0x00000000       0x17 ./src/LPUART.o
 .debug_macro   0x00000000       0x10 ./src/LPUART.o
 .debug_macro   0x00000000       0x46 ./src/LPUART.o
 .group         0x00000000        0x8 ./src/NVIC.o
 .group         0x00000000        0x8 ./src/NVIC.o
 .group         0x00000000        0x8 ./src/NVIC.o
 .group         0x00000000        0x8 ./src/NVIC.o
 .group         0x00000000        0x8 ./src/NVIC.o
 .group         0x00000000        0x8 ./src/NVIC.o
 .group         0x00000000        0x8 ./src/NVIC.o
 .group         0x00000000        0x8 ./src/NVIC.o
 .group         0x00000000        0x8 ./src/NVIC.o
 .text          0x00000000        0x0 ./src/NVIC.o
 .data          0x00000000        0x0 ./src/NVIC.o
 .bss           0x00000000        0x0 ./src/NVIC.o
 .debug_macro   0x00000000      0x8d4 ./src/NVIC.o
 .debug_macro   0x00000000       0x22 ./src/NVIC.o
 .debug_macro   0x00000000       0x87 ./src/NVIC.o
 .debug_macro   0x00000000       0x51 ./src/NVIC.o
 .debug_macro   0x00000000       0xef ./src/NVIC.o
 .debug_macro   0x00000000       0x6a ./src/NVIC.o
 .debug_macro   0x00000000      0x1df ./src/NVIC.o
 .debug_macro   0x00000000       0x3a ./src/NVIC.o
 .group         0x00000000        0x8 ./src/PCC.o
 .group         0x00000000        0x8 ./src/PCC.o
 .group         0x00000000        0x8 ./src/PCC.o
 .group         0x00000000        0x8 ./src/PCC.o
 .group         0x00000000        0x8 ./src/PCC.o
 .group         0x00000000        0x8 ./src/PCC.o
 .group         0x00000000        0x8 ./src/PCC.o
 .group         0x00000000        0x8 ./src/PCC.o
 .group         0x00000000        0x8 ./src/PCC.o
 .group         0x00000000        0x8 ./src/PCC.o
 .text          0x00000000        0x0 ./src/PCC.o
 .data          0x00000000        0x0 ./src/PCC.o
 .bss           0x00000000        0x0 ./src/PCC.o
 .text.PCC_LPSPI_ClockSource
                0x00000000       0x88 ./src/PCC.o
 .debug_macro   0x00000000      0x8d4 ./src/PCC.o
 .debug_macro   0x00000000       0x22 ./src/PCC.o
 .debug_macro   0x00000000       0x87 ./src/PCC.o
 .debug_macro   0x00000000       0x51 ./src/PCC.o
 .debug_macro   0x00000000       0xef ./src/PCC.o
 .debug_macro   0x00000000       0x6a ./src/PCC.o
 .debug_macro   0x00000000      0x1df ./src/PCC.o
 .debug_macro   0x00000000       0x3a ./src/PCC.o
 .debug_macro   0x00000000       0x10 ./src/PCC.o
 .group         0x00000000        0x8 ./src/PORT_GPIO.o
 .group         0x00000000        0x8 ./src/PORT_GPIO.o
 .group         0x00000000        0x8 ./src/PORT_GPIO.o
 .group         0x00000000        0x8 ./src/PORT_GPIO.o
 .group         0x00000000        0x8 ./src/PORT_GPIO.o
 .group         0x00000000        0x8 ./src/PORT_GPIO.o
 .group         0x00000000        0x8 ./src/PORT_GPIO.o
 .group         0x00000000        0x8 ./src/PORT_GPIO.o
 .group         0x00000000        0x8 ./src/PORT_GPIO.o
 .group         0x00000000        0x8 ./src/PORT_GPIO.o
 .text          0x00000000        0x0 ./src/PORT_GPIO.o
 .data          0x00000000        0x0 ./src/PORT_GPIO.o
 .bss           0x00000000        0x0 ./src/PORT_GPIO.o
 .data.Port     0x00000000       0x14 ./src/PORT_GPIO.o
 .data.Gpio     0x00000000       0x14 ./src/PORT_GPIO.o
 .text.Config_GPIO_Pin
                0x00000000       0xe4 ./src/PORT_GPIO.o
 .debug_info    0x00000000      0x5b4 ./src/PORT_GPIO.o
 .debug_abbrev  0x00000000      0x128 ./src/PORT_GPIO.o
 .debug_aranges
                0x00000000       0x20 ./src/PORT_GPIO.o
 .debug_ranges  0x00000000       0x10 ./src/PORT_GPIO.o
 .debug_macro   0x00000000       0x84 ./src/PORT_GPIO.o
 .debug_macro   0x00000000      0x8d4 ./src/PORT_GPIO.o
 .debug_macro   0x00000000       0x22 ./src/PORT_GPIO.o
 .debug_macro   0x00000000       0x87 ./src/PORT_GPIO.o
 .debug_macro   0x00000000       0x51 ./src/PORT_GPIO.o
 .debug_macro   0x00000000       0xef ./src/PORT_GPIO.o
 .debug_macro   0x00000000       0x6a ./src/PORT_GPIO.o
 .debug_macro   0x00000000      0x1df ./src/PORT_GPIO.o
 .debug_macro   0x00000000       0x46 ./src/PORT_GPIO.o
 .debug_macro   0x00000000       0x3a ./src/PORT_GPIO.o
 .debug_macro   0x00000000       0x28 ./src/PORT_GPIO.o
 .debug_line    0x00000000      0x2a2 ./src/PORT_GPIO.o
 .debug_str     0x00000000     0x3d46 ./src/PORT_GPIO.o
 .comment       0x00000000       0xa1 ./src/PORT_GPIO.o
 .debug_frame   0x00000000       0x3c ./src/PORT_GPIO.o
 .ARM.attributes
                0x00000000       0x33 ./src/PORT_GPIO.o
 .group         0x00000000        0x8 ./src/SCG.o
 .group         0x00000000        0x8 ./src/SCG.o
 .group         0x00000000        0x8 ./src/SCG.o
 .group         0x00000000        0x8 ./src/SCG.o
 .group         0x00000000        0x8 ./src/SCG.o
 .group         0x00000000        0x8 ./src/SCG.o
 .group         0x00000000        0x8 ./src/SCG.o
 .group         0x00000000        0x8 ./src/SCG.o
 .group         0x00000000        0x8 ./src/SCG.o
 .text          0x00000000        0x0 ./src/SCG.o
 .data          0x00000000        0x0 ./src/SCG.o
 .bss           0x00000000        0x0 ./src/SCG.o
 .debug_macro   0x00000000      0x8d4 ./src/SCG.o
 .debug_macro   0x00000000       0x22 ./src/SCG.o
 .debug_macro   0x00000000       0x87 ./src/SCG.o
 .debug_macro   0x00000000       0x51 ./src/SCG.o
 .debug_macro   0x00000000       0xef ./src/SCG.o
 .debug_macro   0x00000000       0x6a ./src/SCG.o
 .debug_macro   0x00000000      0x1df ./src/SCG.o
 .debug_macro   0x00000000       0x3a ./src/SCG.o
 .debug_macro   0x00000000       0x11 ./src/SCG.o
 .group         0x00000000        0x8 ./src/SIM.o
 .group         0x00000000        0x8 ./src/SIM.o
 .group         0x00000000        0x8 ./src/SIM.o
 .group         0x00000000        0x8 ./src/SIM.o
 .group         0x00000000        0x8 ./src/SIM.o
 .group         0x00000000        0x8 ./src/SIM.o
 .group         0x00000000        0x8 ./src/SIM.o
 .group         0x00000000        0x8 ./src/SIM.o
 .group         0x00000000        0x8 ./src/SIM.o
 .text          0x00000000        0x0 ./src/SIM.o
 .data          0x00000000        0x0 ./src/SIM.o
 .bss           0x00000000        0x0 ./src/SIM.o
 .text.Clkout_config
                0x00000000       0x58 ./src/SIM.o
 .debug_info    0x00000000      0x39d ./src/SIM.o
 .debug_abbrev  0x00000000       0xec ./src/SIM.o
 .debug_aranges
                0x00000000       0x20 ./src/SIM.o
 .debug_ranges  0x00000000       0x10 ./src/SIM.o
 .debug_macro   0x00000000       0x7b ./src/SIM.o
 .debug_macro   0x00000000      0x8d4 ./src/SIM.o
 .debug_macro   0x00000000       0x22 ./src/SIM.o
 .debug_macro   0x00000000       0x87 ./src/SIM.o
 .debug_macro   0x00000000       0x51 ./src/SIM.o
 .debug_macro   0x00000000       0xef ./src/SIM.o
 .debug_macro   0x00000000       0x6a ./src/SIM.o
 .debug_macro   0x00000000      0x1df ./src/SIM.o
 .debug_macro   0x00000000       0x3a ./src/SIM.o
 .debug_macro   0x00000000       0x10 ./src/SIM.o
 .debug_line    0x00000000      0x288 ./src/SIM.o
 .debug_str     0x00000000     0x3a41 ./src/SIM.o
 .comment       0x00000000       0xa1 ./src/SIM.o
 .debug_frame   0x00000000       0x38 ./src/SIM.o
 .ARM.attributes
                0x00000000       0x33 ./src/SIM.o
 .group         0x00000000        0x8 ./src/funtion.o
 .group         0x00000000        0x8 ./src/funtion.o
 .group         0x00000000        0x8 ./src/funtion.o
 .group         0x00000000        0x8 ./src/funtion.o
 .group         0x00000000        0x8 ./src/funtion.o
 .group         0x00000000        0x8 ./src/funtion.o
 .group         0x00000000        0x8 ./src/funtion.o
 .group         0x00000000        0x8 ./src/funtion.o
 .group         0x00000000        0x8 ./src/funtion.o
 .group         0x00000000        0x8 ./src/funtion.o
 .group         0x00000000        0x8 ./src/funtion.o
 .group         0x00000000        0x8 ./src/funtion.o
 .group         0x00000000        0x8 ./src/funtion.o
 .group         0x00000000        0x8 ./src/funtion.o
 .group         0x00000000        0x8 ./src/funtion.o
 .text          0x00000000        0x0 ./src/funtion.o
 .data          0x00000000        0x0 ./src/funtion.o
 .bss           0x00000000        0x0 ./src/funtion.o
 .text.delayInterrupt_ms
                0x00000000       0x58 ./src/funtion.o
 .debug_macro   0x00000000      0x8d4 ./src/funtion.o
 .debug_macro   0x00000000       0x22 ./src/funtion.o
 .debug_macro   0x00000000       0x87 ./src/funtion.o
 .debug_macro   0x00000000       0x51 ./src/funtion.o
 .debug_macro   0x00000000       0xef ./src/funtion.o
 .debug_macro   0x00000000       0x6a ./src/funtion.o
 .debug_macro   0x00000000      0x1df ./src/funtion.o
 .debug_macro   0x00000000       0x46 ./src/funtion.o
 .debug_macro   0x00000000       0x3a ./src/funtion.o
 .debug_macro   0x00000000       0x28 ./src/funtion.o
 .debug_macro   0x00000000       0x17 ./src/funtion.o
 .debug_macro   0x00000000       0x10 ./src/funtion.o
 .debug_macro   0x00000000       0x16 ./src/funtion.o
 .group         0x00000000        0x8 ./src/ledMax7219.o
 .group         0x00000000        0x8 ./src/ledMax7219.o
 .group         0x00000000        0x8 ./src/ledMax7219.o
 .group         0x00000000        0x8 ./src/ledMax7219.o
 .group         0x00000000        0x8 ./src/ledMax7219.o
 .group         0x00000000        0x8 ./src/ledMax7219.o
 .group         0x00000000        0x8 ./src/ledMax7219.o
 .group         0x00000000        0x8 ./src/ledMax7219.o
 .group         0x00000000        0x8 ./src/ledMax7219.o
 .group         0x00000000        0x8 ./src/ledMax7219.o
 .group         0x00000000        0x8 ./src/ledMax7219.o
 .group         0x00000000        0x8 ./src/ledMax7219.o
 .group         0x00000000        0x8 ./src/ledMax7219.o
 .group         0x00000000        0x8 ./src/ledMax7219.o
 .group         0x00000000        0x8 ./src/ledMax7219.o
 .group         0x00000000        0x8 ./src/ledMax7219.o
 .text          0x00000000        0x0 ./src/ledMax7219.o
 .data          0x00000000        0x0 ./src/ledMax7219.o
 .bss           0x00000000        0x0 ./src/ledMax7219.o
 .bss.msCounter
                0x00000000        0x4 ./src/ledMax7219.o
 .text.Printf_led
                0x00000000       0x48 ./src/ledMax7219.o
 .text.ConfigledMAX7219
                0x00000000       0xe4 ./src/ledMax7219.o
 .text.StartUPled
                0x00000000      0x134 ./src/ledMax7219.o
 .debug_info    0x00000000      0x68a ./src/ledMax7219.o
 .debug_abbrev  0x00000000      0x133 ./src/ledMax7219.o
 .debug_aranges
                0x00000000       0x30 ./src/ledMax7219.o
 .debug_ranges  0x00000000       0x20 ./src/ledMax7219.o
 .debug_macro   0x00000000       0xd6 ./src/ledMax7219.o
 .debug_macro   0x00000000      0x8d4 ./src/ledMax7219.o
 .debug_macro   0x00000000       0x22 ./src/ledMax7219.o
 .debug_macro   0x00000000       0x87 ./src/ledMax7219.o
 .debug_macro   0x00000000       0x51 ./src/ledMax7219.o
 .debug_macro   0x00000000       0xef ./src/ledMax7219.o
 .debug_macro   0x00000000       0x6a ./src/ledMax7219.o
 .debug_macro   0x00000000      0x1df ./src/ledMax7219.o
 .debug_macro   0x00000000       0x3a ./src/ledMax7219.o
 .debug_macro   0x00000000       0x17 ./src/ledMax7219.o
 .debug_macro   0x00000000       0x10 ./src/ledMax7219.o
 .debug_macro   0x00000000       0x37 ./src/ledMax7219.o
 .debug_macro   0x00000000       0x46 ./src/ledMax7219.o
 .debug_macro   0x00000000       0x28 ./src/ledMax7219.o
 .debug_macro   0x00000000       0x16 ./src/ledMax7219.o
 .debug_macro   0x00000000       0x16 ./src/ledMax7219.o
 .debug_macro   0x00000000       0x34 ./src/ledMax7219.o
 .debug_line    0x00000000      0x377 ./src/ledMax7219.o
 .debug_str     0x00000000     0x3e38 ./src/ledMax7219.o
 .comment       0x00000000       0xa1 ./src/ledMax7219.o
 .debug_frame   0x00000000       0x78 ./src/ledMax7219.o
 .ARM.attributes
                0x00000000       0x33 ./src/ledMax7219.o
 .group         0x00000000        0x8 ./src/main.o
 .group         0x00000000        0x8 ./src/main.o
 .group         0x00000000        0x8 ./src/main.o
 .group         0x00000000        0x8 ./src/main.o
 .group         0x00000000        0x8 ./src/main.o
 .group         0x00000000        0x8 ./src/main.o
 .group         0x00000000        0x8 ./src/main.o
 .group         0x00000000        0x8 ./src/main.o
 .group         0x00000000        0x8 ./src/main.o
 .group         0x00000000        0x8 ./src/main.o
 .group         0x00000000        0x8 ./src/main.o
 .group         0x00000000        0x8 ./src/main.o
 .group         0x00000000        0x8 ./src/main.o
 .group         0x00000000        0x8 ./src/main.o
 .group         0x00000000        0x8 ./src/main.o
 .group         0x00000000        0x8 ./src/main.o
 .group         0x00000000        0x8 ./src/main.o
 .group         0x00000000        0x8 ./src/main.o
 .group         0x00000000        0x8 ./src/main.o
 .group         0x00000000        0x8 ./src/main.o
 .group         0x00000000        0x8 ./src/main.o
 .group         0x00000000        0x8 ./src/main.o
 .group         0x00000000        0x8 ./src/main.o
 .group         0x00000000        0x8 ./src/main.o
 .group         0x00000000        0x8 ./src/main.o
 .group         0x00000000        0x8 ./src/main.o
 .group         0x00000000        0x8 ./src/main.o
 .group         0x00000000        0x8 ./src/main.o
 .group         0x00000000        0x8 ./src/main.o
 .group         0x00000000        0x8 ./src/main.o
 .group         0x00000000        0x8 ./src/main.o
 .text          0x00000000        0x0 ./src/main.o
 .data          0x00000000        0x0 ./src/main.o
 .bss           0x00000000        0x0 ./src/main.o
 .bss.msCounter
                0x00000000        0x4 ./src/main.o
 .debug_macro   0x00000000      0x8d4 ./src/main.o
 .debug_macro   0x00000000       0x22 ./src/main.o
 .debug_macro   0x00000000       0x87 ./src/main.o
 .debug_macro   0x00000000       0x51 ./src/main.o
 .debug_macro   0x00000000       0xef ./src/main.o
 .debug_macro   0x00000000       0x6a ./src/main.o
 .debug_macro   0x00000000      0x1df ./src/main.o
 .debug_macro   0x00000000       0x46 ./src/main.o
 .debug_macro   0x00000000       0x3a ./src/main.o
 .debug_macro   0x00000000       0x28 ./src/main.o
 .debug_macro   0x00000000       0x17 ./src/main.o
 .debug_macro   0x00000000       0x10 ./src/main.o
 .debug_macro   0x00000000       0x16 ./src/main.o
 .debug_macro   0x00000000       0x16 ./src/main.o
 .debug_macro   0x00000000       0x34 ./src/main.o
 .debug_macro   0x00000000       0x52 ./src/main.o
 .debug_macro   0x00000000       0x3c ./src/main.o
 .debug_macro   0x00000000       0x9c ./src/main.o
 .debug_macro   0x00000000      0x174 ./src/main.o
 .debug_macro   0x00000000       0x52 ./src/main.o
 .debug_macro   0x00000000       0x1f ./src/main.o
 .debug_macro   0x00000000       0x43 ./src/main.o
 .debug_macro   0x00000000       0x20 ./src/main.o
 .debug_macro   0x00000000      0x1a3 ./src/main.o
 .debug_macro   0x00000000      0x30d ./src/main.o
 .debug_macro   0x00000000       0x10 ./src/main.o
 .debug_macro   0x00000000       0x35 ./src/main.o
 .text          0x00000000        0x0 C:/NXP/S32DS_ARM_v2.2/S32DS/build_tools/gcc_v6.3/gcc-6.3-arm32-eabi/arm-none-eabi/newlib/lib/thumb/v7e-m\libc.a(lib_a-exit.o)
 .data          0x00000000        0x0 C:/NXP/S32DS_ARM_v2.2/S32DS/build_tools/gcc_v6.3/gcc-6.3-arm32-eabi/arm-none-eabi/newlib/lib/thumb/v7e-m\libc.a(lib_a-exit.o)
 .bss           0x00000000        0x0 C:/NXP/S32DS_ARM_v2.2/S32DS/build_tools/gcc_v6.3/gcc-6.3-arm32-eabi/arm-none-eabi/newlib/lib/thumb/v7e-m\libc.a(lib_a-exit.o)
 .text          0x00000000        0x0 C:/NXP/S32DS_ARM_v2.2/S32DS/build_tools/gcc_v6.3/gcc-6.3-arm32-eabi/arm-none-eabi/newlib/lib/thumb/v7e-m\libc.a(lib_a-impure.o)
 .data          0x00000000        0x0 C:/NXP/S32DS_ARM_v2.2/S32DS/build_tools/gcc_v6.3/gcc-6.3-arm32-eabi/arm-none-eabi/newlib/lib/thumb/v7e-m\libc.a(lib_a-impure.o)
 .bss           0x00000000        0x0 C:/NXP/S32DS_ARM_v2.2/S32DS/build_tools/gcc_v6.3/gcc-6.3-arm32-eabi/arm-none-eabi/newlib/lib/thumb/v7e-m\libc.a(lib_a-impure.o)
 .data._impure_ptr
                0x00000000        0x4 C:/NXP/S32DS_ARM_v2.2/S32DS/build_tools/gcc_v6.3/gcc-6.3-arm32-eabi/arm-none-eabi/newlib/lib/thumb/v7e-m\libc.a(lib_a-impure.o)
 .text          0x00000000        0x0 C:/NXP/S32DS_ARM_v2.2/S32DS/build_tools/gcc_v6.3/gcc-6.3-arm32-eabi/arm-none-eabi/newlib/lib/thumb/v7e-m\libc.a(lib_a-init.o)
 .data          0x00000000        0x0 C:/NXP/S32DS_ARM_v2.2/S32DS/build_tools/gcc_v6.3/gcc-6.3-arm32-eabi/arm-none-eabi/newlib/lib/thumb/v7e-m\libc.a(lib_a-init.o)
 .bss           0x00000000        0x0 C:/NXP/S32DS_ARM_v2.2/S32DS/build_tools/gcc_v6.3/gcc-6.3-arm32-eabi/arm-none-eabi/newlib/lib/thumb/v7e-m\libc.a(lib_a-init.o)
 .text          0x00000000        0x0 C:/NXP/S32DS_ARM_v2.2/S32DS/build_tools/gcc_v6.3/gcc-6.3-arm32-eabi/arm-none-eabi/newlib/lib/thumb/v7e-m\libc.a(lib_a-memset.o)
 .data          0x00000000        0x0 C:/NXP/S32DS_ARM_v2.2/S32DS/build_tools/gcc_v6.3/gcc-6.3-arm32-eabi/arm-none-eabi/newlib/lib/thumb/v7e-m\libc.a(lib_a-memset.o)
 .bss           0x00000000        0x0 C:/NXP/S32DS_ARM_v2.2/S32DS/build_tools/gcc_v6.3/gcc-6.3-arm32-eabi/arm-none-eabi/newlib/lib/thumb/v7e-m\libc.a(lib_a-memset.o)
 .data          0x00000000        0x0 C:/NXP/S32DS_ARM_v2.2/S32DS/build_tools/gcc_v6.3/gcc-6.3-arm32-eabi/arm-none-eabi/newlib/lib/thumb/v7e-m\libc.a(lib_a-strcmp.o)
 .bss           0x00000000        0x0 C:/NXP/S32DS_ARM_v2.2/S32DS/build_tools/gcc_v6.3/gcc-6.3-arm32-eabi/arm-none-eabi/newlib/lib/thumb/v7e-m\libc.a(lib_a-strcmp.o)
 .text          0x00000000        0x0 C:/NXP/S32DS_ARM_v2.2/S32DS/build_tools/gcc_v6.3/gcc-6.3-arm32-eabi/arm-none-eabi/newlib/lib/thumb/v7e-m\libc.a(lib_a-__call_atexit.o)
 .data          0x00000000        0x0 C:/NXP/S32DS_ARM_v2.2/S32DS/build_tools/gcc_v6.3/gcc-6.3-arm32-eabi/arm-none-eabi/newlib/lib/thumb/v7e-m\libc.a(lib_a-__call_atexit.o)
 .bss           0x00000000        0x0 C:/NXP/S32DS_ARM_v2.2/S32DS/build_tools/gcc_v6.3/gcc-6.3-arm32-eabi/arm-none-eabi/newlib/lib/thumb/v7e-m\libc.a(lib_a-__call_atexit.o)
 .text          0x00000000        0x0 C:/NXP/S32DS_ARM_v2.2/S32DS/build_tools/gcc_v6.3/gcc-6.3-arm32-eabi/arm-none-eabi/newlib/lib/thumb/v7e-m\libc.a(lib_a-fini.o)
 .data          0x00000000        0x0 C:/NXP/S32DS_ARM_v2.2/S32DS/build_tools/gcc_v6.3/gcc-6.3-arm32-eabi/arm-none-eabi/newlib/lib/thumb/v7e-m\libc.a(lib_a-fini.o)
 .bss           0x00000000        0x0 C:/NXP/S32DS_ARM_v2.2/S32DS/build_tools/gcc_v6.3/gcc-6.3-arm32-eabi/arm-none-eabi/newlib/lib/thumb/v7e-m\libc.a(lib_a-fini.o)
 .text          0x00000000        0x0 C:/NXP/S32DS_ARM_v2.2/S32DS/build_tools/gcc_v6.3/gcc-6.3-arm32-eabi/arm-none-eabi/newlib/lib/thumb/v7e-m\libc.a(lib_a-atexit.o)
 .data          0x00000000        0x0 C:/NXP/S32DS_ARM_v2.2/S32DS/build_tools/gcc_v6.3/gcc-6.3-arm32-eabi/arm-none-eabi/newlib/lib/thumb/v7e-m\libc.a(lib_a-atexit.o)
 .bss           0x00000000        0x0 C:/NXP/S32DS_ARM_v2.2/S32DS/build_tools/gcc_v6.3/gcc-6.3-arm32-eabi/arm-none-eabi/newlib/lib/thumb/v7e-m\libc.a(lib_a-atexit.o)
 .text          0x00000000        0x0 C:/NXP/S32DS_ARM_v2.2/S32DS/build_tools/gcc_v6.3/gcc-6.3-arm32-eabi/arm-none-eabi/newlib/lib/thumb/v7e-m\libc.a(lib_a-__atexit.o)
 .data          0x00000000        0x0 C:/NXP/S32DS_ARM_v2.2/S32DS/build_tools/gcc_v6.3/gcc-6.3-arm32-eabi/arm-none-eabi/newlib/lib/thumb/v7e-m\libc.a(lib_a-__atexit.o)
 .bss           0x00000000        0x0 C:/NXP/S32DS_ARM_v2.2/S32DS/build_tools/gcc_v6.3/gcc-6.3-arm32-eabi/arm-none-eabi/newlib/lib/thumb/v7e-m\libc.a(lib_a-__atexit.o)
 .text          0x00000000        0x0 C:/NXP/S32DS_ARM_v2.2/S32DS/build_tools/gcc_v6.3/gcc-6.3-arm32-eabi/arm-none-eabi/newlib/lib/thumb/v7e-m\libnosys.a(_exit.o)
 .data          0x00000000        0x0 C:/NXP/S32DS_ARM_v2.2/S32DS/build_tools/gcc_v6.3/gcc-6.3-arm32-eabi/arm-none-eabi/newlib/lib/thumb/v7e-m\libnosys.a(_exit.o)
 .bss           0x00000000        0x0 C:/NXP/S32DS_ARM_v2.2/S32DS/build_tools/gcc_v6.3/gcc-6.3-arm32-eabi/arm-none-eabi/newlib/lib/thumb/v7e-m\libnosys.a(_exit.o)
 .text          0x00000000        0x0 c:/nxp/s32ds_arm_v2.2/s32ds/build_tools/gcc_v6.3/gcc-6.3-arm32-eabi/bin/../lib/gcc/arm-none-eabi/6.3.1/thumb/v7e-m/crtend.o
 .data          0x00000000        0x0 c:/nxp/s32ds_arm_v2.2/s32ds/build_tools/gcc_v6.3/gcc-6.3-arm32-eabi/bin/../lib/gcc/arm-none-eabi/6.3.1/thumb/v7e-m/crtend.o
 .bss           0x00000000        0x0 c:/nxp/s32ds_arm_v2.2/s32ds/build_tools/gcc_v6.3/gcc-6.3-arm32-eabi/bin/../lib/gcc/arm-none-eabi/6.3.1/thumb/v7e-m/crtend.o
 .eh_frame      0x00000000        0x4 c:/nxp/s32ds_arm_v2.2/s32ds/build_tools/gcc_v6.3/gcc-6.3-arm32-eabi/bin/../lib/gcc/arm-none-eabi/6.3.1/thumb/v7e-m/crtend.o
 .text          0x00000000        0x0 c:/nxp/s32ds_arm_v2.2/s32ds/build_tools/gcc_v6.3/gcc-6.3-arm32-eabi/bin/../lib/gcc/arm-none-eabi/6.3.1/thumb/v7e-m/crtn.o
 .data          0x00000000        0x0 c:/nxp/s32ds_arm_v2.2/s32ds/build_tools/gcc_v6.3/gcc-6.3-arm32-eabi/bin/../lib/gcc/arm-none-eabi/6.3.1/thumb/v7e-m/crtn.o
 .bss           0x00000000        0x0 c:/nxp/s32ds_arm_v2.2/s32ds/build_tools/gcc_v6.3/gcc-6.3-arm32-eabi/bin/../lib/gcc/arm-none-eabi/6.3.1/thumb/v7e-m/crtn.o

Memory Configuration

Name             Origin             Length             Attributes
m_interrupts     0x00000000         0x00000400         xr
m_flash_config   0x00000400         0x00000010         xr
m_text           0x00000410         0x0007fbf0         xr
m_data           0x1fff8000         0x00008000         rw
m_data_2         0x20000000         0x00007000         rw
*default*        0x00000000         0xffffffff

Linker script and memory map

LOAD c:/nxp/s32ds_arm_v2.2/s32ds/build_tools/gcc_v6.3/gcc-6.3-arm32-eabi/bin/../lib/gcc/arm-none-eabi/6.3.1/thumb/v7e-m/crti.o
LOAD c:/nxp/s32ds_arm_v2.2/s32ds/build_tools/gcc_v6.3/gcc-6.3-arm32-eabi/bin/../lib/gcc/arm-none-eabi/6.3.1/thumb/v7e-m/crtbegin.o
LOAD C:/NXP/S32DS_ARM_v2.2/S32DS/build_tools/gcc_v6.3/gcc-6.3-arm32-eabi/arm-none-eabi/newlib/lib/thumb/v7e-m/crt0.o
LOAD ./Project_Settings/Startup_Code/startup.o
LOAD ./Project_Settings/Startup_Code/startup_S32K144.o
LOAD ./Project_Settings/Startup_Code/system_S32K144.o
LOAD ./src/LPIT.o
LOAD ./src/LPSPI.o
LOAD ./src/LPUART.o
LOAD ./src/NVIC.o
LOAD ./src/PCC.o
LOAD ./src/PORT_GPIO.o
LOAD ./src/SCG.o
LOAD ./src/SIM.o
LOAD ./src/funtion.o
LOAD ./src/ledMax7219.o
LOAD ./src/main.o
START GROUP
LOAD c:/nxp/s32ds_arm_v2.2/s32ds/build_tools/gcc_v6.3/gcc-6.3-arm32-eabi/bin/../lib/gcc/arm-none-eabi/6.3.1/thumb/v7e-m\libgcc.a
LOAD C:/NXP/S32DS_ARM_v2.2/S32DS/build_tools/gcc_v6.3/gcc-6.3-arm32-eabi/arm-none-eabi/newlib/lib/thumb/v7e-m\libc.a
END GROUP
START GROUP
LOAD c:/nxp/s32ds_arm_v2.2/s32ds/build_tools/gcc_v6.3/gcc-6.3-arm32-eabi/bin/../lib/gcc/arm-none-eabi/6.3.1/thumb/v7e-m\libgcc.a
LOAD C:/NXP/S32DS_ARM_v2.2/S32DS/build_tools/gcc_v6.3/gcc-6.3-arm32-eabi/arm-none-eabi/newlib/lib/thumb/v7e-m\libc.a
LOAD C:/NXP/S32DS_ARM_v2.2/S32DS/build_tools/gcc_v6.3/gcc-6.3-arm32-eabi/arm-none-eabi/newlib/lib/thumb/v7e-m\libnosys.a
END GROUP
LOAD c:/nxp/s32ds_arm_v2.2/s32ds/build_tools/gcc_v6.3/gcc-6.3-arm32-eabi/bin/../lib/gcc/arm-none-eabi/6.3.1/thumb/v7e-m/crtend.o
LOAD c:/nxp/s32ds_arm_v2.2/s32ds/build_tools/gcc_v6.3/gcc-6.3-arm32-eabi/bin/../lib/gcc/arm-none-eabi/6.3.1/thumb/v7e-m/crtn.o
                0x00000400                HEAP_SIZE = DEFINED (__heap_size__)?__heap_size__:0x400
                0x00000400                STACK_SIZE = DEFINED (__stack_size__)?__stack_size__:0x400
                0x00000400                M_VECTOR_RAM_SIZE = DEFINED (__flash_vector_table__)?0x0:0x400

.interrupts     0x00000000      0x400
                0x00000000                __VECTOR_TABLE = .
                0x00000000                __interrupts_start__ = .
                0x00000000                . = ALIGN (0x4)
 *(.isr_vector)
 .isr_vector    0x00000000      0x400 ./Project_Settings/Startup_Code/startup_S32K144.o
                0x00000000                __isr_vector
                0x00000400                __interrupts_end__ = .
                0x00000400                . = ALIGN (0x4)

.flash_config   0x00000400       0x10
                0x00000400                . = ALIGN (0x4)
 *(.FlashConfig)
 .FlashConfig   0x00000400       0x10 ./Project_Settings/Startup_Code/startup_S32K144.o
                0x00000410                . = ALIGN (0x4)

.text           0x00000410     0x1440
                0x00000410                . = ALIGN (0x4)
 *(.text)
 .text          0x00000410       0xa4 c:/nxp/s32ds_arm_v2.2/s32ds/build_tools/gcc_v6.3/gcc-6.3-arm32-eabi/bin/../lib/gcc/arm-none-eabi/6.3.1/thumb/v7e-m/crtbegin.o
 .text          0x000004b4       0x74 C:/NXP/S32DS_ARM_v2.2/S32DS/build_tools/gcc_v6.3/gcc-6.3-arm32-eabi/arm-none-eabi/newlib/lib/thumb/v7e-m/crt0.o
                0x000004b4                _start
                0x000004b4                _mainCRTStartup
 .text          0x00000528       0x6c ./Project_Settings/Startup_Code/startup_S32K144.o
                0x00000528                Reset_Handler
                0x00000590                DebugMon_Handler
                0x00000590                Reserved88_IRQHandler
                0x00000590                CAN0_ORed_IRQHandler
                0x00000590                HardFault_Handler
                0x00000590                Reserved86_IRQHandler
                0x00000590                Reserved103_IRQHandler
                0x00000590                FTM2_Ovf_Reload_IRQHandler
                0x00000590                Reserved50_IRQHandler
                0x00000590                FTFC_Fault_IRQHandler
                0x00000590                FTM0_Ch6_Ch7_IRQHandler
                0x00000590                Reserved114_IRQHandler
                0x00000590                PendSV_Handler
                0x00000590                NMI_Handler
                0x00000590                Reserved89_IRQHandler
                0x00000590                ERM_double_fault_IRQHandler
                0x00000590                DMA2_IRQHandler
                0x00000590                Reserved59_IRQHandler
                0x00000590                Reserved99_IRQHandler
                0x00000590                FTM3_Ch6_Ch7_IRQHandler
                0x00000590                CAN2_ORed_0_15_MB_IRQHandler
                0x00000590                LPIT0_Ch3_IRQHandler
                0x00000590                Reserved92_IRQHandler
                0x00000590                FTM0_Ch4_Ch5_IRQHandler
                0x00000590                CAN1_Error_IRQHandler
                0x00000590                FTM3_Ch0_Ch1_IRQHandler
                0x00000590                SWI_IRQHandler
                0x00000590                ADC0_IRQHandler
                0x00000590                FTM2_Ch4_Ch5_IRQHandler
                0x00000590                UsageFault_Handler
                0x00000590                FTM0_Ovf_Reload_IRQHandler
                0x00000590                DefaultISR
                0x00000590                DMA9_IRQHandler
                0x00000590                Reserved58_IRQHandler
                0x00000590                CAN1_ORed_0_15_MB_IRQHandler
                0x00000590                FTM1_Ch2_Ch3_IRQHandler
                0x00000590                DMA14_IRQHandler
                0x00000590                Reserved82_IRQHandler
                0x00000590                CAN0_ORed_16_31_MB_IRQHandler
                0x00000590                LPI2C0_Slave_IRQHandler
                0x00000590                Reserved71_IRQHandler
                0x00000590                PORTD_IRQHandler
                0x00000590                Reserved69_IRQHandler
                0x00000590                PORTB_IRQHandler
                0x00000590                Reserved70_IRQHandler
                0x00000590                ADC1_IRQHandler
                0x00000590                FTM2_Ch2_Ch3_IRQHandler
                0x00000590                Reserved53_IRQHandler
                0x00000590                DMA5_IRQHandler
                0x00000590                RTC_IRQHandler
                0x00000590                PDB0_IRQHandler
                0x00000590                Reserved54_IRQHandler
                0x00000590                FTM2_Ch6_Ch7_IRQHandler
                0x00000590                FTM3_Ch2_Ch3_IRQHandler
                0x00000590                FTM2_Ch0_Ch1_IRQHandler
                0x00000590                LPSPI1_IRQHandler
                0x00000590                RTC_Seconds_IRQHandler
                0x00000590                CAN2_ORed_IRQHandler
                0x00000590                Reserved72_IRQHandler
                0x00000590                Reserved110_IRQHandler
                0x00000590                DMA11_IRQHandler
                0x00000590                Reserved107_IRQHandler
                0x00000590                Read_Collision_IRQHandler
                0x00000590                CAN2_Error_IRQHandler
                0x00000590                FTFC_IRQHandler
                0x00000590                DMA7_IRQHandler
                0x00000590                FTM1_Ch6_Ch7_IRQHandler
                0x00000590                Reserved105_IRQHandler
                0x00000590                FTM1_Ch4_Ch5_IRQHandler
                0x00000590                FTM3_Ovf_Reload_IRQHandler
                0x00000590                LPUART2_RxTx_IRQHandler
                0x00000590                LPSPI0_IRQHandler
                0x00000590                WDOG_EWM_IRQHandler
                0x00000590                MemManage_Handler
                0x00000590                Reserved90_IRQHandler
                0x00000590                Reserved83_IRQHandler
                0x00000590                FTM0_Fault_IRQHandler
                0x00000590                Reserved48_IRQHandler
                0x00000590                SVC_Handler
                0x00000590                ERM_single_fault_IRQHandler
                0x00000590                FTM2_Fault_IRQHandler
                0x00000590                FTM0_Ch2_Ch3_IRQHandler
                0x00000590                DMA13_IRQHandler
                0x00000590                FTM0_Ch0_Ch1_IRQHandler
                0x00000590                FTM3_Fault_IRQHandler
                0x00000590                RCM_IRQHandler
                0x00000590                DMA3_IRQHandler
                0x00000590                Reserved100_IRQHandler
                0x00000590                DMA0_IRQHandler
                0x00000590                Reserved91_IRQHandler
                0x00000590                CAN1_ORed_IRQHandler
                0x00000590                DMA15_IRQHandler
                0x00000590                SCG_IRQHandler
                0x00000590                PDB1_IRQHandler
                0x00000590                Reserved81_IRQHandler
                0x00000590                Reserved46_IRQHandler
                0x00000590                Reserved45_IRQHandler
                0x00000590                CAN0_Error_IRQHandler
                0x00000590                Reserved112_IRQHandler
                0x00000590                LPI2C0_Master_IRQHandler
                0x00000590                DMA4_IRQHandler
                0x00000590                FTM1_Fault_IRQHandler
                0x00000590                Reserved106_IRQHandler
                0x00000590                DMA_Error_IRQHandler
                0x00000590                LVD_LVW_IRQHandler
                0x00000590                PORTA_IRQHandler
                0x00000590                MCM_IRQHandler
                0x00000590                LPSPI2_IRQHandler
                0x00000590                DMA12_IRQHandler
                0x00000590                FTM3_Ch4_Ch5_IRQHandler
                0x00000590                CAN0_ORed_0_15_MB_IRQHandler
                0x00000590                PORTE_IRQHandler
                0x00000590                LPUART0_RxTx_IRQHandler
                0x00000590                LPTMR0_IRQHandler
                0x00000590                BusFault_Handler
                0x00000590                Reserved87_IRQHandler
                0x00000590                FTM1_Ovf_Reload_IRQHandler
                0x00000590                DMA8_IRQHandler
                0x00000590                Reserved93_IRQHandler
                0x00000590                DMA10_IRQHandler
                0x00000590                CAN0_Wake_Up_IRQHandler
                0x00000590                CMP0_IRQHandler
                0x00000590                Reserved52_IRQHandler
                0x00000590                DMA6_IRQHandler
                0x00000590                FTM1_Ch0_Ch1_IRQHandler
                0x00000590                FLEXIO_IRQHandler
                0x00000590                DMA1_IRQHandler
                0x00000590                Reserved113_IRQHandler
 .text          0x00000594       0x14 C:/NXP/S32DS_ARM_v2.2/S32DS/build_tools/gcc_v6.3/gcc-6.3-arm32-eabi/arm-none-eabi/newlib/lib/thumb/v7e-m\libc.a(lib_a-strcmp.o)
                0x00000594                strcmp
 *(.text*)
 .text.init_data_bss
                0x000005a8      0x128 ./Project_Settings/Startup_Code/startup.o
                0x000005a8                init_data_bss
 .text.SystemInit
                0x000006d0       0x30 ./Project_Settings/Startup_Code/system_S32K144.o
                0x000006d0                SystemInit
 .text.Config_LPIT_Chanel
                0x00000700       0xdc ./src/LPIT.o
                0x00000700                Config_LPIT_Chanel
 .text.Send_Message
                0x000007dc       0x3a ./src/LPUART.o
                0x000007dc                Send_Message
 *fill*         0x00000816        0x2 
 .text.Config_LPUART_Chanel
                0x00000818       0xb0 ./src/LPUART.o
                0x00000818                Config_LPUART_Chanel
 .text.Enable_LPUART_Interrupts
                0x000008c8       0xdc ./src/LPUART.o
                0x000008c8                Enable_LPUART_Interrupts
 .text.Enable_TransmitData_Chanel
                0x000009a4       0x28 ./src/LPUART.o
                0x000009a4                Enable_TransmitData_Chanel
 .text.Disable_TransmitData_Chanel
                0x000009cc       0x28 ./src/LPUART.o
                0x000009cc                Disable_TransmitData_Chanel
 .text.Enable_ReceiveData_Chanel
                0x000009f4       0x28 ./src/LPUART.o
                0x000009f4                Enable_ReceiveData_Chanel
 .text.TransmitData
                0x00000a1c       0x4c ./src/LPUART.o
                0x00000a1c                TransmitData
 .text.ReceiveData
                0x00000a68       0x28 ./src/LPUART.o
                0x00000a68                ReceiveData
 .text.Enable_LPUART_Pin
                0x00000a90      0x3bc ./src/LPUART.o
                0x00000a90                Enable_LPUART_Pin
 .text.NVIC_Config_Interrup_Modul
                0x00000e4c       0x78 ./src/NVIC.o
                0x00000e4c                NVIC_Config_Interrup_Modul
 .text.PCC_LPIT_ClockSource
                0x00000ec4       0x34 ./src/PCC.o
                0x00000ec4                PCC_LPIT_ClockSource
 .text.PCC_LPUART_ClockSource
                0x00000ef8       0xa0 ./src/PCC.o
                0x00000ef8                PCC_LPUART_ClockSource
 .text.SCG_Asyn_Peripheral_Sources
                0x00000f98       0x90 ./src/SCG.o
                0x00000f98                SCG_Asyn_Peripheral_Sources
 .text.Config_SOSC_CLK
                0x00001028       0x64 ./src/SCG.o
                0x00001028                Config_SOSC_CLK
 .text.Config_SPLL_CLK
                0x0000108c       0xa8 ./src/SCG.o
                0x0000108c                Config_SPLL_CLK
 .text.Config_RCCR
                0x00001134       0xbc ./src/SCG.o
                0x00001134                Config_RCCR
 .text.initializeGPIOandSystick
                0x000011f0      0x104 ./src/funtion.o
                0x000011f0                initializeGPIOandSystick
 .text.SysTick_Handler
                0x000012f4       0x1c ./src/funtion.o
                0x000012f4                SysTick_Handler
 .text.main     0x00001310      0x110 ./src/main.o
                0x00001310                main
 .text.LPIT0_Ch0_IRQHandler
                0x00001420       0x44 ./src/main.o
                0x00001420                LPIT0_Ch0_IRQHandler
 .text.LPIT0_Ch1_IRQHandler
                0x00001464       0x1c ./src/main.o
                0x00001464                LPIT0_Ch1_IRQHandler
 .text.LPIT0_Ch2_IRQHandler
                0x00001480       0x1c ./src/main.o
                0x00001480                LPIT0_Ch2_IRQHandler
 .text.PORTC_IRQHandler
                0x0000149c       0xc4 ./src/main.o
                0x0000149c                PORTC_IRQHandler
 .text.LPUART1_RxTx_IRQHandler
                0x00001560       0xa8 ./src/main.o
                0x00001560                LPUART1_RxTx_IRQHandler
 .text.exit     0x00001608       0x20 C:/NXP/S32DS_ARM_v2.2/S32DS/build_tools/gcc_v6.3/gcc-6.3-arm32-eabi/arm-none-eabi/newlib/lib/thumb/v7e-m\libc.a(lib_a-exit.o)
                0x00001608                exit
 .text.__libc_init_array
                0x00001628       0x48 C:/NXP/S32DS_ARM_v2.2/S32DS/build_tools/gcc_v6.3/gcc-6.3-arm32-eabi/arm-none-eabi/newlib/lib/thumb/v7e-m\libc.a(lib_a-init.o)
                0x00001628                __libc_init_array
 .text.memset   0x00001670       0x10 C:/NXP/S32DS_ARM_v2.2/S32DS/build_tools/gcc_v6.3/gcc-6.3-arm32-eabi/arm-none-eabi/newlib/lib/thumb/v7e-m\libc.a(lib_a-memset.o)
                0x00001670                memset
 .text.startup.register_fini
                0x00001680       0x14 C:/NXP/S32DS_ARM_v2.2/S32DS/build_tools/gcc_v6.3/gcc-6.3-arm32-eabi/arm-none-eabi/newlib/lib/thumb/v7e-m\libc.a(lib_a-__call_atexit.o)
 .text.__call_exitprocs
                0x00001694       0xc8 C:/NXP/S32DS_ARM_v2.2/S32DS/build_tools/gcc_v6.3/gcc-6.3-arm32-eabi/arm-none-eabi/newlib/lib/thumb/v7e-m\libc.a(lib_a-__call_atexit.o)
                0x00001694                __call_exitprocs
 .text.__libc_fini_array
                0x0000175c       0x28 C:/NXP/S32DS_ARM_v2.2/S32DS/build_tools/gcc_v6.3/gcc-6.3-arm32-eabi/arm-none-eabi/newlib/lib/thumb/v7e-m\libc.a(lib_a-fini.o)
                0x0000175c                __libc_fini_array
 .text.atexit   0x00001784        0xc C:/NXP/S32DS_ARM_v2.2/S32DS/build_tools/gcc_v6.3/gcc-6.3-arm32-eabi/arm-none-eabi/newlib/lib/thumb/v7e-m\libc.a(lib_a-atexit.o)
                0x00001784                atexit
 .text.__register_exitproc
                0x00001790       0x98 C:/NXP/S32DS_ARM_v2.2/S32DS/build_tools/gcc_v6.3/gcc-6.3-arm32-eabi/arm-none-eabi/newlib/lib/thumb/v7e-m\libc.a(lib_a-__atexit.o)
                0x00001790                __register_exitproc
 .text._exit    0x00001828        0x2 C:/NXP/S32DS_ARM_v2.2/S32DS/build_tools/gcc_v6.3/gcc-6.3-arm32-eabi/arm-none-eabi/newlib/lib/thumb/v7e-m\libnosys.a(_exit.o)
                0x00001828                _exit
 *(.rodata)
 *fill*         0x0000182a        0x2 
 .rodata        0x0000182c        0x8 ./src/main.o
 *(.rodata*)
 .rodata._global_impure_ptr
                0x00001834        0x4 C:/NXP/S32DS_ARM_v2.2/S32DS/build_tools/gcc_v6.3/gcc-6.3-arm32-eabi/arm-none-eabi/newlib/lib/thumb/v7e-m\libc.a(lib_a-impure.o)
                0x00001834                _global_impure_ptr
 *(.glue_7)
 .glue_7        0x00001838        0x0 linker stubs
 *(.glue_7t)
 .glue_7t       0x00001838        0x0 linker stubs
 *(.eh_frame)
 .eh_frame      0x00001838        0x0 c:/nxp/s32ds_arm_v2.2/s32ds/build_tools/gcc_v6.3/gcc-6.3-arm32-eabi/bin/../lib/gcc/arm-none-eabi/6.3.1/thumb/v7e-m/crtbegin.o
 *(.init)
 .init          0x00001838        0x4 c:/nxp/s32ds_arm_v2.2/s32ds/build_tools/gcc_v6.3/gcc-6.3-arm32-eabi/bin/../lib/gcc/arm-none-eabi/6.3.1/thumb/v7e-m/crti.o
                0x00001838                _init
 .init          0x0000183c        0x8 c:/nxp/s32ds_arm_v2.2/s32ds/build_tools/gcc_v6.3/gcc-6.3-arm32-eabi/bin/../lib/gcc/arm-none-eabi/6.3.1/thumb/v7e-m/crtn.o
 *(.fini)
 .fini          0x00001844        0x4 c:/nxp/s32ds_arm_v2.2/s32ds/build_tools/gcc_v6.3/gcc-6.3-arm32-eabi/bin/../lib/gcc/arm-none-eabi/6.3.1/thumb/v7e-m/crti.o
                0x00001844                _fini
 .fini          0x00001848        0x8 c:/nxp/s32ds_arm_v2.2/s32ds/build_tools/gcc_v6.3/gcc-6.3-arm32-eabi/bin/../lib/gcc/arm-none-eabi/6.3.1/thumb/v7e-m/crtn.o
                0x00001850                . = ALIGN (0x4)

.vfp11_veneer   0x00001850        0x0
 .vfp11_veneer  0x00001850        0x0 linker stubs

.v4_bx          0x00001850        0x0
 .v4_bx         0x00001850        0x0 linker stubs

.iplt           0x00001850        0x0
 .iplt          0x00001850        0x0 c:/nxp/s32ds_arm_v2.2/s32ds/build_tools/gcc_v6.3/gcc-6.3-arm32-eabi/bin/../lib/gcc/arm-none-eabi/6.3.1/thumb/v7e-m/crtbegin.o

.ARM.extab
 *(.ARM.extab* .gnu.linkonce.armextab.*)

.ARM            0x00001850        0x8
                0x00001850                __exidx_start = .
 *(.ARM.exidx*)
 .ARM.exidx     0x00001850        0x8 C:/NXP/S32DS_ARM_v2.2/S32DS/build_tools/gcc_v6.3/gcc-6.3-arm32-eabi/arm-none-eabi/newlib/lib/thumb/v7e-m/crt0.o
                0x00001858                __exidx_end = .

.rel.dyn        0x00001858        0x0
 .rel.iplt      0x00001858        0x0 c:/nxp/s32ds_arm_v2.2/s32ds/build_tools/gcc_v6.3/gcc-6.3-arm32-eabi/bin/../lib/gcc/arm-none-eabi/6.3.1/thumb/v7e-m/crtbegin.o

.ctors          0x00001858        0x0
                0x00001858                __CTOR_LIST__ = .
 *crtbegin.o(.ctors)
 *crtbegin?.o(.ctors)
 *(EXCLUDE_FILE(*crtend.o *crtend?.o) .ctors)
 *(SORT(.ctors.*))
 *(.ctors)
                0x00001858                __CTOR_END__ = .

.dtors          0x00001858        0x0
                0x00001858                __DTOR_LIST__ = .
 *crtbegin.o(.dtors)
 *crtbegin?.o(.dtors)
 *(EXCLUDE_FILE(*crtend.o *crtend?.o) .dtors)
 *(SORT(.dtors.*))
 *(.dtors)
                0x00001858                __DTOR_END__ = .

.preinit_array  0x00001858        0x0
                0x00001858                PROVIDE (__preinit_array_start, .)
 *(.preinit_array*)
                0x00001858                PROVIDE (__preinit_array_end, .)

.init_array     0x00001858        0x8
                0x00001858                PROVIDE (__init_array_start, .)
 *(SORT(.init_array.*))
 .init_array.00000
                0x00001858        0x4 C:/NXP/S32DS_ARM_v2.2/S32DS/build_tools/gcc_v6.3/gcc-6.3-arm32-eabi/arm-none-eabi/newlib/lib/thumb/v7e-m\libc.a(lib_a-__call_atexit.o)
 *(.init_array*)
 .init_array    0x0000185c        0x4 c:/nxp/s32ds_arm_v2.2/s32ds/build_tools/gcc_v6.3/gcc-6.3-arm32-eabi/bin/../lib/gcc/arm-none-eabi/6.3.1/thumb/v7e-m/crtbegin.o
                0x00001860                PROVIDE (__init_array_end, .)

.fini_array     0x00001860        0x4
                0x00001860                PROVIDE (__fini_array_start, .)
 *(SORT(.fini_array.*))
 *(.fini_array*)
 .fini_array    0x00001860        0x4 c:/nxp/s32ds_arm_v2.2/s32ds/build_tools/gcc_v6.3/gcc-6.3-arm32-eabi/bin/../lib/gcc/arm-none-eabi/6.3.1/thumb/v7e-m/crtbegin.o
                0x00001864                PROVIDE (__fini_array_end, .)
                0x00001864                __etext = .
                0x00001864                __DATA_ROM = .

.interrupts_ram
                0x1fff8000      0x400
                0x1fff8000                . = ALIGN (0x4)
                0x1fff8000                __VECTOR_RAM__ = .
                0x1fff8000                __RAM_START = .
                0x1fff8000                __interrupts_ram_start__ = .
 *(.m_interrupts_ram)
                0x1fff8400                . = (. + M_VECTOR_RAM_SIZE)
 *fill*         0x1fff8000      0x400 
                0x1fff8400                . = ALIGN (0x4)
                0x1fff8400                __interrupts_ram_end__ = .
                0x1fff8000                __VECTOR_RAM = DEFINED (__flash_vector_table__)?ORIGIN (m_interrupts):__VECTOR_RAM__
                0x00000400                __RAM_VECTOR_TABLE_SIZE = DEFINED (__flash_vector_table__)?0x0:(__interrupts_ram_end__ - __interrupts_ram_start__)

.data           0x1fff8400      0x444 load address 0x00001864
                0x1fff8400                . = ALIGN (0x4)
                0x1fff8400                __DATA_RAM = .
                0x1fff8400                __data_start__ = .
 *(.data)
 *(.data*)
 .data.CHANEL   0x1fff8400        0xc ./src/LPUART.o
 .data.switch_led
                0x1fff840c        0x1 ./src/main.o
 .data.counter  0x1fff840d        0x1 ./src/main.o
 *fill*         0x1fff840e        0x2 
 .data.arr      0x1fff8410        0xf ./src/main.o
 *fill*         0x1fff841f        0x1 
 .data.timeValue
                0x1fff8420        0x4 ./src/main.o
 *fill*         0x1fff8424        0x4 
 .data.impure_data
                0x1fff8428      0x418 C:/NXP/S32DS_ARM_v2.2/S32DS/build_tools/gcc_v6.3/gcc-6.3-arm32-eabi/arm-none-eabi/newlib/lib/thumb/v7e-m\libc.a(lib_a-impure.o)
 *(.jcr*)
 .jcr           0x1fff8840        0x0 c:/nxp/s32ds_arm_v2.2/s32ds/build_tools/gcc_v6.3/gcc-6.3-arm32-eabi/bin/../lib/gcc/arm-none-eabi/6.3.1/thumb/v7e-m/crtbegin.o
 .jcr           0x1fff8840        0x4 c:/nxp/s32ds_arm_v2.2/s32ds/build_tools/gcc_v6.3/gcc-6.3-arm32-eabi/bin/../lib/gcc/arm-none-eabi/6.3.1/thumb/v7e-m/crtend.o
                0x1fff8844                . = ALIGN (0x4)
                0x1fff8844                __data_end__ = .
                0x00001ca8                __DATA_END = (__DATA_ROM + (__data_end__ - __data_start__))
                0x00001ca8                __CODE_ROM = __DATA_END

.tm_clone_table
                0x1fff8844        0x0 load address 0x00001ca8
 .tm_clone_table
                0x1fff8844        0x0 c:/nxp/s32ds_arm_v2.2/s32ds/build_tools/gcc_v6.3/gcc-6.3-arm32-eabi/bin/../lib/gcc/arm-none-eabi/6.3.1/thumb/v7e-m/crtbegin.o
 .tm_clone_table
                0x1fff8844        0x0 c:/nxp/s32ds_arm_v2.2/s32ds/build_tools/gcc_v6.3/gcc-6.3-arm32-eabi/bin/../lib/gcc/arm-none-eabi/6.3.1/thumb/v7e-m/crtend.o

.igot.plt       0x1fff8844        0x0 load address 0x00001ca8
 .igot.plt      0x1fff8844        0x0 c:/nxp/s32ds_arm_v2.2/s32ds/build_tools/gcc_v6.3/gcc-6.3-arm32-eabi/bin/../lib/gcc/arm-none-eabi/6.3.1/thumb/v7e-m/crtbegin.o

.code           0x1fff8844        0x0 load address 0x00001ca8
                0x1fff8844                . = ALIGN (0x4)
                0x1fff8844                __CODE_RAM = .
                0x1fff8844                __code_start__ = .
                0x1fff8844                __code_ram_start__ = .
 *(.code_ram)
                0x1fff8844                . = ALIGN (0x4)
                0x1fff8844                __code_end__ = .
                0x1fff8844                __code_ram_end__ = .
                0x00001ca8                __CODE_END = (__CODE_ROM + (__code_end__ - __code_start__))
                0x00001ca8                __CUSTOM_ROM = __CODE_END

.customSectionBlock
                0x20000000        0x0 load address 0x00001ca8
                0x20000000                __customSection_start__ = .
 *(.customSection)
                0x20000000                __customSection_end__ = .
                0x00001ca8                __CUSTOM_END = (__CUSTOM_ROM + (__customSection_end__ - __customSection_start__))

.bss            0x20000000       0x2c
                0x20000000                . = ALIGN (0x4)
                0x20000000                __BSS_START = .
                0x20000000                __bss_start__ = .
 *(.bss)
 .bss           0x20000000       0x1c c:/nxp/s32ds_arm_v2.2/s32ds/build_tools/gcc_v6.3/gcc-6.3-arm32-eabi/bin/../lib/gcc/arm-none-eabi/6.3.1/thumb/v7e-m/crtbegin.o
 *(.bss*)
 .bss.msCounter
                0x2000001c        0x4 ./src/funtion.o
 .bss.buffer    0x20000020        0xa ./src/main.o
 .bss.buffer_index
                0x2000002a        0x1 ./src/main.o
 *(COMMON)
                0x2000002c                . = ALIGN (0x4)
 *fill*         0x2000002b        0x1 
                0x2000002c                __bss_end__ = .
                0x2000002c                __BSS_END = .

.heap           0x2000002c      0x404
                0x20000030                . = ALIGN (0x8)
 *fill*         0x2000002c        0x4 
                0x20000030                __end__ = .
                0x20000030                __heap_start__ = .
                [!provide]                PROVIDE (end, .)
                [!provide]                PROVIDE (_end, .)
                [!provide]                PROVIDE (__end, .)
                0x20000030                __HeapBase = .
                0x20000430                . = (. + HEAP_SIZE)
 *fill*         0x20000030      0x400 
                0x20000430                __HeapLimit = .
                0x20000430                __heap_limit = .
                0x20000430                __heap_end__ = .
                0x20007000                __StackTop = (ORIGIN (m_data_2) + LENGTH (m_data_2))
                0x20006c00                __StackLimit = (__StackTop - STACK_SIZE)
                0x20007000                PROVIDE (__stack, __StackTop)
                0x20007000                __RAM_END = __StackTop

.stack          0x20006c00      0x400
                0x20006c00                . = ALIGN (0x8)
                0x20006c00                __stack_start__ = .
                0x20007000                . = (. + STACK_SIZE)
 *fill*         0x20006c00      0x400 
                0x20007000                __stack_end__ = .
                0x20000000                __START_BSS = __BSS_START
                0x2000002c                __END_BSS = __BSS_END
                0x20007000                __SP_INIT = __StackTop

.ARM.attributes
                0x00000000       0x2a
 *(.ARM.attributes)
 .ARM.attributes
                0x00000000       0x1e c:/nxp/s32ds_arm_v2.2/s32ds/build_tools/gcc_v6.3/gcc-6.3-arm32-eabi/bin/../lib/gcc/arm-none-eabi/6.3.1/thumb/v7e-m/crti.o
 .ARM.attributes
                0x0000001e       0x2e c:/nxp/s32ds_arm_v2.2/s32ds/build_tools/gcc_v6.3/gcc-6.3-arm32-eabi/bin/../lib/gcc/arm-none-eabi/6.3.1/thumb/v7e-m/crtbegin.o
 .ARM.attributes
                0x0000004c       0x1c C:/NXP/S32DS_ARM_v2.2/S32DS/build_tools/gcc_v6.3/gcc-6.3-arm32-eabi/arm-none-eabi/newlib/lib/thumb/v7e-m/crt0.o
 .ARM.attributes
                0x00000068       0x33 ./Project_Settings/Startup_Code/startup.o
 .ARM.attributes
                0x0000009b       0x1b ./Project_Settings/Startup_Code/startup_S32K144.o
 .ARM.attributes
                0x000000b6       0x33 ./Project_Settings/Startup_Code/system_S32K144.o
 .ARM.attributes
                0x000000e9       0x33 ./src/LPIT.o
 .ARM.attributes
                0x0000011c       0x33 ./src/LPUART.o
 .ARM.attributes
                0x0000014f       0x33 ./src/NVIC.o
 .ARM.attributes
                0x00000182       0x33 ./src/PCC.o
 .ARM.attributes
                0x000001b5       0x33 ./src/SCG.o
 .ARM.attributes
                0x000001e8       0x33 ./src/funtion.o
 .ARM.attributes
                0x0000021b       0x33 ./src/main.o
 .ARM.attributes
                0x0000024e       0x2e C:/NXP/S32DS_ARM_v2.2/S32DS/build_tools/gcc_v6.3/gcc-6.3-arm32-eabi/arm-none-eabi/newlib/lib/thumb/v7e-m\libc.a(lib_a-exit.o)
 .ARM.attributes
                0x0000027c       0x2e C:/NXP/S32DS_ARM_v2.2/S32DS/build_tools/gcc_v6.3/gcc-6.3-arm32-eabi/arm-none-eabi/newlib/lib/thumb/v7e-m\libc.a(lib_a-impure.o)
 .ARM.attributes
                0x000002aa       0x2e C:/NXP/S32DS_ARM_v2.2/S32DS/build_tools/gcc_v6.3/gcc-6.3-arm32-eabi/arm-none-eabi/newlib/lib/thumb/v7e-m\libc.a(lib_a-init.o)
 .ARM.attributes
                0x000002d8       0x2e C:/NXP/S32DS_ARM_v2.2/S32DS/build_tools/gcc_v6.3/gcc-6.3-arm32-eabi/arm-none-eabi/newlib/lib/thumb/v7e-m\libc.a(lib_a-memset.o)
 .ARM.attributes
                0x00000306       0x1c C:/NXP/S32DS_ARM_v2.2/S32DS/build_tools/gcc_v6.3/gcc-6.3-arm32-eabi/arm-none-eabi/newlib/lib/thumb/v7e-m\libc.a(lib_a-strcmp.o)
 .ARM.attributes
                0x00000322       0x2e C:/NXP/S32DS_ARM_v2.2/S32DS/build_tools/gcc_v6.3/gcc-6.3-arm32-eabi/arm-none-eabi/newlib/lib/thumb/v7e-m\libc.a(lib_a-__call_atexit.o)
 .ARM.attributes
                0x00000350       0x2e C:/NXP/S32DS_ARM_v2.2/S32DS/build_tools/gcc_v6.3/gcc-6.3-arm32-eabi/arm-none-eabi/newlib/lib/thumb/v7e-m\libc.a(lib_a-fini.o)
 .ARM.attributes
                0x0000037e       0x2e C:/NXP/S32DS_ARM_v2.2/S32DS/build_tools/gcc_v6.3/gcc-6.3-arm32-eabi/arm-none-eabi/newlib/lib/thumb/v7e-m\libc.a(lib_a-atexit.o)
 .ARM.attributes
                0x000003ac       0x2e C:/NXP/S32DS_ARM_v2.2/S32DS/build_tools/gcc_v6.3/gcc-6.3-arm32-eabi/arm-none-eabi/newlib/lib/thumb/v7e-m\libc.a(lib_a-__atexit.o)
 .ARM.attributes
                0x000003da       0x2e C:/NXP/S32DS_ARM_v2.2/S32DS/build_tools/gcc_v6.3/gcc-6.3-arm32-eabi/arm-none-eabi/newlib/lib/thumb/v7e-m\libnosys.a(_exit.o)
 .ARM.attributes
                0x00000408       0x2e c:/nxp/s32ds_arm_v2.2/s32ds/build_tools/gcc_v6.3/gcc-6.3-arm32-eabi/bin/../lib/gcc/arm-none-eabi/6.3.1/thumb/v7e-m/crtend.o
 .ARM.attributes
                0x00000436       0x1e c:/nxp/s32ds_arm_v2.2/s32ds/build_tools/gcc_v6.3/gcc-6.3-arm32-eabi/bin/../lib/gcc/arm-none-eabi/6.3.1/thumb/v7e-m/crtn.o
                0x00000001                ASSERT ((__StackLimit >= __HeapLimit), region m_data_2 overflowed with stack and heap)
OUTPUT(Control_PWM_with_buttons.elf elf32-littlearm)

.comment        0x00000000       0xa0
 .comment       0x00000000       0xa0 c:/nxp/s32ds_arm_v2.2/s32ds/build_tools/gcc_v6.3/gcc-6.3-arm32-eabi/bin/../lib/gcc/arm-none-eabi/6.3.1/thumb/v7e-m/crtbegin.o
                                 0xa1 (size before relaxing)
 .comment       0x000000a0       0xa1 ./Project_Settings/Startup_Code/startup.o
 .comment       0x000000a0       0xa1 ./Project_Settings/Startup_Code/system_S32K144.o
 .comment       0x000000a0       0xa1 ./src/LPIT.o
 .comment       0x000000a0       0xa1 ./src/LPUART.o
 .comment       0x000000a0       0xa1 ./src/NVIC.o
 .comment       0x000000a0       0xa1 ./src/PCC.o
 .comment       0x000000a0       0xa1 ./src/SCG.o
 .comment       0x000000a0       0xa1 ./src/funtion.o
 .comment       0x000000a0       0xa1 ./src/main.o
 .comment       0x000000a0       0xa1 c:/nxp/s32ds_arm_v2.2/s32ds/build_tools/gcc_v6.3/gcc-6.3-arm32-eabi/bin/../lib/gcc/arm-none-eabi/6.3.1/thumb/v7e-m/crtend.o

.debug_info     0x00000000     0x52cc
 .debug_info    0x00000000      0x471 ./Project_Settings/Startup_Code/startup.o
 .debug_info    0x00000471       0x26 ./Project_Settings/Startup_Code/startup_S32K144.o
 .debug_info    0x00000497      0x522 ./Project_Settings/Startup_Code/system_S32K144.o
 .debug_info    0x000009b9      0x691 ./src/LPIT.o
 .debug_info    0x0000104a     0x173d ./src/LPUART.o
 .debug_info    0x00002787      0x27e ./src/NVIC.o
 .debug_info    0x00002a05      0x58b ./src/PCC.o
 .debug_info    0x00002f90      0x670 ./src/SCG.o
 .debug_info    0x00003600      0x7c2 ./src/funtion.o
 .debug_info    0x00003dc2     0x150a ./src/main.o

.debug_abbrev   0x00000000      0xc53
 .debug_abbrev  0x00000000      0x108 ./Project_Settings/Startup_Code/startup.o
 .debug_abbrev  0x00000108       0x14 ./Project_Settings/Startup_Code/startup_S32K144.o
 .debug_abbrev  0x0000011c      0x125 ./Project_Settings/Startup_Code/system_S32K144.o
 .debug_abbrev  0x00000241      0x112 ./src/LPIT.o
 .debug_abbrev  0x00000353      0x229 ./src/LPUART.o
 .debug_abbrev  0x0000057c       0xd7 ./src/NVIC.o
 .debug_abbrev  0x00000653      0x139 ./src/PCC.o
 .debug_abbrev  0x0000078c      0x15e ./src/SCG.o
 .debug_abbrev  0x000008ea      0x160 ./src/funtion.o
 .debug_abbrev  0x00000a4a      0x209 ./src/main.o

.debug_aranges  0x00000000      0x200
 .debug_aranges
                0x00000000       0x20 ./Project_Settings/Startup_Code/startup.o
 .debug_aranges
                0x00000020       0x20 ./Project_Settings/Startup_Code/startup_S32K144.o
 .debug_aranges
                0x00000040       0x30 ./Project_Settings/Startup_Code/system_S32K144.o
 .debug_aranges
                0x00000070       0x28 ./src/LPIT.o
 .debug_aranges
                0x00000098       0x68 ./src/LPUART.o
 .debug_aranges
                0x00000100       0x20 ./src/NVIC.o
 .debug_aranges
                0x00000120       0x30 ./src/PCC.o
 .debug_aranges
                0x00000150       0x38 ./src/SCG.o
 .debug_aranges
                0x00000188       0x30 ./src/funtion.o
 .debug_aranges
                0x000001b8       0x48 ./src/main.o

.debug_ranges   0x00000000      0x150
 .debug_ranges  0x00000000       0x10 ./Project_Settings/Startup_Code/startup.o
 .debug_ranges  0x00000010       0x20 ./Project_Settings/Startup_Code/system_S32K144.o
 .debug_ranges  0x00000030       0x18 ./src/LPIT.o
 .debug_ranges  0x00000048       0x58 ./src/LPUART.o
 .debug_ranges  0x000000a0       0x10 ./src/NVIC.o
 .debug_ranges  0x000000b0       0x20 ./src/PCC.o
 .debug_ranges  0x000000d0       0x28 ./src/SCG.o
 .debug_ranges  0x000000f8       0x20 ./src/funtion.o
 .debug_ranges  0x00000118       0x38 ./src/main.o

.debug_macro    0x00000000    0x20346
 .debug_macro   0x00000000       0xb5 ./Project_Settings/Startup_Code/startup.o
 .debug_macro   0x000000b5      0x8d4 ./Project_Settings/Startup_Code/startup.o
 .debug_macro   0x00000989       0x22 ./Project_Settings/Startup_Code/startup.o
 .debug_macro   0x000009ab       0x87 ./Project_Settings/Startup_Code/startup.o
 .debug_macro   0x00000a32       0x51 ./Project_Settings/Startup_Code/startup.o
 .debug_macro   0x00000a83       0xef ./Project_Settings/Startup_Code/startup.o
 .debug_macro   0x00000b72       0x6a ./Project_Settings/Startup_Code/startup.o
 .debug_macro   0x00000bdc      0x1df ./Project_Settings/Startup_Code/startup.o
 .debug_macro   0x00000dbb       0x10 ./Project_Settings/Startup_Code/startup.o
 .debug_macro   0x00000dcb       0x6d ./Project_Settings/Startup_Code/startup.o
 .debug_macro   0x00000e38     0xecc2 ./Project_Settings/Startup_Code/startup.o
 .debug_macro   0x0000fafa      0xa19 ./Project_Settings/Startup_Code/startup.o
 .debug_macro   0x00010513       0x22 ./Project_Settings/Startup_Code/startup.o
 .debug_macro   0x00010535       0x40 ./Project_Settings/Startup_Code/startup.o
 .debug_macro   0x00010575       0xb5 ./Project_Settings/Startup_Code/system_S32K144.o
 .debug_macro   0x0001062a       0x19 ./Project_Settings/Startup_Code/system_S32K144.o
 .debug_macro   0x00010643     0xecad ./Project_Settings/Startup_Code/system_S32K144.o
 .debug_macro   0x0001f2f0       0x28 ./Project_Settings/Startup_Code/system_S32K144.o
 .debug_macro   0x0001f318       0xa0 ./src/LPIT.o
 .debug_macro   0x0001f3b8       0x3a ./src/LPIT.o
 .debug_macro   0x0001f3f2       0x17 ./src/LPIT.o
 .debug_macro   0x0001f409       0x10 ./src/LPIT.o
 .debug_macro   0x0001f419       0x10 ./src/LPIT.o
 .debug_macro   0x0001f429       0x16 ./src/LPIT.o
 .debug_macro   0x0001f43f      0x15c ./src/LPUART.o
 .debug_macro   0x0001f59b       0x2b ./src/LPUART.o
 .debug_macro   0x0001f5c6       0x52 ./src/LPUART.o
 .debug_macro   0x0001f618       0x3c ./src/LPUART.o
 .debug_macro   0x0001f654       0x9c ./src/LPUART.o
 .debug_macro   0x0001f6f0      0x174 ./src/LPUART.o
 .debug_macro   0x0001f864       0x52 ./src/LPUART.o
 .debug_macro   0x0001f8b6       0x1f ./src/LPUART.o
 .debug_macro   0x0001f8d5       0x43 ./src/LPUART.o
 .debug_macro   0x0001f918       0x20 ./src/LPUART.o
 .debug_macro   0x0001f938      0x1a3 ./src/LPUART.o
 .debug_macro   0x0001fadb      0x30d ./src/LPUART.o
 .debug_macro   0x0001fde8       0x10 ./src/LPUART.o
 .debug_macro   0x0001fdf8       0x35 ./src/LPUART.o
 .debug_macro   0x0001fe2d       0x7b ./src/NVIC.o
 .debug_macro   0x0001fea8       0x10 ./src/NVIC.o
 .debug_macro   0x0001feb8       0x8e ./src/PCC.o
 .debug_macro   0x0001ff46       0x11 ./src/PCC.o
 .debug_macro   0x0001ff57       0x7b ./src/SCG.o
 .debug_macro   0x0001ffd2       0xbd ./src/funtion.o
 .debug_macro   0x0002008f       0x16 ./src/funtion.o
 .debug_macro   0x000200a5       0x34 ./src/funtion.o
 .debug_macro   0x000200d9      0x1d3 ./src/main.o
 .debug_macro   0x000202ac       0x16 ./src/main.o
 .debug_macro   0x000202c2       0x31 ./src/main.o
 .debug_macro   0x000202f3       0x3d ./src/main.o
 .debug_macro   0x00020330       0x16 ./src/main.o

.debug_line     0x00000000     0x1e50
 .debug_line    0x00000000      0x33a ./Project_Settings/Startup_Code/startup.o
 .debug_line    0x0000033a       0x91 ./Project_Settings/Startup_Code/startup_S32K144.o
 .debug_line    0x000003cb      0x357 ./Project_Settings/Startup_Code/system_S32K144.o
 .debug_line    0x00000722      0x2e6 ./src/LPIT.o
 .debug_line    0x00000a08      0x477 ./src/LPUART.o
 .debug_line    0x00000e7f      0x28c ./src/NVIC.o
 .debug_line    0x0000110b      0x2d0 ./src/PCC.o
 .debug_line    0x000013db      0x2f4 ./src/SCG.o
 .debug_line    0x000016cf      0x321 ./src/funtion.o
 .debug_line    0x000019f0      0x460 ./src/main.o

.debug_str      0x00000000    0x6d1a7
 .debug_str     0x00000000    0x6813c ./Project_Settings/Startup_Code/startup.o
                              0x68369 (size before relaxing)
 .debug_str     0x0006813c       0x3f ./Project_Settings/Startup_Code/startup_S32K144.o
                                 0x86 (size before relaxing)
 .debug_str     0x0006817b      0x16d ./Project_Settings/Startup_Code/system_S32K144.o
                              0x68142 (size before relaxing)
 .debug_str     0x000682e8      0x5ec ./src/LPIT.o
                               0x3bb1 (size before relaxing)
 .debug_str     0x000688d4     0x3e34 ./src/LPUART.o
                               0x7816 (size before relaxing)
 .debug_str     0x0006c708       0x84 ./src/NVIC.o
                               0x38d9 (size before relaxing)
 .debug_str     0x0006c78c       0x86 ./src/PCC.o
                               0x3bd3 (size before relaxing)
 .debug_str     0x0006c812      0x35d ./src/SCG.o
                               0x3bdd (size before relaxing)
 .debug_str     0x0006cb6f      0x239 ./src/funtion.o
                               0x3fda (size before relaxing)
 .debug_str     0x0006cda8      0x3ff ./src/main.o
                               0x7c6e (size before relaxing)

.debug_frame    0x00000000      0x6e8
 .debug_frame   0x00000000       0x38 ./Project_Settings/Startup_Code/startup.o
 .debug_frame   0x00000038       0x80 ./Project_Settings/Startup_Code/system_S32K144.o
 .debug_frame   0x000000b8       0x5c ./src/LPIT.o
 .debug_frame   0x00000114      0x19c ./src/LPUART.o
 .debug_frame   0x000002b0       0x38 ./src/NVIC.o
 .debug_frame   0x000002e8       0x88 ./src/PCC.o
 .debug_frame   0x00000370       0xac ./src/SCG.o
 .debug_frame   0x0000041c       0x74 ./src/funtion.o
 .debug_frame   0x00000490       0xd0 ./src/main.o
 .debug_frame   0x00000560       0x28 C:/NXP/S32DS_ARM_v2.2/S32DS/build_tools/gcc_v6.3/gcc-6.3-arm32-eabi/arm-none-eabi/newlib/lib/thumb/v7e-m\libc.a(lib_a-exit.o)
 .debug_frame   0x00000588       0x2c C:/NXP/S32DS_ARM_v2.2/S32DS/build_tools/gcc_v6.3/gcc-6.3-arm32-eabi/arm-none-eabi/newlib/lib/thumb/v7e-m\libc.a(lib_a-init.o)
 .debug_frame   0x000005b4       0x20 C:/NXP/S32DS_ARM_v2.2/S32DS/build_tools/gcc_v6.3/gcc-6.3-arm32-eabi/arm-none-eabi/newlib/lib/thumb/v7e-m\libc.a(lib_a-memset.o)
 .debug_frame   0x000005d4       0x20 C:/NXP/S32DS_ARM_v2.2/S32DS/build_tools/gcc_v6.3/gcc-6.3-arm32-eabi/arm-none-eabi/newlib/lib/thumb/v7e-m\libc.a(lib_a-strcmp.o)
 .debug_frame   0x000005f4       0x4c C:/NXP/S32DS_ARM_v2.2/S32DS/build_tools/gcc_v6.3/gcc-6.3-arm32-eabi/arm-none-eabi/newlib/lib/thumb/v7e-m\libc.a(lib_a-__call_atexit.o)
 .debug_frame   0x00000640       0x38 C:/NXP/S32DS_ARM_v2.2/S32DS/build_tools/gcc_v6.3/gcc-6.3-arm32-eabi/arm-none-eabi/newlib/lib/thumb/v7e-m\libc.a(lib_a-fini.o)
 .debug_frame   0x00000678       0x20 C:/NXP/S32DS_ARM_v2.2/S32DS/build_tools/gcc_v6.3/gcc-6.3-arm32-eabi/arm-none-eabi/newlib/lib/thumb/v7e-m\libc.a(lib_a-atexit.o)
 .debug_frame   0x00000698       0x30 C:/NXP/S32DS_ARM_v2.2/S32DS/build_tools/gcc_v6.3/gcc-6.3-arm32-eabi/arm-none-eabi/newlib/lib/thumb/v7e-m\libc.a(lib_a-__atexit.o)
 .debug_frame   0x000006c8       0x20 C:/NXP/S32DS_ARM_v2.2/S32DS/build_tools/gcc_v6.3/gcc-6.3-arm32-eabi/arm-none-eabi/newlib/lib/thumb/v7e-m\libnosys.a(_exit.o)
