Archive member included to satisfy reference by file (symbol)

C:/NXP/S32DS_ARM_v2.2/S32DS/build_tools/gcc_v6.3/gcc-6.3-arm32-eabi/arm-none-eabi/newlib/lib/thumb/v7e-m\libc.a(lib_a-exit.o)
                              C:/NXP/S32DS_ARM_v2.2/S32DS/build_tools/gcc_v6.3/gcc-6.3-arm32-eabi/arm-none-eabi/newlib/lib/thumb/v7e-m/crt0.o (exit)
C:/NXP/S32DS_ARM_v2.2/S32DS/build_tools/gcc_v6.3/gcc-6.3-arm32-eabi/arm-none-eabi/newlib/lib/thumb/v7e-m\libc.a(lib_a-impure.o)
                              C:/NXP/S32DS_ARM_v2.2/S32DS/build_tools/gcc_v6.3/gcc-6.3-arm32-eabi/arm-none-eabi/newlib/lib/thumb/v7e-m\libc.a(lib_a-exit.o) (_global_impure_ptr)
C:/NXP/S32DS_ARM_v2.2/S32DS/build_tools/gcc_v6.3/gcc-6.3-arm32-eabi/arm-none-eabi/newlib/lib/thumb/v7e-m\libc.a(lib_a-init.o)
                              C:/NXP/S32DS_ARM_v2.2/S32DS/build_tools/gcc_v6.3/gcc-6.3-arm32-eabi/arm-none-eabi/newlib/lib/thumb/v7e-m/crt0.o (__libc_init_array)
C:/NXP/S32DS_ARM_v2.2/S32DS/build_tools/gcc_v6.3/gcc-6.3-arm32-eabi/arm-none-eabi/newlib/lib/thumb/v7e-m\libc.a(lib_a-memset.o)
                              C:/NXP/S32DS_ARM_v2.2/S32DS/build_tools/gcc_v6.3/gcc-6.3-arm32-eabi/arm-none-eabi/newlib/lib/thumb/v7e-m/crt0.o (memset)
C:/NXP/S32DS_ARM_v2.2/S32DS/build_tools/gcc_v6.3/gcc-6.3-arm32-eabi/arm-none-eabi/newlib/lib/thumb/v7e-m\libc.a(lib_a-sprintf.o)
                              ./src/main.o (sprintf)
C:/NXP/S32DS_ARM_v2.2/S32DS/build_tools/gcc_v6.3/gcc-6.3-arm32-eabi/arm-none-eabi/newlib/lib/thumb/v7e-m\libc.a(lib_a-svfprintf.o)
                              C:/NXP/S32DS_ARM_v2.2/S32DS/build_tools/gcc_v6.3/gcc-6.3-arm32-eabi/arm-none-eabi/newlib/lib/thumb/v7e-m\libc.a(lib_a-sprintf.o) (_svfprintf_r)
C:/NXP/S32DS_ARM_v2.2/S32DS/build_tools/gcc_v6.3/gcc-6.3-arm32-eabi/arm-none-eabi/newlib/lib/thumb/v7e-m\libc.a(lib_a-__call_atexit.o)
                              C:/NXP/S32DS_ARM_v2.2/S32DS/build_tools/gcc_v6.3/gcc-6.3-arm32-eabi/arm-none-eabi/newlib/lib/thumb/v7e-m\libc.a(lib_a-exit.o) (__call_exitprocs)
C:/NXP/S32DS_ARM_v2.2/S32DS/build_tools/gcc_v6.3/gcc-6.3-arm32-eabi/arm-none-eabi/newlib/lib/thumb/v7e-m\libc.a(lib_a-dtoa.o)
                              C:/NXP/S32DS_ARM_v2.2/S32DS/build_tools/gcc_v6.3/gcc-6.3-arm32-eabi/arm-none-eabi/newlib/lib/thumb/v7e-m\libc.a(lib_a-svfprintf.o) (_dtoa_r)
C:/NXP/S32DS_ARM_v2.2/S32DS/build_tools/gcc_v6.3/gcc-6.3-arm32-eabi/arm-none-eabi/newlib/lib/thumb/v7e-m\libc.a(lib_a-fini.o)
                              C:/NXP/S32DS_ARM_v2.2/S32DS/build_tools/gcc_v6.3/gcc-6.3-arm32-eabi/arm-none-eabi/newlib/lib/thumb/v7e-m\libc.a(lib_a-__call_atexit.o) (__libc_fini_array)
C:/NXP/S32DS_ARM_v2.2/S32DS/build_tools/gcc_v6.3/gcc-6.3-arm32-eabi/arm-none-eabi/newlib/lib/thumb/v7e-m\libc.a(lib_a-localeconv.o)
                              C:/NXP/S32DS_ARM_v2.2/S32DS/build_tools/gcc_v6.3/gcc-6.3-arm32-eabi/arm-none-eabi/newlib/lib/thumb/v7e-m\libc.a(lib_a-svfprintf.o) (_localeconv_r)
C:/NXP/S32DS_ARM_v2.2/S32DS/build_tools/gcc_v6.3/gcc-6.3-arm32-eabi/arm-none-eabi/newlib/lib/thumb/v7e-m\libc.a(lib_a-locale.o)
                              C:/NXP/S32DS_ARM_v2.2/S32DS/build_tools/gcc_v6.3/gcc-6.3-arm32-eabi/arm-none-eabi/newlib/lib/thumb/v7e-m\libc.a(lib_a-localeconv.o) (__global_locale)
C:/NXP/S32DS_ARM_v2.2/S32DS/build_tools/gcc_v6.3/gcc-6.3-arm32-eabi/arm-none-eabi/newlib/lib/thumb/v7e-m\libc.a(lib_a-mallocr.o)
                              C:/NXP/S32DS_ARM_v2.2/S32DS/build_tools/gcc_v6.3/gcc-6.3-arm32-eabi/arm-none-eabi/newlib/lib/thumb/v7e-m\libc.a(lib_a-svfprintf.o) (_malloc_r)
C:/NXP/S32DS_ARM_v2.2/S32DS/build_tools/gcc_v6.3/gcc-6.3-arm32-eabi/arm-none-eabi/newlib/lib/thumb/v7e-m\libc.a(lib_a-mbtowc_r.o)
                              C:/NXP/S32DS_ARM_v2.2/S32DS/build_tools/gcc_v6.3/gcc-6.3-arm32-eabi/arm-none-eabi/newlib/lib/thumb/v7e-m\libc.a(lib_a-locale.o) (__ascii_mbtowc)
C:/NXP/S32DS_ARM_v2.2/S32DS/build_tools/gcc_v6.3/gcc-6.3-arm32-eabi/arm-none-eabi/newlib/lib/thumb/v7e-m\libc.a(lib_a-memchr.o)
                              C:/NXP/S32DS_ARM_v2.2/S32DS/build_tools/gcc_v6.3/gcc-6.3-arm32-eabi/arm-none-eabi/newlib/lib/thumb/v7e-m\libc.a(lib_a-svfprintf.o) (memchr)
C:/NXP/S32DS_ARM_v2.2/S32DS/build_tools/gcc_v6.3/gcc-6.3-arm32-eabi/arm-none-eabi/newlib/lib/thumb/v7e-m\libc.a(lib_a-memcpy-stub.o)
                              C:/NXP/S32DS_ARM_v2.2/S32DS/build_tools/gcc_v6.3/gcc-6.3-arm32-eabi/arm-none-eabi/newlib/lib/thumb/v7e-m\libc.a(lib_a-dtoa.o) (memcpy)
C:/NXP/S32DS_ARM_v2.2/S32DS/build_tools/gcc_v6.3/gcc-6.3-arm32-eabi/arm-none-eabi/newlib/lib/thumb/v7e-m\libc.a(lib_a-mlock.o)
                              C:/NXP/S32DS_ARM_v2.2/S32DS/build_tools/gcc_v6.3/gcc-6.3-arm32-eabi/arm-none-eabi/newlib/lib/thumb/v7e-m\libc.a(lib_a-mallocr.o) (__malloc_lock)
C:/NXP/S32DS_ARM_v2.2/S32DS/build_tools/gcc_v6.3/gcc-6.3-arm32-eabi/arm-none-eabi/newlib/lib/thumb/v7e-m\libc.a(lib_a-mprec.o)
[...]
Memory Configuration

Name             Origin             Length             Attributes
m_interrupts     0x00000000         0x00000400         xr
m_flash_config   0x00000400         0x00000010         xr
m_text           0x00000410         0x0007fbf0         xr
m_data           0x1fff8000         0x00008000         rw
m_data_2         0x20000000         0x00007000         rw
*default*        0x00000000         0xffffffff

Linker script and memory map

LOAD c:/nxp/s32ds_arm_v2.2/s32ds/build_tools/gcc_v6.3/gcc-6.3-arm32-eabi/bin/../lib/gcc/arm-none-eabi/6.3.1/thumb/v7e-m/crti.o
LOAD c:/nxp/s32ds_arm_v2.2/s32ds/build_tools/gcc_v6.3/gcc-6.3-arm32-eabi/bin/../lib/gcc/arm-none-eabi/6.3.1/thumb/v7e-m/crtbegin.o
LOAD C:/NXP/S32DS_ARM_v2.2/S32DS/build_tools/gcc_v6.3/gcc-6.3-arm32-eabi/arm-none-eabi/newlib/lib/thumb/v7e-m/crt0.o
LOAD ./Project_Settings/Startup_Code/startup.o
LOAD ./Project_Settings/Startup_Code/startup_S32K144.o
LOAD ./Project_Settings/Startup_Code/system_S32K144.o
LOAD ./src/CLOCK.o
LOAD ./src/FTM.o
LOAD ./src/GPIO.o
LOAD ./src/LPIT.o
LOAD ./src/LPUART.o
LOAD ./src/main.o
START GROUP
LOAD c:/nxp/s32ds_arm_v2.2/s32ds/build_tools/gcc_v6.3/gcc-6.3-arm32-eabi/bin/../lib/gcc/arm-none-eabi/6.3.1/thumb/v7e-m\libgcc.a
LOAD C:/NXP/S32DS_ARM_v2.2/S32DS/build_tools/gcc_v6.3/gcc-6.3-arm32-eabi/arm-none-eabi/newlib/lib/thumb/v7e-m\libc.a
END GROUP
START GROUP
LOAD c:/nxp/s32ds_arm_v2.2/s32ds/build_tools/gcc_v6.3/gcc-6.3-arm32-eabi/bin/../lib/gcc/arm-none-eabi/6.3.1/thumb/v7e-m\libgcc.a
LOAD C:/NXP/S32DS_ARM_v2.2/S32DS/build_tools/gcc_v6.3/gcc-6.3-arm32-eabi/arm-none-eabi/newlib/lib/thumb/v7e-m\libc.a
LOAD C:/NXP/S32DS_ARM_v2.2/S32DS/build_tools/gcc_v6.3/gcc-6.3-arm32-eabi/arm-none-eabi/newlib/lib/thumb/v7e-m\libnosys.a
END GROUP
LOAD c:/nxp/s32ds_arm_v2.2/s32ds/build_tools/gcc_v6.3/gcc-6.3-arm32-eabi/bin/../lib/gcc/arm-none-eabi/6.3.1/thumb/v7e-m/crtend.o
LOAD c:/nxp/s32ds_arm_v2.2/s32ds/build_tools/gcc_v6.3/gcc-6.3-arm32-eabi/bin/../lib/gcc/arm-none-eabi/6.3.1/thumb/v7e-m/crtn.o
                0x00000400                HEAP_SIZE = DEFINED (__heap_size__)?__heap_size__:0x400
                0x00000400                STACK_SIZE = DEFINED (__stack_size__)?__stack_size__:0x400
                0x00000400                M_VECTOR_RAM_SIZE = DEFINED (__flash_vector_table__)?0x0:0x400

.interrupts     0x00000000      0x400
                0x00000000                __VECTOR_TABLE = .
                0x00000000                __interrupts_start__ = .
                0x00000000                . = ALIGN (0x4)
 *(.isr_vector)
 .isr_vector    0x00000000      0x400 ./Project_Settings/Startup_Code/startup_S32K144.o
                0x00000000                __isr_vector
                0x00000400                __interrupts_end__ = .
                0x00000400                . = ALIGN (0x4)

.flash_config   0x00000400       0x10
                0x00000400                . = ALIGN (0x4)
 *(.FlashConfig)
 .FlashConfig   0x00000400       0x10 ./Project_Settings/Startup_Code/startup_S32K144.o
                0x00000410                . = ALIGN (0x4)

.text           0x00000410     0x4680
                0x00000410                . = ALIGN (0x4)
 *(.text)
 .text          0x00000410       0xa4 c:/nxp/s32ds_arm_v2.2/s32ds/build_tools/gcc_v6.3/gcc-6.3-arm32-eabi/bin/../lib/gcc/arm-none-eabi/6.3.1/thumb/v7e-m/crtbegin.o
 .text          0x000004b4       0x74 C:/NXP/S32DS_ARM_v2.2/S32DS/build_tools/gcc_v6.3/gcc-6.3-arm32-eabi/arm-none-eabi/newlib/lib/thumb/v7e-m/crt0.o
                0x000004b4                _start
                0x000004b4                _mainCRTStartup
 .text          0x00000528       0x6c ./Project_Settings/Startup_Code/startup_S32K144.o
                0x00000528                Reset_Handler
                0x00000590                DebugMon_Handler
                0x00000590                Reserved88_IRQHandler
                0x00000590                CAN0_ORed_IRQHandler
                0x00000590                HardFault_Handler
                0x00000590                Reserved86_IRQHandler
                0x00000590                Reserved103_IRQHandler
                0x00000590                SysTick_Handler
                0x00000590                FTM2_Ovf_Reload_IRQHandler
                0x00000590                Reserved50_IRQHandler
                0x00000590                FTFC_Fault_IRQHandler
                0x00000590                FTM0_Ch6_Ch7_IRQHandler
                0x00000590                Reserved114_IRQHandler
                0x00000590                PendSV_Handler
                0x00000590                NMI_Handler
                0x00000590                Reserved89_IRQHandler
                0x00000590                ERM_double_fault_IRQHandler
                0x00000590                DMA2_IRQHandler
                0x00000590                Reserved59_IRQHandler
                0x00000590                LPIT0_Ch0_IRQHandler
                0x00000590                Reserved99_IRQHandler
                0x00000590                FTM3_Ch6_Ch7_IRQHandler
                0x00000590                CAN2_ORed_0_15_MB_IRQHandler
                0x00000590                LPIT0_Ch3_IRQHandler
                0x00000590                Reserved92_IRQHandler
                0x00000590                FTM0_Ch4_Ch5_IRQHandler
                0x00000590                CAN1_Error_IRQHandler
                0x00000590                FTM3_Ch0_Ch1_IRQHandler
                0x00000590                SWI_IRQHandler
                0x00000590                ADC0_IRQHandler
                0x00000590                FTM2_Ch4_Ch5_IRQHandler
                0x00000590                UsageFault_Handler
                0x00000590                FTM0_Ovf_Reload_IRQHandler
                0x00000590                DefaultISR
                0x00000590                DMA9_IRQHandler
                0x00000590                Reserved58_IRQHandler
                0x00000590                CAN1_ORed_0_15_MB_IRQHandler
                0x00000590                FTM1_Ch2_Ch3_IRQHandler
                0x00000590                DMA14_IRQHandler
                0x00000590                Reserved82_IRQHandler
                0x00000590                CAN0_ORed_16_31_MB_IRQHandler
                0x00000590                LPI2C0_Slave_IRQHandler
                0x00000590                Reserved71_IRQHandler
                0x00000590                PORTD_IRQHandler
                0x00000590                Reserved69_IRQHandler
                0x00000590                PORTB_IRQHandler
                0x00000590                Reserved70_IRQHandler
                0x00000590                ADC1_IRQHandler
                0x00000590                FTM2_Ch2_Ch3_IRQHandler
                0x00000590                Reserved53_IRQHandler
                0x00000590                DMA5_IRQHandler
                0x00000590                RTC_IRQHandler
                0x00000590                PDB0_IRQHandler
                0x00000590                Reserved54_IRQHandler
                0x00000590                FTM2_Ch6_Ch7_IRQHandler
                0x00000590                FTM3_Ch2_Ch3_IRQHandler
                0x00000590                FTM2_Ch0_Ch1_IRQHandler
                0x00000590                LPSPI1_IRQHandler
                0x00000590                LPUART1_RxTx_IRQHandler
                0x00000590                RTC_Seconds_IRQHandler
                0x00000590                CAN2_ORed_IRQHandler
                0x00000590                Reserved72_IRQHandler
                0x00000590                Reserved110_IRQHandler
                0x00000590                DMA11_IRQHandler
                0x00000590                Reserved107_IRQHandler
                0x00000590                Read_Collision_IRQHandler
                0x00000590                CAN2_Error_IRQHandler
                0x00000590                FTFC_IRQHandler
                0x00000590                DMA7_IRQHandler
                0x00000590                FTM1_Ch6_Ch7_IRQHandler
                0x00000590                Reserved105_IRQHandler
                0x00000590                LPIT0_Ch1_IRQHandler
                0x00000590                FTM1_Ch4_Ch5_IRQHandler
                0x00000590                FTM3_Ovf_Reload_IRQHandler
                0x00000590                LPUART2_RxTx_IRQHandler
                0x00000590                LPSPI0_IRQHandler
                0x00000590                WDOG_EWM_IRQHandler
                0x00000590                MemManage_Handler
                0x00000590                Reserved90_IRQHandler
                0x00000590                Reserved83_IRQHandler
                0x00000590                FTM0_Fault_IRQHandler
                0x00000590                Reserved48_IRQHandler
                0x00000590                SVC_Handler
                0x00000590                ERM_single_fault_IRQHandler
                0x00000590                FTM2_Fault_IRQHandler
                0x00000590                FTM0_Ch2_Ch3_IRQHandler
                0x00000590                DMA13_IRQHandler
                0x00000590                FTM0_Ch0_Ch1_IRQHandler
                0x00000590                FTM3_Fault_IRQHandler
                0x00000590                RCM_IRQHandler
                0x00000590                DMA3_IRQHandler
                0x00000590                Reserved100_IRQHandler
                0x00000590                DMA0_IRQHandler
                0x00000590                Reserved91_IRQHandler
                0x00000590                CAN1_ORed_IRQHandler
                0x00000590                DMA15_IRQHandler
                0x00000590                SCG_IRQHandler
                0x00000590                PDB1_IRQHandler
                0x00000590                Reserved81_IRQHandler
                0x00000590                Reserved46_IRQHandler
                0x00000590                Reserved45_IRQHandler
                0x00000590                CAN0_Error_IRQHandler
                0x00000590                Reserved112_IRQHandler
                0x00000590                LPI2C0_Master_IRQHandler
                0x00000590                DMA4_IRQHandler
                0x00000590                FTM1_Fault_IRQHandler
                0x00000590                Reserved106_IRQHandler
                0x00000590                DMA_Error_IRQHandler
                0x00000590                LVD_LVW_IRQHandler
                0x00000590                LPIT0_Ch2_IRQHandler
                0x00000590                PORTA_IRQHandler
                0x00000590                MCM_IRQHandler
                0x00000590                LPSPI2_IRQHandler
                0x00000590                DMA12_IRQHandler
                0x00000590                FTM3_Ch4_Ch5_IRQHandler
                0x00000590                CAN0_ORed_0_15_MB_IRQHandler
                0x00000590                PORTE_IRQHandler
                0x00000590                LPUART0_RxTx_IRQHandler
                0x00000590                LPTMR0_IRQHandler
                0x00000590                BusFault_Handler
                0x00000590                Reserved87_IRQHandler
                0x00000590                FTM1_Ovf_Reload_IRQHandler
                0x00000590                DMA8_IRQHandler
                0x00000590                Reserved93_IRQHandler
                0x00000590                DMA10_IRQHandler
                0x00000590                CAN0_Wake_Up_IRQHandler
                0x00000590                CMP0_IRQHandler
                0x00000590                Reserved52_IRQHandler
                0x00000590                DMA6_IRQHandler
                0x00000590                FTM1_Ch0_Ch1_IRQHandler
                0x00000590                FLEXIO_IRQHandler
                0x00000590                DMA1_IRQHandler
                0x00000590                Reserved113_IRQHandler
 *fill*         0x00000594        0xc 
 .text          0x000005a0       0xa0 C:/NXP/S32DS_ARM_v2.2/S32DS/build_tools/gcc_v6.3/gcc-6.3-arm32-eabi/arm-none-eabi/newlib/lib/thumb/v7e-m\libc.a(lib_a-memchr.o)
                0x000005a0                memchr
 .text          0x00000640       0x10 C:/NXP/S32DS_ARM_v2.2/S32DS/build_tools/gcc_v6.3/gcc-6.3-arm32-eabi/arm-none-eabi/newlib/lib/thumb/v7e-m\libc.a(lib_a-strlen.o)
                0x00000640                strlen
 .text          0x00000650      0x378 c:/nxp/s32ds_arm_v2.2/s32ds/build_tools/gcc_v6.3/gcc-6.3-arm32-eabi/bin/../lib/gcc/arm-none-eabi/6.3.1/thumb/v7e-m\libgcc.a(_arm_addsubdf3.o)
                0x00000650                __aeabi_drsub
                0x00000658                __aeabi_dsub
                0x00000658                __subdf3
                0x0000065c                __aeabi_dadd
                0x0000065c                __adddf3
                0x000008d4                __floatunsidf
                0x000008d4                __aeabi_ui2d
                0x000008f4                __floatsidf
                0x000008f4                __aeabi_i2d
                0x00000918                __aeabi_f2d
                0x00000918                __extendsfdf2
                0x0000095c                __floatundidf
                0x0000095c                __aeabi_ul2d
                0x0000096c                __floatdidf
                0x0000096c                __aeabi_l2d
 .text          0x000009c8      0x424 c:/nxp/s32ds_arm_v2.2/s32ds/build_tools/gcc_v6.3/gcc-6.3-arm32-eabi/bin/../lib/gcc/arm-none-eabi/6.3.1/thumb/v7e-m\libgcc.a(_arm_muldivdf3.o)
                0x000009c8                __aeabi_dmul
                0x000009c8                __muldf3
                0x00000c1c                __divdf3
                0x00000c1c                __aeabi_ddiv
 .text          0x00000dec      0x110 c:/nxp/s32ds_arm_v2.2/s32ds/build_tools/gcc_v6.3/gcc-6.3-arm32-eabi/bin/../lib/gcc/arm-none-eabi/6.3.1/thumb/v7e-m\libgcc.a(_arm_cmpdf2.o)
                0x00000dec                __gtdf2
                0x00000dec                __gedf2
                0x00000df4                __ltdf2
                0x00000df4                __ledf2
                0x00000dfc                __nedf2
                0x00000dfc                __eqdf2
                0x00000dfc                __cmpdf2
                0x00000e78                __aeabi_cdrcmple
                0x00000e88                __aeabi_cdcmpeq
                0x00000e88                __aeabi_cdcmple
                0x00000e98                __aeabi_dcmpeq
                0x00000eac                __aeabi_dcmplt
                0x00000ec0                __aeabi_dcmple
                0x00000ed4                __aeabi_dcmpge
                0x00000ee8                __aeabi_dcmpgt
 .text          0x00000efc       0x2c c:/nxp/s32ds_arm_v2.2/s32ds/build_tools/gcc_v6.3/gcc-6.3-arm32-eabi/bin/../lib/gcc/arm-none-eabi/6.3.1/thumb/v7e-m\libgcc.a(_arm_unorddf2.o)
                0x00000efc                __unorddf2
                0x00000efc                __aeabi_dcmpun
 .text          0x00000f28       0x50 c:/nxp/s32ds_arm_v2.2/s32ds/build_tools/gcc_v6.3/gcc-6.3-arm32-eabi/bin/../lib/gcc/arm-none-eabi/6.3.1/thumb/v7e-m\libgcc.a(_arm_fixdfsi.o)
                0x00000f28                __aeabi_d2iz
                0x00000f28                __fixdfsi
 .text          0x00000f78       0x30 c:/nxp/s32ds_arm_v2.2/s32ds/build_tools/gcc_v6.3/gcc-6.3-arm32-eabi/bin/../lib/gcc/arm-none-eabi/6.3.1/thumb/v7e-m\libgcc.a(_aeabi_uldivmod.o)
                0x00000f78                __aeabi_uldivmod
 .text          0x00000fa8      0x2e4 c:/nxp/s32ds_arm_v2.2/s32ds/build_tools/gcc_v6.3/gcc-6.3-arm32-eabi/bin/../lib/gcc/arm-none-eabi/6.3.1/thumb/v7e-m\libgcc.a(_udivmoddi4.o)
                0x00000fa8                __udivmoddi4
 .text          0x0000128c        0x4 c:/nxp/s32ds_arm_v2.2/s32ds/build_tools/gcc_v6.3/gcc-6.3-arm32-eabi/bin/../lib/gcc/arm-none-eabi/6.3.1/thumb/v7e-m\libgcc.a(_dvmd_tls.o)
                0x0000128c                __aeabi_idiv0
                0x0000128c                __aeabi_ldiv0
 *(.text*)
 .text.init_data_bss
                0x00001290      0x128 ./Project_Settings/Startup_Code/startup.o
                0x00001290                init_data_bss
 .text.SystemInit
                0x000013b8       0x30 ./Project_Settings/Startup_Code/system_S32K144.o
                0x000013b8                SystemInit
 .text.SOSC_Init_8MHz
                0x000013e8       0x8c ./src/CLOCK.o
                0x000013e8                SOSC_Init_8MHz
 .text.PORT_init
                0x00001474       0x2c ./src/FTM.o
                0x00001474                PORT_init
 .text.FTM_Config
                0x000014a0       0x70 ./src/FTM.o
                0x000014a0                FTM_Config
 .text.FTM0_CH1_PWM_init
                0x00001510       0x24 ./src/FTM.o
                0x00001510                FTM0_CH1_PWM_init
 .text.Button_Init
                0x00001534       0xe8 ./src/GPIO.o
                0x00001534                Button_Init
 .text.LPUART1_Config
                0x0000161c       0xc4 ./src/LPUART.o
                0x0000161c                LPUART1_Config
 .text.LPUART_sent_char
                0x000016e0       0x2c ./src/LPUART.o
                0x000016e0                LPUART_sent_char
 .text.LPUART_sent_string
                0x0000170c       0x36 ./src/LPUART.o
                0x0000170c                LPUART_sent_string
 *fill*         0x00001742        0x2 
 .text.PORTC_IRQHandler
                0x00001744      0x11c ./src/main.o
                0x00001744                PORTC_IRQHandler
 .text.main     0x00001860       0x1e ./src/main.o
                0x00001860                main
 *fill*         0x0000187e        0x2 
 .text.exit     0x00001880       0x20 C:/NXP/S32DS_ARM_v2.2/S32DS/build_tools/gcc_v6.3/gcc-6.3-arm32-eabi/arm-none-eabi/newlib/lib/thumb/v7e-m\libc.a(lib_a-exit.o)
                0x00001880                exit
 .text.__libc_init_array
                0x000018a0       0x48 C:/NXP/S32DS_ARM_v2.2/S32DS/build_tools/gcc_v6.3/gcc-6.3-arm32-eabi/arm-none-eabi/newlib/lib/thumb/v7e-m\libc.a(lib_a-init.o)
                0x000018a0                __libc_init_array
 .text.memset   0x000018e8       0x10 C:/NXP/S32DS_ARM_v2.2/S32DS/build_tools/gcc_v6.3/gcc-6.3-arm32-eabi/arm-none-eabi/newlib/lib/thumb/v7e-m\libc.a(lib_a-memset.o)
                0x000018e8                memset
 .text.sprintf  0x000018f8       0x48 C:/NXP/S32DS_ARM_v2.2/S32DS/build_tools/gcc_v6.3/gcc-6.3-arm32-eabi/arm-none-eabi/newlib/lib/thumb/v7e-m\libc.a(lib_a-sprintf.o)
                0x000018f8                sprintf
 .text._svfprintf_r
                0x00001940      0xfa0 C:/NXP/S32DS_ARM_v2.2/S32DS/build_tools/gcc_v6.3/gcc-6.3-arm32-eabi/arm-none-eabi/newlib/lib/thumb/v7e-m\libc.a(lib_a-svfprintf.o)
                0x00001940                _svfprintf_r
 .text.startup.register_fini
                0x000028e0       0x14 C:/NXP/S32DS_ARM_v2.2/S32DS/build_tools/gcc_v6.3/gcc-6.3-arm32-eabi/arm-none-eabi/newlib/lib/thumb/v7e-m\libc.a(lib_a-__call_atexit.o)
 .text.__call_exitprocs
                0x000028f4       0xc8 C:/NXP/S32DS_ARM_v2.2/S32DS/build_tools/gcc_v6.3/gcc-6.3-arm32-eabi/arm-none-eabi/newlib/lib/thumb/v7e-m\libc.a(lib_a-__call_atexit.o)
                0x000028f4                __call_exitprocs
 .text.quorem   0x000029bc      0x118 C:/NXP/S32DS_ARM_v2.2/S32DS/build_tools/gcc_v6.3/gcc-6.3-arm32-eabi/arm-none-eabi/newlib/lib/thumb/v7e-m\libc.a(lib_a-dtoa.o)
 *fill*         0x00002ad4        0x4 
 .text._dtoa_r  0x00002ad8      0xb74 C:/NXP/S32DS_ARM_v2.2/S32DS/build_tools/gcc_v6.3/gcc-6.3-arm32-eabi/arm-none-eabi/newlib/lib/thumb/v7e-m\libc.a(lib_a-dtoa.o)
                0x00002ad8                _dtoa_r
 .text.__libc_fini_array
                0x0000364c       0x28 C:/NXP/S32DS_ARM_v2.2/S32DS/build_tools/gcc_v6.3/gcc-6.3-arm32-eabi/arm-none-eabi/newlib/lib/thumb/v7e-m\libc.a(lib_a-fini.o)
                0x0000364c                __libc_fini_array
 .text._localeconv_r
                0x00003674       0x1c C:/NXP/S32DS_ARM_v2.2/S32DS/build_tools/gcc_v6.3/gcc-6.3-arm32-eabi/arm-none-eabi/newlib/lib/thumb/v7e-m\libc.a(lib_a-localeconv.o)
                0x00003674                _localeconv_r
 .text._malloc_r
                0x00003690      0x444 C:/NXP/S32DS_ARM_v2.2/S32DS/build_tools/gcc_v6.3/gcc-6.3-arm32-eabi/arm-none-eabi/newlib/lib/thumb/v7e-m\libc.a(lib_a-mallocr.o)
                0x00003690                _malloc_r
 .text.__ascii_mbtowc
                0x00003ad4       0x24 C:/NXP/S32DS_ARM_v2.2/S32DS/build_tools/gcc_v6.3/gcc-6.3-arm32-eabi/arm-none-eabi/newlib/lib/thumb/v7e-m\libc.a(lib_a-mbtowc_r.o)
                0x00003ad4                __ascii_mbtowc
 .text.memcpy   0x00003af8       0x16 C:/NXP/S32DS_ARM_v2.2/S32DS/build_tools/gcc_v6.3/gcc-6.3-arm32-eabi/arm-none-eabi/newlib/lib/thumb/v7e-m\libc.a(lib_a-memcpy-stub.o)
                0x00003af8                memcpy
 .text.__malloc_lock
                0x00003b0e        0x2 C:/NXP/S32DS_ARM_v2.2/S32DS/build_tools/gcc_v6.3/gcc-6.3-arm32-eabi/arm-none-eabi/newlib/lib/thumb/v7e-m\libc.a(lib_a-mlock.o)
                0x00003b0e                __malloc_lock
 .text.__malloc_unlock
                0x00003b10        0x2 C:/NXP/S32DS_ARM_v2.2/S32DS/build_tools/gcc_v6.3/gcc-6.3-arm32-eabi/arm-none-eabi/newlib/lib/thumb/v7e-m\libc.a(lib_a-mlock.o)
                0x00003b10                __malloc_unlock
 .text._Balloc  0x00003b12       0x4a C:/NXP/S32DS_ARM_v2.2/S32DS/build_tools/gcc_v6.3/gcc-6.3-arm32-eabi/arm-none-eabi/newlib/lib/thumb/v7e-m\libc.a(lib_a-mprec.o)
                0x00003b12                _Balloc
 .text._Bfree   0x00003b5c       0x12 C:/NXP/S32DS_ARM_v2.2/S32DS/build_tools/gcc_v6.3/gcc-6.3-arm32-eabi/arm-none-eabi/newlib/lib/thumb/v7e-m\libc.a(lib_a-mprec.o)
                0x00003b5c                _Bfree
 .text.__multadd
                0x00003b6e       0x76 C:/NXP/S32DS_ARM_v2.2/S32DS/build_tools/gcc_v6.3/gcc-6.3-arm32-eabi/arm-none-eabi/newlib/lib/thumb/v7e-m\libc.a(lib_a-mprec.o)
                0x00003b6e                __multadd
 .text.__hi0bits
                0x00003be4       0x3e C:/NXP/S32DS_ARM_v2.2/S32DS/build_tools/gcc_v6.3/gcc-6.3-arm32-eabi/arm-none-eabi/newlib/lib/thumb/v7e-m\libc.a(lib_a-mprec.o)
                0x00003be4                __hi0bits
 .text.__lo0bits
                0x00003c22       0x5e C:/NXP/S32DS_ARM_v2.2/S32DS/build_tools/gcc_v6.3/gcc-6.3-arm32-eabi/arm-none-eabi/newlib/lib/thumb/v7e-m\libc.a(lib_a-mprec.o)
                0x00003c22                __lo0bits
 .text.__i2b    0x00003c80       0x12 C:/NXP/S32DS_ARM_v2.2/S32DS/build_tools/gcc_v6.3/gcc-6.3-arm32-eabi/arm-none-eabi/newlib/lib/thumb/v7e-m\libc.a(lib_a-mprec.o)
                0x00003c80                __i2b
 .text.__multiply
                0x00003c92      0x11a C:/NXP/S32DS_ARM_v2.2/S32DS/build_tools/gcc_v6.3/gcc-6.3-arm32-eabi/arm-none-eabi/newlib/lib/thumb/v7e-m\libc.a(lib_a-mprec.o)
                0x00003c92                __multiply
 .text.__pow5mult
                0x00003dac       0x80 C:/NXP/S32DS_ARM_v2.2/S32DS/build_tools/gcc_v6.3/gcc-6.3-arm32-eabi/arm-none-eabi/newlib/lib/thumb/v7e-m\libc.a(lib_a-mprec.o)
                0x00003dac                __pow5mult
 .text.__lshift
                0x00003e2c       0xa2 C:/NXP/S32DS_ARM_v2.2/S32DS/build_tools/gcc_v6.3/gcc-6.3-arm32-eabi/arm-none-eabi/newlib/lib/thumb/v7e-m\libc.a(lib_a-mprec.o)
                0x00003e2c                __lshift
 .text.__mcmp   0x00003ece       0x34 C:/NXP/S32DS_ARM_v2.2/S32DS/build_tools/gcc_v6.3/gcc-6.3-arm32-eabi/arm-none-eabi/newlib/lib/thumb/v7e-m\libc.a(lib_a-mprec.o)
                0x00003ece                __mcmp
 .text.__mdiff  0x00003f02       0xbc C:/NXP/S32DS_ARM_v2.2/S32DS/build_tools/gcc_v6.3/gcc-6.3-arm32-eabi/arm-none-eabi/newlib/lib/thumb/v7e-m\libc.a(lib_a-mprec.o)
                0x00003f02                __mdiff
 .text.__d2b    0x00003fbe       0x9e C:/NXP/S32DS_ARM_v2.2/S32DS/build_tools/gcc_v6.3/gcc-6.3-arm32-eabi/arm-none-eabi/newlib/lib/thumb/v7e-m\libc.a(lib_a-mprec.o)
                0x00003fbe                __d2b
 .text._sbrk_r  0x0000405c       0x20 C:/NXP/S32DS_ARM_v2.2/S32DS/build_tools/gcc_v6.3/gcc-6.3-arm32-eabi/arm-none-eabi/newlib/lib/thumb/v7e-m\libc.a(lib_a-sbrkr.o)
                0x0000405c                _sbrk_r
 .text.__ssprint_r
                0x0000407c       0xf4 C:/NXP/S32DS_ARM_v2.2/S32DS/build_tools/gcc_v6.3/gcc-6.3-arm32-eabi/arm-none-eabi/newlib/lib/thumb/v7e-m\libc.a(lib_a-svfiprintf.o)
                0x0000407c                __ssprint_r
 .text.__ascii_wctomb
                0x00004170       0x1a C:/NXP/S32DS_ARM_v2.2/S32DS/build_tools/gcc_v6.3/gcc-6.3-arm32-eabi/arm-none-eabi/newlib/lib/thumb/v7e-m\libc.a(lib_a-wctomb_r.o)
                0x00004170                __ascii_wctomb
 .text.atexit   0x0000418a        0xc C:/NXP/S32DS_ARM_v2.2/S32DS/build_tools/gcc_v6.3/gcc-6.3-arm32-eabi/arm-none-eabi/newlib/lib/thumb/v7e-m\libc.a(lib_a-atexit.o)
                0x0000418a                atexit
 .text._calloc_r
                0x00004196       0x5a C:/NXP/S32DS_ARM_v2.2/S32DS/build_tools/gcc_v6.3/gcc-6.3-arm32-eabi/arm-none-eabi/newlib/lib/thumb/v7e-m\libc.a(lib_a-callocr.o)
                0x00004196                _calloc_r
 .text._malloc_trim_r
                0x000041f0       0xa0 C:/NXP/S32DS_ARM_v2.2/S32DS/build_tools/gcc_v6.3/gcc-6.3-arm32-eabi/arm-none-eabi/newlib/lib/thumb/v7e-m\libc.a(lib_a-freer.o)
                0x000041f0                _malloc_trim_r
 .text._free_r  0x00004290      0x178 C:/NXP/S32DS_ARM_v2.2/S32DS/build_tools/gcc_v6.3/gcc-6.3-arm32-eabi/arm-none-eabi/newlib/lib/thumb/v7e-m\libc.a(lib_a-freer.o)
                0x00004290                _free_r
 .text.memmove  0x00004408       0x34 C:/NXP/S32DS_ARM_v2.2/S32DS/build_tools/gcc_v6.3/gcc-6.3-arm32-eabi/arm-none-eabi/newlib/lib/thumb/v7e-m\libc.a(lib_a-memmove.o)
                0x00004408                memmove
 .text._realloc_r
                0x0000443c      0x300 C:/NXP/S32DS_ARM_v2.2/S32DS/build_tools/gcc_v6.3/gcc-6.3-arm32-eabi/arm-none-eabi/newlib/lib/thumb/v7e-m\libc.a(lib_a-reallocr.o)
                0x0000443c                _realloc_r
 .text.__register_exitproc
                0x0000473c       0x98 C:/NXP/S32DS_ARM_v2.2/S32DS/build_tools/gcc_v6.3/gcc-6.3-arm32-eabi/arm-none-eabi/newlib/lib/thumb/v7e-m\libc.a(lib_a-__atexit.o)
                0x0000473c                __register_exitproc
 .text._sbrk    0x000047d4       0x1c C:/NXP/S32DS_ARM_v2.2/S32DS/build_tools/gcc_v6.3/gcc-6.3-arm32-eabi/arm-none-eabi/newlib/lib/thumb/v7e-m\libnosys.a(sbrk.o)
                0x000047d4                _sbrk
 .text._exit    0x000047f0        0x2 C:/NXP/S32DS_ARM_v2.2/S32DS/build_tools/gcc_v6.3/gcc-6.3-arm32-eabi/arm-none-eabi/newlib/lib/thumb/v7e-m\libnosys.a(_exit.o)
                0x000047f0                _exit
 *(.rodata)
 *fill*         0x000047f2        0x2 
 .rodata        0x000047f4       0x10 ./src/main.o
 *(.rodata*)
 .rodata._global_impure_ptr
                0x00004804        0x4 C:/NXP/S32DS_ARM_v2.2/S32DS/build_tools/gcc_v6.3/gcc-6.3-arm32-eabi/arm-none-eabi/newlib/lib/thumb/v7e-m\libc.a(lib_a-impure.o)
                0x00004804                _global_impure_ptr
 .rodata._svfprintf_r.str1.1
                0x00004808       0x34 C:/NXP/S32DS_ARM_v2.2/S32DS/build_tools/gcc_v6.3/gcc-6.3-arm32-eabi/arm-none-eabi/newlib/lib/thumb/v7e-m\libc.a(lib_a-svfprintf.o)
 .rodata.blanks.7175
                0x0000483c       0x10 C:/NXP/S32DS_ARM_v2.2/S32DS/build_tools/gcc_v6.3/gcc-6.3-arm32-eabi/arm-none-eabi/newlib/lib/thumb/v7e-m\libc.a(lib_a-svfprintf.o)
 .rodata.zeroes.7176
                0x0000484c       0x10 C:/NXP/S32DS_ARM_v2.2/S32DS/build_tools/gcc_v6.3/gcc-6.3-arm32-eabi/arm-none-eabi/newlib/lib/thumb/v7e-m\libc.a(lib_a-svfprintf.o)
 .rodata._dtoa_r.str1.1
                0x0000485c        0xd C:/NXP/S32DS_ARM_v2.2/S32DS/build_tools/gcc_v6.3/gcc-6.3-arm32-eabi/arm-none-eabi/newlib/lib/thumb/v7e-m\libc.a(lib_a-dtoa.o)
                                  0xf (size before relaxing)
 .rodata._setlocale_r.str1.1
                0x00004869        0x8 C:/NXP/S32DS_ARM_v2.2/S32DS/build_tools/gcc_v6.3/gcc-6.3-arm32-eabi/arm-none-eabi/newlib/lib/thumb/v7e-m\libc.a(lib_a-locale.o)
                                  0x9 (size before relaxing)
 .rodata.str1.1
                0x00004871        0x2 C:/NXP/S32DS_ARM_v2.2/S32DS/build_tools/gcc_v6.3/gcc-6.3-arm32-eabi/arm-none-eabi/newlib/lib/thumb/v7e-m\libc.a(lib_a-locale.o)
 *fill*         0x00004873        0x5 
 .rodata.__mprec_bigtens
                0x00004878       0x28 C:/NXP/S32DS_ARM_v2.2/S32DS/build_tools/gcc_v6.3/gcc-6.3-arm32-eabi/arm-none-eabi/newlib/lib/thumb/v7e-m\libc.a(lib_a-mprec.o)
                0x00004878                __mprec_bigtens
 .rodata.__mprec_tens
                0x000048a0       0xc8 C:/NXP/S32DS_ARM_v2.2/S32DS/build_tools/gcc_v6.3/gcc-6.3-arm32-eabi/arm-none-eabi/newlib/lib/thumb/v7e-m\libc.a(lib_a-mprec.o)
                0x000048a0                __mprec_tens
 .rodata.p05.6016
                0x00004968        0xc C:/NXP/S32DS_ARM_v2.2/S32DS/build_tools/gcc_v6.3/gcc-6.3-arm32-eabi/arm-none-eabi/newlib/lib/thumb/v7e-m\libc.a(lib_a-mprec.o)
 .rodata._ctype_
                0x00004974      0x101 C:/NXP/S32DS_ARM_v2.2/S32DS/build_tools/gcc_v6.3/gcc-6.3-arm32-eabi/arm-none-eabi/newlib/lib/thumb/v7e-m\libc.a(lib_a-ctype_.o)
                0x00004974                _ctype_
 *(.glue_7)
 .glue_7        0x00004a75        0x0 linker stubs
 *(.glue_7t)
 .glue_7t       0x00004a75        0x0 linker stubs
 *(.eh_frame)
 *fill*         0x00004a75        0x3 
 .eh_frame      0x00004a78        0x0 c:/nxp/s32ds_arm_v2.2/s32ds/build_tools/gcc_v6.3/gcc-6.3-arm32-eabi/bin/../lib/gcc/arm-none-eabi/6.3.1/thumb/v7e-m/crtbegin.o
 *(.init)
 .init          0x00004a78        0x4 c:/nxp/s32ds_arm_v2.2/s32ds/build_tools/gcc_v6.3/gcc-6.3-arm32-eabi/bin/../lib/gcc/arm-none-eabi/6.3.1/thumb/v7e-m/crti.o
                0x00004a78                _init
 .init          0x00004a7c        0x8 c:/nxp/s32ds_arm_v2.2/s32ds/build_tools/gcc_v6.3/gcc-6.3-arm32-eabi/bin/../lib/gcc/arm-none-eabi/6.3.1/thumb/v7e-m/crtn.o
 *(.fini)
 .fini          0x00004a84        0x4 c:/nxp/s32ds_arm_v2.2/s32ds/build_tools/gcc_v6.3/gcc-6.3-arm32-eabi/bin/../lib/gcc/arm-none-eabi/6.3.1/thumb/v7e-m/crti.o
                0x00004a84                _fini
 .fini          0x00004a88        0x8 c:/nxp/s32ds_arm_v2.2/s32ds/build_tools/gcc_v6.3/gcc-6.3-arm32-eabi/bin/../lib/gcc/arm-none-eabi/6.3.1/thumb/v7e-m/crtn.o
                0x00004a90                . = ALIGN (0x4)

.vfp11_veneer   0x00004a90        0x0
 .vfp11_veneer  0x00004a90        0x0 linker stubs

.v4_bx          0x00004a90        0x0
 .v4_bx         0x00004a90        0x0 linker stubs

.iplt           0x00004a90        0x0
 .iplt          0x00004a90        0x0 c:/nxp/s32ds_arm_v2.2/s32ds/build_tools/gcc_v6.3/gcc-6.3-arm32-eabi/bin/../lib/gcc/arm-none-eabi/6.3.1/thumb/v7e-m/crtbegin.o

.ARM.extab
 *(.ARM.extab* .gnu.linkonce.armextab.*)

.ARM            0x00004a90        0x8
                0x00004a90                __exidx_start = .
 *(.ARM.exidx*)
 .ARM.exidx     0x00004a90        0x8 C:/NXP/S32DS_ARM_v2.2/S32DS/build_tools/gcc_v6.3/gcc-6.3-arm32-eabi/arm-none-eabi/newlib/lib/thumb/v7e-m/crt0.o
 .ARM.exidx     0x00004a98        0x0 c:/nxp/s32ds_arm_v2.2/s32ds/build_tools/gcc_v6.3/gcc-6.3-arm32-eabi/bin/../lib/gcc/arm-none-eabi/6.3.1/thumb/v7e-m\libgcc.a(_udivmoddi4.o)
                                  0x8 (size before relaxing)
                0x00004a98                __exidx_end = .

.rel.dyn        0x00004a98        0x0
 .rel.iplt      0x00004a98        0x0 c:/nxp/s32ds_arm_v2.2/s32ds/build_tools/gcc_v6.3/gcc-6.3-arm32-eabi/bin/../lib/gcc/arm-none-eabi/6.3.1/thumb/v7e-m/crtbegin.o

.ctors          0x00004a98        0x0
                0x00004a98                __CTOR_LIST__ = .
 *crtbegin.o(.ctors)
 *crtbegin?.o(.ctors)
 *(EXCLUDE_FILE(*crtend.o *crtend?.o) .ctors)
 *(SORT(.ctors.*))
 *(.ctors)
                0x00004a98                __CTOR_END__ = .

.dtors          0x00004a98        0x0
                0x00004a98                __DTOR_LIST__ = .
 *crtbegin.o(.dtors)
 *crtbegin?.o(.dtors)
 *(EXCLUDE_FILE(*crtend.o *crtend?.o) .dtors)
 *(SORT(.dtors.*))
 *(.dtors)
                0x00004a98                __DTOR_END__ = .

.preinit_array  0x00004a98        0x0
                0x00004a98                PROVIDE (__preinit_array_start, .)
 *(.preinit_array*)
                0x00004a98                PROVIDE (__preinit_array_end, .)

.init_array     0x00004a98        0x8
                0x00004a98                PROVIDE (__init_array_start, .)
 *(SORT(.init_array.*))
 .init_array.00000
                0x00004a98        0x4 C:/NXP/S32DS_ARM_v2.2/S32DS/build_tools/gcc_v6.3/gcc-6.3-arm32-eabi/arm-none-eabi/newlib/lib/thumb/v7e-m\libc.a(lib_a-__call_atexit.o)
 *(.init_array*)
 .init_array    0x00004a9c        0x4 c:/nxp/s32ds_arm_v2.2/s32ds/build_tools/gcc_v6.3/gcc-6.3-arm32-eabi/bin/../lib/gcc/arm-none-eabi/6.3.1/thumb/v7e-m/crtbegin.o
                0x00004aa0                PROVIDE (__init_array_end, .)

.fini_array     0x00004aa0        0x4
                0x00004aa0                PROVIDE (__fini_array_start, .)
 *(SORT(.fini_array.*))
 *(.fini_array*)
 .fini_array    0x00004aa0        0x4 c:/nxp/s32ds_arm_v2.2/s32ds/build_tools/gcc_v6.3/gcc-6.3-arm32-eabi/bin/../lib/gcc/arm-none-eabi/6.3.1/thumb/v7e-m/crtbegin.o
                0x00004aa4                PROVIDE (__fini_array_end, .)
                0x00004aa4                __etext = .
                0x00004aa4                __DATA_ROM = .

.interrupts_ram
                0x1fff8000      0x400
                0x1fff8000                . = ALIGN (0x4)
                0x1fff8000                __VECTOR_RAM__ = .
                0x1fff8000                __RAM_START = .
                0x1fff8000                __interrupts_ram_start__ = .
 *(.m_interrupts_ram)
                0x1fff8400                . = (. + M_VECTOR_RAM_SIZE)
 *fill*         0x1fff8000      0x400 
                0x1fff8400                . = ALIGN (0x4)
                0x1fff8400                __interrupts_ram_end__ = .
                0x1fff8000                __VECTOR_RAM = DEFINED (__flash_vector_table__)?ORIGIN (m_interrupts):__VECTOR_RAM__
                0x00000400                __RAM_VECTOR_TABLE_SIZE = DEFINED (__flash_vector_table__)?0x0:(__interrupts_ram_end__ - __interrupts_ram_start__)

.data           0x1fff8400      0x9a8 load address 0x00004aa4
                0x1fff8400                . = ALIGN (0x4)
                0x1fff8400                __DATA_RAM = .
                0x1fff8400                __data_start__ = .
 *(.data)
 *(.data*)
 .data.Value    0x1fff8400        0x4 ./src/main.o
                0x1fff8400                Value
 .data.DutyCycleValue
                0x1fff8404        0x1 ./src/main.o
                0x1fff8404                DutyCycleValue
 *fill*         0x1fff8405        0x3 
 .data._impure_ptr
                0x1fff8408        0x4 C:/NXP/S32DS_ARM_v2.2/S32DS/build_tools/gcc_v6.3/gcc-6.3-arm32-eabi/arm-none-eabi/newlib/lib/thumb/v7e-m\libc.a(lib_a-impure.o)
                0x1fff8408                _impure_ptr
 *fill*         0x1fff840c        0x4 
 .data.impure_data
                0x1fff8410      0x418 C:/NXP/S32DS_ARM_v2.2/S32DS/build_tools/gcc_v6.3/gcc-6.3-arm32-eabi/arm-none-eabi/newlib/lib/thumb/v7e-m\libc.a(lib_a-impure.o)
 .data.__global_locale
                0x1fff8828      0x16c C:/NXP/S32DS_ARM_v2.2/S32DS/build_tools/gcc_v6.3/gcc-6.3-arm32-eabi/arm-none-eabi/newlib/lib/thumb/v7e-m\libc.a(lib_a-locale.o)
                0x1fff8828                __global_locale
 .data.__malloc_av_
                0x1fff8994      0x408 C:/NXP/S32DS_ARM_v2.2/S32DS/build_tools/gcc_v6.3/gcc-6.3-arm32-eabi/arm-none-eabi/newlib/lib/thumb/v7e-m\libc.a(lib_a-mallocr.o)
                0x1fff8994                __malloc_av_
 .data.__malloc_sbrk_base
                0x1fff8d9c        0x4 C:/NXP/S32DS_ARM_v2.2/S32DS/build_tools/gcc_v6.3/gcc-6.3-arm32-eabi/arm-none-eabi/newlib/lib/thumb/v7e-m\libc.a(lib_a-mallocr.o)
                0x1fff8d9c                __malloc_sbrk_base
 .data.__malloc_trim_threshold
                0x1fff8da0        0x4 C:/NXP/S32DS_ARM_v2.2/S32DS/build_tools/gcc_v6.3/gcc-6.3-arm32-eabi/arm-none-eabi/newlib/lib/thumb/v7e-m\libc.a(lib_a-mallocr.o)
                0x1fff8da0                __malloc_trim_threshold
 *(.jcr*)
 .jcr           0x1fff8da4        0x0 c:/nxp/s32ds_arm_v2.2/s32ds/build_tools/gcc_v6.3/gcc-6.3-arm32-eabi/bin/../lib/gcc/arm-none-eabi/6.3.1/thumb/v7e-m/crtbegin.o
 .jcr           0x1fff8da4        0x4 c:/nxp/s32ds_arm_v2.2/s32ds/build_tools/gcc_v6.3/gcc-6.3-arm32-eabi/bin/../lib/gcc/arm-none-eabi/6.3.1/thumb/v7e-m/crtend.o
                0x1fff8da8                . = ALIGN (0x4)
                0x1fff8da8                __data_end__ = .
                0x0000544c                __DATA_END = (__DATA_ROM + (__data_end__ - __data_start__))
                0x0000544c                __CODE_ROM = __DATA_END

.tm_clone_table
                0x1fff8da8        0x0 load address 0x0000544c
 .tm_clone_table
                0x1fff8da8        0x0 c:/nxp/s32ds_arm_v2.2/s32ds/build_tools/gcc_v6.3/gcc-6.3-arm32-eabi/bin/../lib/gcc/arm-none-eabi/6.3.1/thumb/v7e-m/crtbegin.o
 .tm_clone_table
                0x1fff8da8        0x0 c:/nxp/s32ds_arm_v2.2/s32ds/build_tools/gcc_v6.3/gcc-6.3-arm32-eabi/bin/../lib/gcc/arm-none-eabi/6.3.1/thumb/v7e-m/crtend.o

.igot.plt       0x1fff8da8        0x0 load address 0x0000544c
 .igot.plt      0x1fff8da8        0x0 c:/nxp/s32ds_arm_v2.2/s32ds/build_tools/gcc_v6.3/gcc-6.3-arm32-eabi/bin/../lib/gcc/arm-none-eabi/6.3.1/thumb/v7e-m/crtbegin.o

.code           0x1fff8da8        0x0 load address 0x0000544c
                0x1fff8da8                . = ALIGN (0x4)
                0x1fff8da8                __CODE_RAM = .
                0x1fff8da8                __code_start__ = .
                0x1fff8da8                __code_ram_start__ = .
 *(.code_ram)
                0x1fff8da8                . = ALIGN (0x4)
                0x1fff8da8                __code_end__ = .
                0x1fff8da8                __code_ram_end__ = .
                0x0000544c                __CODE_END = (__CODE_ROM + (__code_end__ - __code_start__))
                0x0000544c                __CUSTOM_ROM = __CODE_END

.customSectionBlock
                0x20000000        0x0 load address 0x0000544c
                0x20000000                __customSection_start__ = .
 *(.customSection)
                0x20000000                __customSection_end__ = .
                0x0000544c                __CUSTOM_END = (__CUSTOM_ROM + (__customSection_end__ - __customSection_start__))

.bss            0x20000000       0x90
                0x20000000                . = ALIGN (0x4)
                0x20000000                __BSS_START = .
                0x20000000                __bss_start__ = .
 *(.bss)
 .bss           0x20000000       0x1c c:/nxp/s32ds_arm_v2.2/s32ds/build_tools/gcc_v6.3/gcc-6.3-arm32-eabi/bin/../lib/gcc/arm-none-eabi/6.3.1/thumb/v7e-m/crtbegin.o
 *(.bss*)
 .bss.State     0x2000001c        0x1 ./src/main.o
                0x2000001c                State
 *fill*         0x2000001d        0x3 
 .bss.__malloc_current_mallinfo
                0x20000020       0x28 C:/NXP/S32DS_ARM_v2.2/S32DS/build_tools/gcc_v6.3/gcc-6.3-arm32-eabi/arm-none-eabi/newlib/lib/thumb/v7e-m\libc.a(lib_a-mallocr.o)
                0x20000020                __malloc_current_mallinfo
 .bss.__malloc_max_sbrked_mem
                0x20000048        0x4 C:/NXP/S32DS_ARM_v2.2/S32DS/build_tools/gcc_v6.3/gcc-6.3-arm32-eabi/arm-none-eabi/newlib/lib/thumb/v7e-m\libc.a(lib_a-mallocr.o)
                0x20000048                __malloc_max_sbrked_mem
 .bss.__malloc_max_total_mem
                0x2000004c        0x4 C:/NXP/S32DS_ARM_v2.2/S32DS/build_tools/gcc_v6.3/gcc-6.3-arm32-eabi/arm-none-eabi/newlib/lib/thumb/v7e-m\libc.a(lib_a-mallocr.o)
                0x2000004c                __malloc_max_total_mem
 .bss.__malloc_top_pad
                0x20000050        0x4 C:/NXP/S32DS_ARM_v2.2/S32DS/build_tools/gcc_v6.3/gcc-6.3-arm32-eabi/arm-none-eabi/newlib/lib/thumb/v7e-m\libc.a(lib_a-mallocr.o)
                0x20000050                __malloc_top_pad
 .bss.heap_end.4090
                0x20000054        0x4 C:/NXP/S32DS_ARM_v2.2/S32DS/build_tools/gcc_v6.3/gcc-6.3-arm32-eabi/arm-none-eabi/newlib/lib/thumb/v7e-m\libnosys.a(sbrk.o)
 *(COMMON)
 COMMON         0x20000058       0x32 ./src/main.o
                0x20000058                uartStr
 *fill*         0x2000008a        0x2 
 COMMON         0x2000008c        0x4 C:/NXP/S32DS_ARM_v2.2/S32DS/build_tools/gcc_v6.3/gcc-6.3-arm32-eabi/arm-none-eabi/newlib/lib/thumb/v7e-m\libc.a(lib_a-reent.o)
                0x2000008c                errno
                0x20000090                . = ALIGN (0x4)
                0x20000090                __bss_end__ = .
                0x20000090                __BSS_END = .

.heap           0x20000090      0x400
                0x20000090                . = ALIGN (0x8)
                0x20000090                __end__ = .
                0x20000090                __heap_start__ = .
                0x20000090                PROVIDE (end, .)
                [!provide]                PROVIDE (_end, .)
                [!provide]                PROVIDE (__end, .)
                0x20000090                __HeapBase = .
                0x20000490                . = (. + HEAP_SIZE)
 *fill*         0x20000090      0x400 
                0x20000490                __HeapLimit = .
                0x20000490                __heap_limit = .
                0x20000490                __heap_end__ = .
                0x20007000                __StackTop = (ORIGIN (m_data_2) + LENGTH (m_data_2))
                0x20006c00                __StackLimit = (__StackTop - STACK_SIZE)
                0x20007000                PROVIDE (__stack, __StackTop)
                0x20007000                __RAM_END = __StackTop

.stack          0x20006c00      0x400
                0x20006c00                . = ALIGN (0x8)
                0x20006c00                __stack_start__ = .
                0x20007000                . = (. + STACK_SIZE)
 *fill*         0x20006c00      0x400 
                0x20007000                __stack_end__ = .
                0x20000000                __START_BSS = __BSS_START
                0x20000090                __END_BSS = __BSS_END
                0x20007000                __SP_INIT = __StackTop

.ARM.attributes
                0x00000000       0x2a
 *(.ARM.attributes)
 .ARM.attributes
                0x00000000       0x1e c:/nxp/s32ds_arm_v2.2/s32ds/build_tools/gcc_v6.3/gcc-6.3-arm32-eabi/bin/../lib/gcc/arm-none-eabi/6.3.1/thumb/v7e-m/crti.o
 .ARM.attributes
                0x0000001e       0x2e c:/nxp/s32ds_arm_v2.2/s32ds/build_tools/gcc_v6.3/gcc-6.3-arm32-eabi/bin/../lib/gcc/arm-none-eabi/6.3.1/thumb/v7e-m/crtbegin.o
 .ARM.attributes
                0x0000004c       0x1c C:/NXP/S32DS_ARM_v2.2/S32DS/build_tools/gcc_v6.3/gcc-6.3-arm32-eabi/arm-none-eabi/newlib/lib/thumb/v7e-m/crt0.o
 .ARM.attributes
                0x00000068       0x33 ./Project_Settings/Startup_Code/startup.o
 .ARM.attributes
                0x0000009b       0x1b ./Project_Settings/Startup_Code/startup_S32K144.o
 .ARM.attributes
                0x000000b6       0x33 ./Project_Settings/Startup_Code/system_S32K144.o
 .ARM.attributes
                0x000000e9       0x33 ./src/CLOCK.o
 .ARM.attributes
                0x0000011c       0x33 ./src/FTM.o
 .ARM.attributes
                0x0000014f       0x33 ./src/GPIO.o
 .ARM.attributes
                0x00000182       0x33 ./src/LPUART.o
 .ARM.attributes
                0x000001b5       0x33 ./src/main.o
 .ARM.attributes
                0x000001e8       0x2e C:/NXP/S32DS_ARM_v2.2/S32DS/build_tools/gcc_v6.3/gcc-6.3-arm32-eabi/arm-none-eabi/newlib/lib/thumb/v7e-m\libc.a(lib_a-exit.o)
 .ARM.attributes
                0x00000216       0x2e C:/NXP/S32DS_ARM_v2.2/S32DS/build_tools/gcc_v6.3/gcc-6.3-arm32-eabi/arm-none-eabi/newlib/lib/thumb/v7e-m\libc.a(lib_a-impure.o)
 .ARM.attributes
                0x00000244       0x2e C:/NXP/S32DS_ARM_v2.2/S32DS/build_tools/gcc_v6.3/gcc-6.3-arm32-eabi/arm-none-eabi/newlib/lib/thumb/v7e-m\libc.a(lib_a-init.o)
 .ARM.attributes
                0x00000272       0x2e C:/NXP/S32DS_ARM_v2.2/S32DS/build_tools/gcc_v6.3/gcc-6.3-arm32-eabi/arm-none-eabi/newlib/lib/thumb/v7e-m\libc.a(lib_a-memset.o)
 .ARM.attributes
                0x000002a0       0x2e C:/NXP/S32DS_ARM_v2.2/S32DS/build_tools/gcc_v6.3/gcc-6.3-arm32-eabi/arm-none-eabi/newlib/lib/thumb/v7e-m\libc.a(lib_a-sprintf.o)
 .ARM.attributes
                0x000002ce       0x2e C:/NXP/S32DS_ARM_v2.2/S32DS/build_tools/gcc_v6.3/gcc-6.3-arm32-eabi/arm-none-eabi/newlib/lib/thumb/v7e-m\libc.a(lib_a-svfprintf.o)
 .ARM.attributes
                0x000002fc       0x2e C:/NXP/S32DS_ARM_v2.2/S32DS/build_tools/gcc_v6.3/gcc-6.3-arm32-eabi/arm-none-eabi/newlib/lib/thumb/v7e-m\libc.a(lib_a-__call_atexit.o)
 .ARM.attributes
                0x0000032a       0x2e C:/NXP/S32DS_ARM_v2.2/S32DS/build_tools/gcc_v6.3/gcc-6.3-arm32-eabi/arm-none-eabi/newlib/lib/thumb/v7e-m\libc.a(lib_a-dtoa.o)
 .ARM.attributes
                0x00000358       0x2e C:/NXP/S32DS_ARM_v2.2/S32DS/build_tools/gcc_v6.3/gcc-6.3-arm32-eabi/arm-none-eabi/newlib/lib/thumb/v7e-m\libc.a(lib_a-fini.o)
 .ARM.attributes
                0x00000386       0x2e C:/NXP/S32DS_ARM_v2.2/S32DS/build_tools/gcc_v6.3/gcc-6.3-arm32-eabi/arm-none-eabi/newlib/lib/thumb/v7e-m\libc.a(lib_a-localeconv.o)
 .ARM.attributes
                0x000003b4       0x2e C:/NXP/S32DS_ARM_v2.2/S32DS/build_tools/gcc_v6.3/gcc-6.3-arm32-eabi/arm-none-eabi/newlib/lib/thumb/v7e-m\libc.a(lib_a-locale.o)
 .ARM.attributes
                0x000003e2       0x2e C:/NXP/S32DS_ARM_v2.2/S32DS/build_tools/gcc_v6.3/gcc-6.3-arm32-eabi/arm-none-eabi/newlib/lib/thumb/v7e-m\libc.a(lib_a-mallocr.o)
 .ARM.attributes
                0x00000410       0x2e C:/NXP/S32DS_ARM_v2.2/S32DS/build_tools/gcc_v6.3/gcc-6.3-arm32-eabi/arm-none-eabi/newlib/lib/thumb/v7e-m\libc.a(lib_a-mbtowc_r.o)
 .ARM.attributes
                0x0000043e       0x1c C:/NXP/S32DS_ARM_v2.2/S32DS/build_tools/gcc_v6.3/gcc-6.3-arm32-eabi/arm-none-eabi/newlib/lib/thumb/v7e-m\libc.a(lib_a-memchr.o)
 .ARM.attributes
                0x0000045a       0x2e C:/NXP/S32DS_ARM_v2.2/S32DS/build_tools/gcc_v6.3/gcc-6.3-arm32-eabi/arm-none-eabi/newlib/lib/thumb/v7e-m\libc.a(lib_a-memcpy-stub.o)
 .ARM.attributes
                0x00000488       0x2e C:/NXP/S32DS_ARM_v2.2/S32DS/build_tools/gcc_v6.3/gcc-6.3-arm32-eabi/arm-none-eabi/newlib/lib/thumb/v7e-m\libc.a(lib_a-mlock.o)
 .ARM.attributes
                0x000004b6       0x2e C:/NXP/S32DS_ARM_v2.2/S32DS/build_tools/gcc_v6.3/gcc-6.3-arm32-eabi/arm-none-eabi/newlib/lib/thumb/v7e-m\libc.a(lib_a-mprec.o)
 .ARM.attributes
                0x000004e4       0x2e C:/NXP/S32DS_ARM_v2.2/S32DS/build_tools/gcc_v6.3/gcc-6.3-arm32-eabi/arm-none-eabi/newlib/lib/thumb/v7e-m\libc.a(lib_a-sbrkr.o)
 .ARM.attributes
                0x00000512       0x17 C:/NXP/S32DS_ARM_v2.2/S32DS/build_tools/gcc_v6.3/gcc-6.3-arm32-eabi/arm-none-eabi/newlib/lib/thumb/v7e-m\libc.a(lib_a-strlen.o)
 .ARM.attributes
                0x00000529       0x2e C:/NXP/S32DS_ARM_v2.2/S32DS/build_tools/gcc_v6.3/gcc-6.3-arm32-eabi/arm-none-eabi/newlib/lib/thumb/v7e-m\libc.a(lib_a-svfiprintf.o)
 .ARM.attributes
                0x00000557       0x2e C:/NXP/S32DS_ARM_v2.2/S32DS/build_tools/gcc_v6.3/gcc-6.3-arm32-eabi/arm-none-eabi/newlib/lib/thumb/v7e-m\libc.a(lib_a-wctomb_r.o)
 .ARM.attributes
                0x00000585       0x2e C:/NXP/S32DS_ARM_v2.2/S32DS/build_tools/gcc_v6.3/gcc-6.3-arm32-eabi/arm-none-eabi/newlib/lib/thumb/v7e-m\libc.a(lib_a-atexit.o)
 .ARM.attributes
                0x000005b3       0x2e C:/NXP/S32DS_ARM_v2.2/S32DS/build_tools/gcc_v6.3/gcc-6.3-arm32-eabi/arm-none-eabi/newlib/lib/thumb/v7e-m\libc.a(lib_a-callocr.o)
 .ARM.attributes
                0x000005e1       0x2e C:/NXP/S32DS_ARM_v2.2/S32DS/build_tools/gcc_v6.3/gcc-6.3-arm32-eabi/arm-none-eabi/newlib/lib/thumb/v7e-m\libc.a(lib_a-ctype_.o)
 .ARM.attributes
                0x0000060f       0x2e C:/NXP/S32DS_ARM_v2.2/S32DS/build_tools/gcc_v6.3/gcc-6.3-arm32-eabi/arm-none-eabi/newlib/lib/thumb/v7e-m\libc.a(lib_a-freer.o)
 .ARM.attributes
                0x0000063d       0x2e C:/NXP/S32DS_ARM_v2.2/S32DS/build_tools/gcc_v6.3/gcc-6.3-arm32-eabi/arm-none-eabi/newlib/lib/thumb/v7e-m\libc.a(lib_a-memmove.o)
 .ARM.attributes
                0x0000066b       0x2e C:/NXP/S32DS_ARM_v2.2/S32DS/build_tools/gcc_v6.3/gcc-6.3-arm32-eabi/arm-none-eabi/newlib/lib/thumb/v7e-m\libc.a(lib_a-reallocr.o)
 .ARM.attributes
                0x00000699       0x2e C:/NXP/S32DS_ARM_v2.2/S32DS/build_tools/gcc_v6.3/gcc-6.3-arm32-eabi/arm-none-eabi/newlib/lib/thumb/v7e-m\libc.a(lib_a-reent.o)
 .ARM.attributes
                0x000006c7       0x2e C:/NXP/S32DS_ARM_v2.2/S32DS/build_tools/gcc_v6.3/gcc-6.3-arm32-eabi/arm-none-eabi/newlib/lib/thumb/v7e-m\libc.a(lib_a-__atexit.o)
 .ARM.attributes
                0x000006f5       0x1e c:/nxp/s32ds_arm_v2.2/s32ds/build_tools/gcc_v6.3/gcc-6.3-arm32-eabi/bin/../lib/gcc/arm-none-eabi/6.3.1/thumb/v7e-m\libgcc.a(_arm_addsubdf3.o)
 .ARM.attributes
                0x00000713       0x1e c:/nxp/s32ds_arm_v2.2/s32ds/build_tools/gcc_v6.3/gcc-6.3-arm32-eabi/bin/../lib/gcc/arm-none-eabi/6.3.1/thumb/v7e-m\libgcc.a(_arm_muldivdf3.o)
 .ARM.attributes
                0x00000731       0x1e c:/nxp/s32ds_arm_v2.2/s32ds/build_tools/gcc_v6.3/gcc-6.3-arm32-eabi/bin/../lib/gcc/arm-none-eabi/6.3.1/thumb/v7e-m\libgcc.a(_arm_cmpdf2.o)
 .ARM.attributes
                0x0000074f       0x1e c:/nxp/s32ds_arm_v2.2/s32ds/build_tools/gcc_v6.3/gcc-6.3-arm32-eabi/bin/../lib/gcc/arm-none-eabi/6.3.1/thumb/v7e-m\libgcc.a(_arm_unorddf2.o)
 .ARM.attributes
                0x0000076d       0x1e c:/nxp/s32ds_arm_v2.2/s32ds/build_tools/gcc_v6.3/gcc-6.3-arm32-eabi/bin/../lib/gcc/arm-none-eabi/6.3.1/thumb/v7e-m\libgcc.a(_arm_fixdfsi.o)
 .ARM.attributes
                0x0000078b       0x1e c:/nxp/s32ds_arm_v2.2/s32ds/build_tools/gcc_v6.3/gcc-6.3-arm32-eabi/bin/../lib/gcc/arm-none-eabi/6.3.1/thumb/v7e-m\libgcc.a(_aeabi_uldivmod.o)
 .ARM.attributes
                0x000007a9       0x2e c:/nxp/s32ds_arm_v2.2/s32ds/build_tools/gcc_v6.3/gcc-6.3-arm32-eabi/bin/../lib/gcc/arm-none-eabi/6.3.1/thumb/v7e-m\libgcc.a(_udivmoddi4.o)
 .ARM.attributes
                0x000007d7       0x1e c:/nxp/s32ds_arm_v2.2/s32ds/build_tools/gcc_v6.3/gcc-6.3-arm32-eabi/bin/../lib/gcc/arm-none-eabi/6.3.1/thumb/v7e-m\libgcc.a(_dvmd_tls.o)
 .ARM.attributes
                0x000007f5       0x2e C:/NXP/S32DS_ARM_v2.2/S32DS/build_tools/gcc_v6.3/gcc-6.3-arm32-eabi/arm-none-eabi/newlib/lib/thumb/v7e-m\libnosys.a(sbrk.o)
 .ARM.attributes
                0x00000823       0x2e C:/NXP/S32DS_ARM_v2.2/S32DS/build_tools/gcc_v6.3/gcc-6.3-arm32-eabi/arm-none-eabi/newlib/lib/thumb/v7e-m\libnosys.a(_exit.o)
 .ARM.attributes
                0x00000851       0x2e c:/nxp/s32ds_arm_v2.2/s32ds/build_tools/gcc_v6.3/gcc-6.3-arm32-eabi/bin/../lib/gcc/arm-none-eabi/6.3.1/thumb/v7e-m/crtend.o
 .ARM.attributes
                0x0000087f       0x1e c:/nxp/s32ds_arm_v2.2/s32ds/build_tools/gcc_v6.3/gcc-6.3-arm32-eabi/bin/../lib/gcc/arm-none-eabi/6.3.1/thumb/v7e-m/crtn.o
                0x00000001                ASSERT ((__StackLimit >= __HeapLimit), region m_data_2 overflowed with stack and heap)
OUTPUT(Task_2_Control_PWM_with_buttons.elf elf32-littlearm)

.comment        0x00000000       0xa0
 .comment       0x00000000       0xa0 c:/nxp/s32ds_arm_v2.2/s32ds/build_tools/gcc_v6.3/gcc-6.3-arm32-eabi/bin/../lib/gcc/arm-none-eabi/6.3.1/thumb/v7e-m/crtbegin.o
                                 0xa1 (size before relaxing)
 .comment       0x000000a0       0xa1 ./Project_Settings/Startup_Code/startup.o
 .comment       0x000000a0       0xa1 ./Project_Settings/Startup_Code/system_S32K144.o
 .comment       0x000000a0       0xa1 ./src/CLOCK.o
 .comment       0x000000a0       0xa1 ./src/FTM.o
 .comment       0x000000a0       0xa1 ./src/GPIO.o
 .comment       0x000000a0       0xa1 ./src/LPUART.o
 .comment       0x000000a0       0xa1 ./src/main.o
 .comment       0x000000a0       0xa1 c:/nxp/s32ds_arm_v2.2/s32ds/build_tools/gcc_v6.3/gcc-6.3-arm32-eabi/bin/../lib/gcc/arm-none-eabi/6.3.1/thumb/v7e-m/crtend.o

.debug_info     0x00000000     0x23ad
 .debug_info    0x00000000      0x471 ./Project_Settings/Startup_Code/startup.o
 .debug_info    0x00000471       0x26 ./Project_Settings/Startup_Code/startup_S32K144.o
 .debug_info    0x00000497      0x522 ./Project_Settings/Startup_Code/system_S32K144.o
 .debug_info    0x000009b9      0x268 ./src/CLOCK.o
 .debug_info    0x00000c21      0x46c ./src/FTM.o
 .debug_info    0x0000108d      0x29c ./src/GPIO.o
 .debug_info    0x00001329      0x46b ./src/LPUART.o
 .debug_info    0x00001794      0xc19 ./src/main.o

.debug_abbrev   0x00000000      0x6fe
 .debug_abbrev  0x00000000      0x108 ./Project_Settings/Startup_Code/startup.o
 .debug_abbrev  0x00000108       0x14 ./Project_Settings/Startup_Code/startup_S32K144.o
 .debug_abbrev  0x0000011c      0x125 ./Project_Settings/Startup_Code/system_S32K144.o
 .debug_abbrev  0x00000241       0xae ./src/CLOCK.o
 .debug_abbrev  0x000002ef       0xb2 ./src/FTM.o
 .debug_abbrev  0x000003a1       0x96 ./src/GPIO.o
 .debug_abbrev  0x00000437      0x125 ./src/LPUART.o
 .debug_abbrev  0x0000055c      0x1a2 ./src/main.o

.debug_aranges  0x00000000      0x148
 .debug_aranges
                0x00000000       0x20 ./Project_Settings/Startup_Code/startup.o
 .debug_aranges
                0x00000020       0x20 ./Project_Settings/Startup_Code/startup_S32K144.o
 .debug_aranges
                0x00000040       0x30 ./Project_Settings/Startup_Code/system_S32K144.o
 .debug_aranges
                0x00000070       0x28 ./src/CLOCK.o
 .debug_aranges
                0x00000098       0x30 ./src/FTM.o
 .debug_aranges
                0x000000c8       0x28 ./src/GPIO.o
 .debug_aranges
                0x000000f0       0x30 ./src/LPUART.o
 .debug_aranges
                0x00000120       0x28 ./src/main.o

.debug_ranges   0x00000000       0xb8
 .debug_ranges  0x00000000       0x10 ./Project_Settings/Startup_Code/startup.o
 .debug_ranges  0x00000010       0x20 ./Project_Settings/Startup_Code/system_S32K144.o
 .debug_ranges  0x00000030       0x18 ./src/CLOCK.o
 .debug_ranges  0x00000048       0x20 ./src/FTM.o
 .debug_ranges  0x00000068       0x18 ./src/GPIO.o
 .debug_ranges  0x00000080       0x20 ./src/LPUART.o
 .debug_ranges  0x000000a0       0x18 ./src/main.o

.debug_macro    0x00000000    0x2062d
 .debug_macro   0x00000000       0xb5 ./Project_Settings/Startup_Code/startup.o
 .debug_macro   0x000000b5      0x8d4 ./Project_Settings/Startup_Code/startup.o
 .debug_macro   0x00000989       0x22 ./Project_Settings/Startup_Code/startup.o
 .debug_macro   0x000009ab       0x87 ./Project_Settings/Startup_Code/startup.o
 .debug_macro   0x00000a32       0x51 ./Project_Settings/Startup_Code/startup.o
 .debug_macro   0x00000a83       0xef ./Project_Settings/Startup_Code/startup.o
 .debug_macro   0x00000b72       0x6a ./Project_Settings/Startup_Code/startup.o
 .debug_macro   0x00000bdc      0x1df ./Project_Settings/Startup_Code/startup.o
 .debug_macro   0x00000dbb       0x10 ./Project_Settings/Startup_Code/startup.o
 .debug_macro   0x00000dcb       0x7a ./Project_Settings/Startup_Code/startup.o
 .debug_macro   0x00000e45     0xed32 ./Project_Settings/Startup_Code/startup.o
 .debug_macro   0x0000fb77      0xb86 ./Project_Settings/Startup_Code/startup.o
 .debug_macro   0x000106fd       0x22 ./Project_Settings/Startup_Code/startup.o
 .debug_macro   0x0001071f       0x40 ./Project_Settings/Startup_Code/startup.o
 .debug_macro   0x0001075f       0xb5 ./Project_Settings/Startup_Code/system_S32K144.o
 .debug_macro   0x00010814       0x19 ./Project_Settings/Startup_Code/system_S32K144.o
 .debug_macro   0x0001082d     0xed1d ./Project_Settings/Startup_Code/system_S32K144.o
 .debug_macro   0x0001f54a       0x28 ./Project_Settings/Startup_Code/system_S32K144.o
 .debug_macro   0x0001f572       0x7c ./src/CLOCK.o
 .debug_macro   0x0001f5ee      0x10c ./src/CLOCK.o
 .debug_macro   0x0001f6fa       0x86 ./src/FTM.o
 .debug_macro   0x0001f780       0x7c ./src/GPIO.o
 .debug_macro   0x0001f7fc       0x7c ./src/LPUART.o
 .debug_macro   0x0001f878      0x1f1 ./src/main.o
 .debug_macro   0x0001fa69       0x52 ./src/main.o
 .debug_macro   0x0001fabb       0x3c ./src/main.o
 .debug_macro   0x0001faf7       0x9c ./src/main.o
 .debug_macro   0x0001fb93       0x16 ./src/main.o
 .debug_macro   0x0001fba9       0x97 ./src/main.o
 .debug_macro   0x0001fc40      0x30d ./src/main.o
 .debug_macro   0x0001ff4d       0xfd ./src/main.o
 .debug_macro   0x0002004a       0x10 ./src/main.o
 .debug_macro   0x0002005a       0x52 ./src/main.o
 .debug_macro   0x000200ac       0x1f ./src/main.o
 .debug_macro   0x000200cb       0x43 ./src/main.o
 .debug_macro   0x0002010e       0x20 ./src/main.o
 .debug_macro   0x0002012e      0x1a3 ./src/main.o
 .debug_macro   0x000202d1       0x10 ./src/main.o
 .debug_macro   0x000202e1       0x1c ./src/main.o
 .debug_macro   0x000202fd       0x52 ./src/main.o
 .debug_macro   0x0002034f       0x40 ./src/main.o
 .debug_macro   0x0002038f       0x10 ./src/main.o
 .debug_macro   0x0002039f       0x40 ./src/main.o
 .debug_macro   0x000203df       0xd7 ./src/main.o
 .debug_macro   0x000204b6       0x16 ./src/main.o
 .debug_macro   0x000204cc      0x161 ./src/main.o

.debug_line     0x00000000     0x14a7
 .debug_line    0x00000000      0x331 ./Project_Settings/Startup_Code/startup.o
 .debug_line    0x00000331       0x91 ./Project_Settings/Startup_Code/startup_S32K144.o
 .debug_line    0x000003c2      0x34e ./Project_Settings/Startup_Code/system_S32K144.o
 .debug_line    0x00000710      0x286 ./src/CLOCK.o
 .debug_line    0x00000996      0x276 ./src/FTM.o
 .debug_line    0x00000c0c      0x269 ./src/GPIO.o
 .debug_line    0x00000e75      0x27d ./src/LPUART.o
 .debug_line    0x000010f2      0x3b5 ./src/main.o

.debug_str      0x00000000    0x6d58a
 .debug_str     0x00000000    0x688b0 ./Project_Settings/Startup_Code/startup.o
                              0x68add (size before relaxing)
 .debug_str     0x000688b0       0x3f ./Project_Settings/Startup_Code/startup_S32K144.o
                                 0x7d (size before relaxing)
 .debug_str     0x000688ef      0x1f3 ./Project_Settings/Startup_Code/system_S32K144.o
                              0x688b6 (size before relaxing)
 .debug_str     0x00068ae2      0x412 ./src/CLOCK.o
                               0x3b22 (size before relaxing)
 .debug_str     0x00068ef4      0x1c1 ./src/FTM.o
                               0x3c15 (size before relaxing)
 .debug_str     0x000690b5       0x7c ./src/GPIO.o
                               0x3b1f (size before relaxing)
 .debug_str     0x00069131       0x8e ./src/LPUART.o
                               0x3c13 (size before relaxing)
 .debug_str     0x000691bf     0x43cb ./src/main.o
                               0x8083 (size before relaxing)

.debug_frame    0x00000000      0xd80
 .debug_frame   0x00000000       0x38 ./Project_Settings/Startup_Code/startup.o
 .debug_frame   0x00000038       0x80 ./Project_Settings/Startup_Code/system_S32K144.o
 .debug_frame   0x000000b8       0x50 ./src/CLOCK.o
 .debug_frame   0x00000108       0x70 ./src/FTM.o
 .debug_frame   0x00000178       0x50 ./src/GPIO.o
 .debug_frame   0x000001c8       0x7c ./src/LPUART.o
 .debug_frame   0x00000244       0x48 ./src/main.o
 .debug_frame   0x0000028c       0x28 C:/NXP/S32DS_ARM_v2.2/S32DS/build_tools/gcc_v6.3/gcc-6.3-arm32-eabi/arm-none-eabi/newlib/lib/thumb/v7e-m\libc.a(lib_a-exit.o)
 .debug_frame   0x000002b4       0x2c C:/NXP/S32DS_ARM_v2.2/S32DS/build_tools/gcc_v6.3/gcc-6.3-arm32-eabi/arm-none-eabi/newlib/lib/thumb/v7e-m\libc.a(lib_a-init.o)
 .debug_frame   0x000002e0       0x20 C:/NXP/S32DS_ARM_v2.2/S32DS/build_tools/gcc_v6.3/gcc-6.3-arm32-eabi/arm-none-eabi/newlib/lib/thumb/v7e-m\libc.a(lib_a-memset.o)
 .debug_frame   0x00000300       0x70 C:/NXP/S32DS_ARM_v2.2/S32DS/build_tools/gcc_v6.3/gcc-6.3-arm32-eabi/arm-none-eabi/newlib/lib/thumb/v7e-m\libc.a(lib_a-sprintf.o)
 .debug_frame   0x00000370       0x40 C:/NXP/S32DS_ARM_v2.2/S32DS/build_tools/gcc_v6.3/gcc-6.3-arm32-eabi/arm-none-eabi/newlib/lib/thumb/v7e-m\libc.a(lib_a-svfprintf.o)
 .debug_frame   0x000003b0       0x4c C:/NXP/S32DS_ARM_v2.2/S32DS/build_tools/gcc_v6.3/gcc-6.3-arm32-eabi/arm-none-eabi/newlib/lib/thumb/v7e-m\libc.a(lib_a-__call_atexit.o)
 .debug_frame   0x000003fc       0x6c C:/NXP/S32DS_ARM_v2.2/S32DS/build_tools/gcc_v6.3/gcc-6.3-arm32-eabi/arm-none-eabi/newlib/lib/thumb/v7e-m\libc.a(lib_a-dtoa.o)
 .debug_frame   0x00000468       0x38 C:/NXP/S32DS_ARM_v2.2/S32DS/build_tools/gcc_v6.3/gcc-6.3-arm32-eabi/arm-none-eabi/newlib/lib/thumb/v7e-m\libc.a(lib_a-fini.o)
 .debug_frame   0x000004a0       0x40 C:/NXP/S32DS_ARM_v2.2/S32DS/build_tools/gcc_v6.3/gcc-6.3-arm32-eabi/arm-none-eabi/newlib/lib/thumb/v7e-m\libc.a(lib_a-localeconv.o)
 .debug_frame   0x000004e0       0x68 C:/NXP/S32DS_ARM_v2.2/S32DS/build_tools/gcc_v6.3/gcc-6.3-arm32-eabi/arm-none-eabi/newlib/lib/thumb/v7e-m\libc.a(lib_a-locale.o)
 .debug_frame   0x00000548       0x40 C:/NXP/S32DS_ARM_v2.2/S32DS/build_tools/gcc_v6.3/gcc-6.3-arm32-eabi/arm-none-eabi/newlib/lib/thumb/v7e-m\libc.a(lib_a-mallocr.o)
 .debug_frame   0x00000588       0x48 C:/NXP/S32DS_ARM_v2.2/S32DS/build_tools/gcc_v6.3/gcc-6.3-arm32-eabi/arm-none-eabi/newlib/lib/thumb/v7e-m\libc.a(lib_a-mbtowc_r.o)
 .debug_frame   0x000005d0       0x28 C:/NXP/S32DS_ARM_v2.2/S32DS/build_tools/gcc_v6.3/gcc-6.3-arm32-eabi/arm-none-eabi/newlib/lib/thumb/v7e-m\libc.a(lib_a-memcpy-stub.o)
 .debug_frame   0x000005f8       0x30 C:/NXP/S32DS_ARM_v2.2/S32DS/build_tools/gcc_v6.3/gcc-6.3-arm32-eabi/arm-none-eabi/newlib/lib/thumb/v7e-m\libc.a(lib_a-mlock.o)
 .debug_frame   0x00000628      0x238 C:/NXP/S32DS_ARM_v2.2/S32DS/build_tools/gcc_v6.3/gcc-6.3-arm32-eabi/arm-none-eabi/newlib/lib/thumb/v7e-m\libc.a(lib_a-mprec.o)
 .debug_frame   0x00000860       0x2c C:/NXP/S32DS_ARM_v2.2/S32DS/build_tools/gcc_v6.3/gcc-6.3-arm32-eabi/arm-none-eabi/newlib/lib/thumb/v7e-m\libc.a(lib_a-sbrkr.o)
 .debug_frame   0x0000088c       0x6c C:/NXP/S32DS_ARM_v2.2/S32DS/build_tools/gcc_v6.3/gcc-6.3-arm32-eabi/arm-none-eabi/newlib/lib/thumb/v7e-m\libc.a(lib_a-svfiprintf.o)
 .debug_frame   0x000008f8       0x3c C:/NXP/S32DS_ARM_v2.2/S32DS/build_tools/gcc_v6.3/gcc-6.3-arm32-eabi/arm-none-eabi/newlib/lib/thumb/v7e-m\libc.a(lib_a-wctomb_r.o)
 .debug_frame   0x00000934       0x20 C:/NXP/S32DS_ARM_v2.2/S32DS/build_tools/gcc_v6.3/gcc-6.3-arm32-eabi/arm-none-eabi/newlib/lib/thumb/v7e-m\libc.a(lib_a-atexit.o)
 .debug_frame   0x00000954       0x28 C:/NXP/S32DS_ARM_v2.2/S32DS/build_tools/gcc_v6.3/gcc-6.3-arm32-eabi/arm-none-eabi/newlib/lib/thumb/v7e-m\libc.a(lib_a-callocr.o)
 .debug_frame   0x0000097c       0x5c C:/NXP/S32DS_ARM_v2.2/S32DS/build_tools/gcc_v6.3/gcc-6.3-arm32-eabi/arm-none-eabi/newlib/lib/thumb/v7e-m\libc.a(lib_a-freer.o)
 .debug_frame   0x000009d8       0x28 C:/NXP/S32DS_ARM_v2.2/S32DS/build_tools/gcc_v6.3/gcc-6.3-arm32-eabi/arm-none-eabi/newlib/lib/thumb/v7e-m\libc.a(lib_a-memmove.o)
 .debug_frame   0x00000a00       0x50 C:/NXP/S32DS_ARM_v2.2/S32DS/build_tools/gcc_v6.3/gcc-6.3-arm32-eabi/arm-none-eabi/newlib/lib/thumb/v7e-m\libc.a(lib_a-reallocr.o)
 .debug_frame   0x00000a50       0x5c C:/NXP/S32DS_ARM_v2.2/S32DS/build_tools/gcc_v6.3/gcc-6.3-arm32-eabi/arm-none-eabi/newlib/lib/thumb/v7e-m\libc.a(lib_a-reent.o)
 .debug_frame   0x00000aac       0x30 C:/NXP/S32DS_ARM_v2.2/S32DS/build_tools/gcc_v6.3/gcc-6.3-arm32-eabi/arm-none-eabi/newlib/lib/thumb/v7e-m\libc.a(lib_a-__atexit.o)
 .debug_frame   0x00000adc       0xac c:/nxp/s32ds_arm_v2.2/s32ds/build_tools/gcc_v6.3/gcc-6.3-arm32-eabi/bin/../lib/gcc/arm-none-eabi/6.3.1/thumb/v7e-m\libgcc.a(_arm_addsubdf3.o)
 .debug_frame   0x00000b88       0x50 c:/nxp/s32ds_arm_v2.2/s32ds/build_tools/gcc_v6.3/gcc-6.3-arm32-eabi/bin/../lib/gcc/arm-none-eabi/6.3.1/thumb/v7e-m\libgcc.a(_arm_muldivdf3.o)
 .debug_frame   0x00000bd8       0xc4 c:/nxp/s32ds_arm_v2.2/s32ds/build_tools/gcc_v6.3/gcc-6.3-arm32-eabi/bin/../lib/gcc/arm-none-eabi/6.3.1/thumb/v7e-m\libgcc.a(_arm_cmpdf2.o)
 .debug_frame   0x00000c9c       0x20 c:/nxp/s32ds_arm_v2.2/s32ds/build_tools/gcc_v6.3/gcc-6.3-arm32-eabi/bin/../lib/gcc/arm-none-eabi/6.3.1/thumb/v7e-m\libgcc.a(_arm_unorddf2.o)
 .debug_frame   0x00000cbc       0x24 c:/nxp/s32ds_arm_v2.2/s32ds/build_tools/gcc_v6.3/gcc-6.3-arm32-eabi/bin/../lib/gcc/arm-none-eabi/6.3.1/thumb/v7e-m\libgcc.a(_arm_fixdfsi.o)
 .debug_frame   0x00000ce0       0x2c c:/nxp/s32ds_arm_v2.2/s32ds/build_tools/gcc_v6.3/gcc-6.3-arm32-eabi/bin/../lib/gcc/arm-none-eabi/6.3.1/thumb/v7e-m\libgcc.a(_aeabi_uldivmod.o)
 .debug_frame   0x00000d0c       0x34 c:/nxp/s32ds_arm_v2.2/s32ds/build_tools/gcc_v6.3/gcc-6.3-arm32-eabi/bin/../lib/gcc/arm-none-eabi/6.3.1/thumb/v7e-m\libgcc.a(_udivmoddi4.o)
 .debug_frame   0x00000d40       0x20 C:/NXP/S32DS_ARM_v2.2/S32DS/build_tools/gcc_v6.3/gcc-6.3-arm32-eabi/arm-none-eabi/newlib/lib/thumb/v7e-m\libnosys.a(sbrk.o)
 .debug_frame   0x00000d60       0x20 C:/NXP/S32DS_ARM_v2.2/S32DS/build_tools/gcc_v6.3/gcc-6.3-arm32-eabi/arm-none-eabi/newlib/lib/thumb/v7e-m\libnosys.a(_exit.o)
