Archive member included to satisfy reference by file (symbol)

C:/NXP/S32DS_ARM_v2.2/S32DS/build_tools/gcc_v6.3/gcc-6.3-arm32-eabi/arm-none-eabi/newlib/lib/thumb/v7e-m\libc.a(lib_a-exit.o)
                              C:/NXP/S32DS_ARM_v2.2/S32DS/build_tools/gcc_v6.3/gcc-6.3-arm32-eabi/arm-none-eabi/newlib/lib/thumb/v7e-m/crt0.o (exit)
C:/NXP/S32DS_ARM_v2.2/S32DS/build_tools/gcc_v6.3/gcc-6.3-arm32-eabi/arm-none-eabi/newlib/lib/thumb/v7e-m\libc.a(lib_a-impure.o)
                              C:/NXP/S32DS_ARM_v2.2/S32DS/build_tools/gcc_v6.3/gcc-6.3-arm32-eabi/arm-none-eabi/newlib/lib/thumb/v7e-m\libc.a(lib_a-exit.o) (_global_impure_ptr)
C:/NXP/S32DS_ARM_v2.2/S32DS/build_tools/gcc_v6.3/gcc-6.3-arm32-eabi/arm-none-eabi/newlib/lib/thumb/v7e-m\libc.a(lib_a-init.o)
                              C:/NXP/S32DS_ARM_v2.2/S32DS/build_tools/gcc_v6.3/gcc-6.3-arm32-eabi/arm-none-eabi/newlib/lib/thumb/v7e-m/crt0.o (__libc_init_array)
C:/NXP/S32DS_ARM_v2.2/S32DS/build_tools/gcc_v6.3/gcc-6.3-arm32-eabi/arm-none-eabi/newlib/lib/thumb/v7e-m\libc.a(lib_a-memset.o)
                              C:/NXP/S32DS_ARM_v2.2/S32DS/build_tools/gcc_v6.3/gcc-6.3-arm32-eabi/arm-none-eabi/newlib/lib/thumb/v7e-m/crt0.o (memset)
C:/NXP/S32DS_ARM_v2.2/S32DS/build_tools/gcc_v6.3/gcc-6.3-arm32-eabi/arm-none-eabi/newlib/lib/thumb/v7e-m\libc.a(lib_a-sprintf.o)
                              ./src/main.o (sprintf)
C:/NXP/S32DS_ARM_v2.2/S32DS/build_tools/gcc_v6.3/gcc-6.3-arm32-eabi/arm-none-eabi/newlib/lib/thumb/v7e-m\libc.a(lib_a-strcmp.o)
                              ./src/main.o (strcmp)
C:/NXP/S32DS_ARM_v2.2/S32DS/build_tools/gcc_v6.3/gcc-6.3-arm32-eabi/arm-none-eabi/newlib/lib/thumb/v7e-m\libc.a(lib_a-svfprintf.o)
                              C:/NXP/S32DS_ARM_v2.2/S32DS/build_tools/gcc_v6.3/gcc-6.3-arm32-eabi/arm-none-eabi/newlib/lib/thumb/v7e-m\libc.a(lib_a-sprintf.o) (_svfprintf_r)
C:/NXP/S32DS_ARM_v2.2/S32DS/build_tools/gcc_v6.3/gcc-6.3-arm32-eabi/arm-none-eabi/newlib/lib/thumb/v7e-m\libc.a(lib_a-__call_atexit.o)
                              C:/NXP/S32DS_ARM_v2.2/S32DS/build_tools/gcc_v6.3/gcc-6.3-arm32-eabi/arm-none-eabi/newlib/lib/thumb/v7e-m\libc.a(lib_a-exit.o) (__call_exitprocs)
C:/NXP/S32DS_ARM_v2.2/S32DS/build_tools/gcc_v6.3/gcc-6.3-arm32-eabi/arm-none-eabi/newlib/lib/thumb/v7e-m\libc.a(lib_a-dtoa.o)
                              C:/NXP/S32DS_ARM_v2.2/S32DS/build_tools/gcc_v6.3/gcc-6.3-arm32-eabi/arm-none-eabi/newlib/lib/thumb/v7e-m\libc.a(lib_a-svfprintf.o) (_dtoa_r)
C:/NXP/S32DS_ARM_v2.2/S32DS/build_tools/gcc_v6.3/gcc-6.3-arm32-eabi/arm-none-eabi/newlib/lib/thumb/v7e-m\libc.a(lib_a-fini.o)
                              C:/NXP/S32DS_ARM_v2.2/S32DS/build_tools/gcc_v6.3/gcc-6.3-arm32-eabi/arm-none-eabi/newlib/lib/thumb/v7e-m\libc.a(lib_a-__call_atexit.o) (__libc_fini_array)
C:/NXP/S32DS_ARM_v2.2/S32DS/build_tools/gcc_v6.3/gcc-6.3-arm32-eabi/arm-none-eabi/newlib/lib/thumb/v7e-m\libc.a(lib_a-localeconv.o)
                              C:/NXP/S32DS_ARM_v2.2/S32DS/build_tools/gcc_v6.3/gcc-6.3-arm32-eabi/arm-none-eabi/newlib/lib/thumb/v7e-m\libc.a(lib_a-svfprintf.o) (_localeconv_r)
C:/NXP/S32DS_ARM_v2.2/S32DS/build_tools/gcc_v6.3/gcc-6.3-arm32-eabi/arm-none-eabi/newlib/lib/thumb/v7e-m\libc.a(lib_a-locale.o)
                              C:/NXP/S32DS_ARM_v2.2/S32DS/build_tools/gcc_v6.3/gcc-6.3-arm32-eabi/arm-none-eabi/newlib/lib/thumb/v7e-m\libc.a(lib_a-localeconv.o) (__global_locale)
C:/NXP/S32DS_ARM_v2.2/S32DS/build_tools/gcc_v6.3/gcc-6.3-arm32-eabi/arm-none-eabi/newlib/lib/thumb/v7e-m\libc.a(lib_a-mallocr.o)
                              C:/NXP/S32DS_ARM_v2.2/S32DS/build_tools/gcc_v6.3/gcc-6.3-arm32-eabi/arm-none-eabi/newlib/lib/thumb/v7e-m\libc.a(lib_a-svfprintf.o) (_malloc_r)
C:/NXP/S32DS_ARM_v2.2/S32DS/build_tools/gcc_v6.3/gcc-6.3-arm32-eabi/arm-none-eabi/newlib/lib/thumb/v7e-m\libc.a(lib_a-mbtowc_r.o)
                              C:/NXP/S32DS_ARM_v2.2/S32DS/build_tools/gcc_v6.3/gcc-6.3-arm32-eabi/arm-none-eabi/newlib/lib/thumb/v7e-m\libc.a(lib_a-locale.o) (__ascii_mbtowc)
C:/NXP/S32DS_ARM_v2.2/S32DS/build_tools/gcc_v6.3/gcc-6.3-arm32-eabi/arm-none-eabi/newlib/lib/thumb/v7e-m\libc.a(lib_a-memchr.o)
                              C:/NXP/S32DS_ARM_v2.2/S32DS/build_tools/gcc_v6.3/gcc-6.3-arm32-eabi/arm-none-eabi/newlib/lib/thumb/v7e-m\libc.a(lib_a-svfprintf.o) (memchr)
C:/NXP/S32DS_ARM_v2.2/S32DS/build_tools/gcc_v6.3/gcc-6.3-arm32-eabi/arm-none-eabi/newlib/lib/thumb/v7e-m\libc.a(lib_a-memcpy-stub.o)
                              C:/NXP/S32DS_ARM_v2.2/S32DS/build_tools/gcc_v6.3/gcc-6.3-arm32-eabi/arm-none-eabi/newlib/lib/thumb/v7e-m\libc.a(lib_a-dtoa.o) (memcpy)
C:/NXP/S32DS_ARM_v2.2/S32DS/build_tools/gcc_v6.3/gcc-6.3-arm32-eabi/arm-none-eabi/newlib/lib/thumb/v7e-m\libc.a(lib_a-mlock.o)
                              C:/NXP/S32DS_ARM_v2.2/S32DS/build_tools/gcc_v6.3/gcc-6.3-arm32-eabi/arm-none-eabi/newlib/lib/thumb/v7e-m\libc.a(lib_a-mallocr.o) (__malloc_lock)
[...]
Memory Configuration

Name             Origin             Length             Attributes
m_interrupts     0x00000000         0x00000400         xr
m_flash_config   0x00000400         0x00000010         xr
m_text           0x00000410         0x0007fbf0         xr
m_data           0x1fff8000         0x00008000         rw
m_data_2         0x20000000         0x00007000         rw
*default*        0x00000000         0xffffffff

Linker script and memory map

LOAD c:/nxp/s32ds_arm_v2.2/s32ds/build_tools/gcc_v6.3/gcc-6.3-arm32-eabi/bin/../lib/gcc/arm-none-eabi/6.3.1/thumb/v7e-m/crti.o
LOAD c:/nxp/s32ds_arm_v2.2/s32ds/build_tools/gcc_v6.3/gcc-6.3-arm32-eabi/bin/../lib/gcc/arm-none-eabi/6.3.1/thumb/v7e-m/crtbegin.o
LOAD C:/NXP/S32DS_ARM_v2.2/S32DS/build_tools/gcc_v6.3/gcc-6.3-arm32-eabi/arm-none-eabi/newlib/lib/thumb/v7e-m/crt0.o
LOAD ./Project_Settings/Startup_Code/startup.o
LOAD ./Project_Settings/Startup_Code/startup_S32K144.o
LOAD ./Project_Settings/Startup_Code/system_S32K144.o
LOAD ./src/LPIT.o
LOAD ./src/LPSPI.o
LOAD ./src/LPUART.o
LOAD ./src/NVIC.o
LOAD ./src/PCC.o
LOAD ./src/PORT_GPIO.o
LOAD ./src/SCG.o
LOAD ./src/SIM.o
LOAD ./src/funtion.o
LOAD ./src/ledMax7219.o
LOAD ./src/main.o
START GROUP
LOAD c:/nxp/s32ds_arm_v2.2/s32ds/build_tools/gcc_v6.3/gcc-6.3-arm32-eabi/bin/../lib/gcc/arm-none-eabi/6.3.1/thumb/v7e-m\libgcc.a
LOAD C:/NXP/S32DS_ARM_v2.2/S32DS/build_tools/gcc_v6.3/gcc-6.3-arm32-eabi/arm-none-eabi/newlib/lib/thumb/v7e-m\libc.a
END GROUP
START GROUP
LOAD c:/nxp/s32ds_arm_v2.2/s32ds/build_tools/gcc_v6.3/gcc-6.3-arm32-eabi/bin/../lib/gcc/arm-none-eabi/6.3.1/thumb/v7e-m\libgcc.a
LOAD C:/NXP/S32DS_ARM_v2.2/S32DS/build_tools/gcc_v6.3/gcc-6.3-arm32-eabi/arm-none-eabi/newlib/lib/thumb/v7e-m\libc.a
LOAD C:/NXP/S32DS_ARM_v2.2/S32DS/build_tools/gcc_v6.3/gcc-6.3-arm32-eabi/arm-none-eabi/newlib/lib/thumb/v7e-m\libnosys.a
END GROUP
LOAD c:/nxp/s32ds_arm_v2.2/s32ds/build_tools/gcc_v6.3/gcc-6.3-arm32-eabi/bin/../lib/gcc/arm-none-eabi/6.3.1/thumb/v7e-m/crtend.o
LOAD c:/nxp/s32ds_arm_v2.2/s32ds/build_tools/gcc_v6.3/gcc-6.3-arm32-eabi/bin/../lib/gcc/arm-none-eabi/6.3.1/thumb/v7e-m/crtn.o
                0x00000400                HEAP_SIZE = DEFINED (__heap_size__)?__heap_size__:0x400
                0x00000400                STACK_SIZE = DEFINED (__stack_size__)?__stack_size__:0x400
                0x00000400                M_VECTOR_RAM_SIZE = DEFINED (__flash_vector_table__)?0x0:0x400

.flash_blinkled
                0x00000410       0x58
                0x00000410                . = ALIGN (0x4)
 *(.flash_blinkled)
 .flash_blinkled
                0x00000410       0x58 ./src/main.o
                0x00000410                Blink_Led_Function
                0x00000468                . = ALIGN (0x4)

.interrupts     0x00000000      0x400
                0x00000000                __VECTOR_TABLE = .
                0x00000000                __interrupts_start__ = .
                0x00000000                . = ALIGN (0x4)
 *(.isr_vector)
 .isr_vector    0x00000000      0x400 ./Project_Settings/Startup_Code/startup_S32K144.o
                0x00000000                __isr_vector
                0x00000400                __interrupts_end__ = .
                0x00000400                . = ALIGN (0x4)

.flash_config   0x00000400       0x10
                0x00000400                . = ALIGN (0x4)
 *(.FlashConfig)
 .FlashConfig   0x00000400       0x10 ./Project_Settings/Startup_Code/startup_S32K144.o
                0x00000410                . = ALIGN (0x4)

.text           0x00000470     0x50d0
                0x00000470                . = ALIGN (0x4)
 *(.text)
 .text          0x00000470       0xa4 c:/nxp/s32ds_arm_v2.2/s32ds/build_tools/gcc_v6.3/gcc-6.3-arm32-eabi/bin/../lib/gcc/arm-none-eabi/6.3.1/thumb/v7e-m/crtbegin.o
 .text          0x00000514       0x74 C:/NXP/S32DS_ARM_v2.2/S32DS/build_tools/gcc_v6.3/gcc-6.3-arm32-eabi/arm-none-eabi/newlib/lib/thumb/v7e-m/crt0.o
                0x00000514                _start
                0x00000514                _mainCRTStartup
 .text          0x00000588       0x6c ./Project_Settings/Startup_Code/startup_S32K144.o
                0x00000588                Reset_Handler
                0x000005f0                DebugMon_Handler
                0x000005f0                Reserved88_IRQHandler
                0x000005f0                CAN0_ORed_IRQHandler
                0x000005f0                HardFault_Handler
                0x000005f0                Reserved86_IRQHandler
                0x000005f0                Reserved103_IRQHandler
                0x000005f0                FTM2_Ovf_Reload_IRQHandler
                0x000005f0                Reserved50_IRQHandler
                0x000005f0                FTFC_Fault_IRQHandler
                0x000005f0                FTM0_Ch6_Ch7_IRQHandler
                0x000005f0                Reserved114_IRQHandler
                0x000005f0                PendSV_Handler
                0x000005f0                NMI_Handler
                0x000005f0                Reserved89_IRQHandler
                0x000005f0                ERM_double_fault_IRQHandler
                0x000005f0                DMA2_IRQHandler
                0x000005f0                Reserved59_IRQHandler
                0x000005f0                Reserved99_IRQHandler
                0x000005f0                FTM3_Ch6_Ch7_IRQHandler
                0x000005f0                CAN2_ORed_0_15_MB_IRQHandler
                0x000005f0                LPIT0_Ch3_IRQHandler
                0x000005f0                Reserved92_IRQHandler
                0x000005f0                FTM0_Ch4_Ch5_IRQHandler
                0x000005f0                CAN1_Error_IRQHandler
                0x000005f0                FTM3_Ch0_Ch1_IRQHandler
                0x000005f0                SWI_IRQHandler
                0x000005f0                ADC0_IRQHandler
                0x000005f0                FTM2_Ch4_Ch5_IRQHandler
                0x000005f0                UsageFault_Handler
                0x000005f0                FTM0_Ovf_Reload_IRQHandler
                0x000005f0                DefaultISR
                0x000005f0                DMA9_IRQHandler
                0x000005f0                Reserved58_IRQHandler
                0x000005f0                CAN1_ORed_0_15_MB_IRQHandler
                0x000005f0                FTM1_Ch2_Ch3_IRQHandler
                0x000005f0                DMA14_IRQHandler
                0x000005f0                Reserved82_IRQHandler
                0x000005f0                CAN0_ORed_16_31_MB_IRQHandler
                0x000005f0                LPI2C0_Slave_IRQHandler
                0x000005f0                Reserved71_IRQHandler
                0x000005f0                PORTD_IRQHandler
                0x000005f0                Reserved69_IRQHandler
                0x000005f0                PORTB_IRQHandler
                0x000005f0                Reserved70_IRQHandler
                0x000005f0                ADC1_IRQHandler
                0x000005f0                FTM2_Ch2_Ch3_IRQHandler
                0x000005f0                Reserved53_IRQHandler
                0x000005f0                DMA5_IRQHandler
                0x000005f0                RTC_IRQHandler
                0x000005f0                PDB0_IRQHandler
                0x000005f0                Reserved54_IRQHandler
                0x000005f0                FTM2_Ch6_Ch7_IRQHandler
                0x000005f0                FTM3_Ch2_Ch3_IRQHandler
                0x000005f0                FTM2_Ch0_Ch1_IRQHandler
                0x000005f0                LPSPI1_IRQHandler
                0x000005f0                RTC_Seconds_IRQHandler
                0x000005f0                CAN2_ORed_IRQHandler
                0x000005f0                Reserved72_IRQHandler
                0x000005f0                Reserved110_IRQHandler
                0x000005f0                DMA11_IRQHandler
                0x000005f0                Reserved107_IRQHandler
                0x000005f0                Read_Collision_IRQHandler
                0x000005f0                CAN2_Error_IRQHandler
                0x000005f0                FTFC_IRQHandler
                0x000005f0                DMA7_IRQHandler
                0x000005f0                FTM1_Ch6_Ch7_IRQHandler
                0x000005f0                Reserved105_IRQHandler
                0x000005f0                FTM1_Ch4_Ch5_IRQHandler
                0x000005f0                FTM3_Ovf_Reload_IRQHandler
                0x000005f0                LPUART2_RxTx_IRQHandler
                0x000005f0                LPSPI0_IRQHandler
                0x000005f0                WDOG_EWM_IRQHandler
                0x000005f0                MemManage_Handler
                0x000005f0                Reserved90_IRQHandler
                0x000005f0                Reserved83_IRQHandler
                0x000005f0                FTM0_Fault_IRQHandler
                0x000005f0                Reserved48_IRQHandler
                0x000005f0                SVC_Handler
                0x000005f0                ERM_single_fault_IRQHandler
                0x000005f0                FTM2_Fault_IRQHandler
                0x000005f0                FTM0_Ch2_Ch3_IRQHandler
                0x000005f0                DMA13_IRQHandler
                0x000005f0                FTM0_Ch0_Ch1_IRQHandler
                0x000005f0                FTM3_Fault_IRQHandler
                0x000005f0                RCM_IRQHandler
                0x000005f0                DMA3_IRQHandler
                0x000005f0                Reserved100_IRQHandler
                0x000005f0                DMA0_IRQHandler
                0x000005f0                Reserved91_IRQHandler
                0x000005f0                CAN1_ORed_IRQHandler
                0x000005f0                DMA15_IRQHandler
                0x000005f0                SCG_IRQHandler
                0x000005f0                PDB1_IRQHandler
                0x000005f0                Reserved81_IRQHandler
                0x000005f0                Reserved46_IRQHandler
                0x000005f0                Reserved45_IRQHandler
                0x000005f0                CAN0_Error_IRQHandler
                0x000005f0                Reserved112_IRQHandler
                0x000005f0                LPI2C0_Master_IRQHandler
                0x000005f0                DMA4_IRQHandler
                0x000005f0                FTM1_Fault_IRQHandler
                0x000005f0                Reserved106_IRQHandler
                0x000005f0                DMA_Error_IRQHandler
                0x000005f0                LVD_LVW_IRQHandler
                0x000005f0                LPIT0_Ch2_IRQHandler
                0x000005f0                PORTA_IRQHandler
                0x000005f0                MCM_IRQHandler
                0x000005f0                LPSPI2_IRQHandler
                0x000005f0                DMA12_IRQHandler
                0x000005f0                FTM3_Ch4_Ch5_IRQHandler
                0x000005f0                CAN0_ORed_0_15_MB_IRQHandler
                0x000005f0                PORTE_IRQHandler
                0x000005f0                LPUART0_RxTx_IRQHandler
                0x000005f0                LPTMR0_IRQHandler
                0x000005f0                BusFault_Handler
                0x000005f0                Reserved87_IRQHandler
                0x000005f0                FTM1_Ovf_Reload_IRQHandler
                0x000005f0                DMA8_IRQHandler
                0x000005f0                Reserved93_IRQHandler
                0x000005f0                DMA10_IRQHandler
                0x000005f0                CAN0_Wake_Up_IRQHandler
                0x000005f0                CMP0_IRQHandler
                0x000005f0                Reserved52_IRQHandler
                0x000005f0                DMA6_IRQHandler
                0x000005f0                FTM1_Ch0_Ch1_IRQHandler
                0x000005f0                FLEXIO_IRQHandler
                0x000005f0                DMA1_IRQHandler
                0x000005f0                Reserved113_IRQHandler
 .text          0x000005f4       0x14 C:/NXP/S32DS_ARM_v2.2/S32DS/build_tools/gcc_v6.3/gcc-6.3-arm32-eabi/arm-none-eabi/newlib/lib/thumb/v7e-m\libc.a(lib_a-strcmp.o)
                0x000005f4                strcmp
 *fill*         0x00000608        0x8 
 .text          0x00000610       0xa0 C:/NXP/S32DS_ARM_v2.2/S32DS/build_tools/gcc_v6.3/gcc-6.3-arm32-eabi/arm-none-eabi/newlib/lib/thumb/v7e-m\libc.a(lib_a-memchr.o)
                0x00000610                memchr
 .text          0x000006b0       0x10 C:/NXP/S32DS_ARM_v2.2/S32DS/build_tools/gcc_v6.3/gcc-6.3-arm32-eabi/arm-none-eabi/newlib/lib/thumb/v7e-m\libc.a(lib_a-strlen.o)
                0x000006b0                strlen
 .text          0x000006c0      0x378 c:/nxp/s32ds_arm_v2.2/s32ds/build_tools/gcc_v6.3/gcc-6.3-arm32-eabi/bin/../lib/gcc/arm-none-eabi/6.3.1/thumb/v7e-m\libgcc.a(_arm_addsubdf3.o)
                0x000006c0                __aeabi_drsub
                0x000006c8                __aeabi_dsub
                0x000006c8                __subdf3
                0x000006cc                __aeabi_dadd
                0x000006cc                __adddf3
                0x00000944                __floatunsidf
                0x00000944                __aeabi_ui2d
                0x00000964                __floatsidf
                0x00000964                __aeabi_i2d
                0x00000988                __aeabi_f2d
                0x00000988                __extendsfdf2
                0x000009cc                __floatundidf
                0x000009cc                __aeabi_ul2d
                0x000009dc                __floatdidf
                0x000009dc                __aeabi_l2d
 .text          0x00000a38      0x424 c:/nxp/s32ds_arm_v2.2/s32ds/build_tools/gcc_v6.3/gcc-6.3-arm32-eabi/bin/../lib/gcc/arm-none-eabi/6.3.1/thumb/v7e-m\libgcc.a(_arm_muldivdf3.o)
                0x00000a38                __aeabi_dmul
                0x00000a38                __muldf3
                0x00000c8c                __divdf3
                0x00000c8c                __aeabi_ddiv
 .text          0x00000e5c      0x110 c:/nxp/s32ds_arm_v2.2/s32ds/build_tools/gcc_v6.3/gcc-6.3-arm32-eabi/bin/../lib/gcc/arm-none-eabi/6.3.1/thumb/v7e-m\libgcc.a(_arm_cmpdf2.o)
                0x00000e5c                __gtdf2
                0x00000e5c                __gedf2
                0x00000e64                __ltdf2
                0x00000e64                __ledf2
                0x00000e6c                __nedf2
                0x00000e6c                __eqdf2
                0x00000e6c                __cmpdf2
                0x00000ee8                __aeabi_cdrcmple
                0x00000ef8                __aeabi_cdcmpeq
                0x00000ef8                __aeabi_cdcmple
                0x00000f08                __aeabi_dcmpeq
                0x00000f1c                __aeabi_dcmplt
                0x00000f30                __aeabi_dcmple
                0x00000f44                __aeabi_dcmpge
                0x00000f58                __aeabi_dcmpgt
 .text          0x00000f6c       0x2c c:/nxp/s32ds_arm_v2.2/s32ds/build_tools/gcc_v6.3/gcc-6.3-arm32-eabi/bin/../lib/gcc/arm-none-eabi/6.3.1/thumb/v7e-m\libgcc.a(_arm_unorddf2.o)
                0x00000f6c                __unorddf2
                0x00000f6c                __aeabi_dcmpun
 .text          0x00000f98       0x50 c:/nxp/s32ds_arm_v2.2/s32ds/build_tools/gcc_v6.3/gcc-6.3-arm32-eabi/bin/../lib/gcc/arm-none-eabi/6.3.1/thumb/v7e-m\libgcc.a(_arm_fixdfsi.o)
                0x00000f98                __aeabi_d2iz
                0x00000f98                __fixdfsi
 .text          0x00000fe8       0x30 c:/nxp/s32ds_arm_v2.2/s32ds/build_tools/gcc_v6.3/gcc-6.3-arm32-eabi/bin/../lib/gcc/arm-none-eabi/6.3.1/thumb/v7e-m\libgcc.a(_aeabi_uldivmod.o)
                0x00000fe8                __aeabi_uldivmod
 .text          0x00001018      0x2e4 c:/nxp/s32ds_arm_v2.2/s32ds/build_tools/gcc_v6.3/gcc-6.3-arm32-eabi/bin/../lib/gcc/arm-none-eabi/6.3.1/thumb/v7e-m\libgcc.a(_udivmoddi4.o)
                0x00001018                __udivmoddi4
 .text          0x000012fc        0x4 c:/nxp/s32ds_arm_v2.2/s32ds/build_tools/gcc_v6.3/gcc-6.3-arm32-eabi/bin/../lib/gcc/arm-none-eabi/6.3.1/thumb/v7e-m\libgcc.a(_dvmd_tls.o)
                0x000012fc                __aeabi_idiv0
                0x000012fc                __aeabi_ldiv0
 *(.text*)
 .text.init_data_bss
                0x00001300      0x128 ./Project_Settings/Startup_Code/startup.o
                0x00001300                init_data_bss
 .text.SystemInit
                0x00001428       0x30 ./Project_Settings/Startup_Code/system_S32K144.o
                0x00001428                SystemInit
 .text.Config_LPIT_Chanel
                0x00001458       0xdc ./src/LPIT.o
                0x00001458                Config_LPIT_Chanel
 .text.Send_Message
                0x00001534       0x3a ./src/LPUART.o
                0x00001534                Send_Message
 *fill*         0x0000156e        0x2 
 .text.Config_LPUART_Chanel
                0x00001570       0xb0 ./src/LPUART.o
                0x00001570                Config_LPUART_Chanel
 .text.Enable_LPUART_Interrupts
                0x00001620       0xdc ./src/LPUART.o
                0x00001620                Enable_LPUART_Interrupts
 .text.Enable_TransmitData_Chanel
                0x000016fc       0x28 ./src/LPUART.o
                0x000016fc                Enable_TransmitData_Chanel
 .text.Disable_TransmitData_Chanel
                0x00001724       0x28 ./src/LPUART.o
                0x00001724                Disable_TransmitData_Chanel
 .text.Enable_ReceiveData_Chanel
                0x0000174c       0x28 ./src/LPUART.o
                0x0000174c                Enable_ReceiveData_Chanel
 .text.TransmitData
                0x00001774       0x4c ./src/LPUART.o
                0x00001774                TransmitData
 .text.ReceiveData
                0x000017c0       0x28 ./src/LPUART.o
                0x000017c0                ReceiveData
 .text.Enable_LPUART_Pin
                0x000017e8      0x3bc ./src/LPUART.o
                0x000017e8                Enable_LPUART_Pin
 .text.NVIC_Config_Interrup_Modul
                0x00001ba4       0x78 ./src/NVIC.o
                0x00001ba4                NVIC_Config_Interrup_Modul
 .text.PCC_LPIT_ClockSource
                0x00001c1c       0x34 ./src/PCC.o
                0x00001c1c                PCC_LPIT_ClockSource
 .text.PCC_LPUART_ClockSource
                0x00001c50       0xa0 ./src/PCC.o
                0x00001c50                PCC_LPUART_ClockSource
 .text.SCG_Asyn_Peripheral_Sources
                0x00001cf0       0x90 ./src/SCG.o
                0x00001cf0                SCG_Asyn_Peripheral_Sources
 .text.Config_SOSC_CLK
                0x00001d80       0x64 ./src/SCG.o
                0x00001d80                Config_SOSC_CLK
 .text.Config_SPLL_CLK
                0x00001de4       0xa8 ./src/SCG.o
                0x00001de4                Config_SPLL_CLK
 .text.Config_RCCR
                0x00001e8c       0xbc ./src/SCG.o
                0x00001e8c                Config_RCCR
 .text.initializeGPIOandSystick
                0x00001f48      0x104 ./src/funtion.o
                0x00001f48                initializeGPIOandSystick
 .text.SysTick_Handler
                0x0000204c       0x1c ./src/funtion.o
                0x0000204c                SysTick_Handler
 .text.main     0x00002068       0xec ./src/main.o
                0x00002068                main
 .text.LPIT0_Ch0_IRQHandler
                0x00002154       0x44 ./src/main.o
                0x00002154                LPIT0_Ch0_IRQHandler
 .text.LPIT0_Ch1_IRQHandler
                0x00002198       0x24 ./src/main.o
                0x00002198                LPIT0_Ch1_IRQHandler
 .text.PORTC_IRQHandler
                0x000021bc       0xc4 ./src/main.o
                0x000021bc                PORTC_IRQHandler
 .text.LPUART1_RxTx_IRQHandler
                0x00002280       0xa8 ./src/main.o
                0x00002280                LPUART1_RxTx_IRQHandler
 .text.exit     0x00002328       0x20 C:/NXP/S32DS_ARM_v2.2/S32DS/build_tools/gcc_v6.3/gcc-6.3-arm32-eabi/arm-none-eabi/newlib/lib/thumb/v7e-m\libc.a(lib_a-exit.o)
                0x00002328                exit
 .text.__libc_init_array
                0x00002348       0x48 C:/NXP/S32DS_ARM_v2.2/S32DS/build_tools/gcc_v6.3/gcc-6.3-arm32-eabi/arm-none-eabi/newlib/lib/thumb/v7e-m\libc.a(lib_a-init.o)
                0x00002348                __libc_init_array
 .text.memset   0x00002390       0x10 C:/NXP/S32DS_ARM_v2.2/S32DS/build_tools/gcc_v6.3/gcc-6.3-arm32-eabi/arm-none-eabi/newlib/lib/thumb/v7e-m\libc.a(lib_a-memset.o)
                0x00002390                memset
 .text.sprintf  0x000023a0       0x48 C:/NXP/S32DS_ARM_v2.2/S32DS/build_tools/gcc_v6.3/gcc-6.3-arm32-eabi/arm-none-eabi/newlib/lib/thumb/v7e-m\libc.a(lib_a-sprintf.o)
                0x000023a0                sprintf
 .text._svfprintf_r
                0x000023e8      0xfa0 C:/NXP/S32DS_ARM_v2.2/S32DS/build_tools/gcc_v6.3/gcc-6.3-arm32-eabi/arm-none-eabi/newlib/lib/thumb/v7e-m\libc.a(lib_a-svfprintf.o)
                0x000023e8                _svfprintf_r
 .text.startup.register_fini
                0x00003388       0x14 C:/NXP/S32DS_ARM_v2.2/S32DS/build_tools/gcc_v6.3/gcc-6.3-arm32-eabi/arm-none-eabi/newlib/lib/thumb/v7e-m\libc.a(lib_a-__call_atexit.o)
 .text.__call_exitprocs
                0x0000339c       0xc8 C:/NXP/S32DS_ARM_v2.2/S32DS/build_tools/gcc_v6.3/gcc-6.3-arm32-eabi/arm-none-eabi/newlib/lib/thumb/v7e-m\libc.a(lib_a-__call_atexit.o)
                0x0000339c                __call_exitprocs
 .text.quorem   0x00003464      0x118 C:/NXP/S32DS_ARM_v2.2/S32DS/build_tools/gcc_v6.3/gcc-6.3-arm32-eabi/arm-none-eabi/newlib/lib/thumb/v7e-m\libc.a(lib_a-dtoa.o)
 *fill*         0x0000357c        0x4 
 .text._dtoa_r  0x00003580      0xb74 C:/NXP/S32DS_ARM_v2.2/S32DS/build_tools/gcc_v6.3/gcc-6.3-arm32-eabi/arm-none-eabi/newlib/lib/thumb/v7e-m\libc.a(lib_a-dtoa.o)
                0x00003580                _dtoa_r
 .text.__libc_fini_array
                0x000040f4       0x28 C:/NXP/S32DS_ARM_v2.2/S32DS/build_tools/gcc_v6.3/gcc-6.3-arm32-eabi/arm-none-eabi/newlib/lib/thumb/v7e-m\libc.a(lib_a-fini.o)
                0x000040f4                __libc_fini_array
 .text._localeconv_r
                0x0000411c       0x1c C:/NXP/S32DS_ARM_v2.2/S32DS/build_tools/gcc_v6.3/gcc-6.3-arm32-eabi/arm-none-eabi/newlib/lib/thumb/v7e-m\libc.a(lib_a-localeconv.o)
                0x0000411c                _localeconv_r
 .text._malloc_r
                0x00004138      0x444 C:/NXP/S32DS_ARM_v2.2/S32DS/build_tools/gcc_v6.3/gcc-6.3-arm32-eabi/arm-none-eabi/newlib/lib/thumb/v7e-m\libc.a(lib_a-mallocr.o)
                0x00004138                _malloc_r
 .text.__ascii_mbtowc
                0x0000457c       0x24 C:/NXP/S32DS_ARM_v2.2/S32DS/build_tools/gcc_v6.3/gcc-6.3-arm32-eabi/arm-none-eabi/newlib/lib/thumb/v7e-m\libc.a(lib_a-mbtowc_r.o)
                0x0000457c                __ascii_mbtowc
 .text.memcpy   0x000045a0       0x16 C:/NXP/S32DS_ARM_v2.2/S32DS/build_tools/gcc_v6.3/gcc-6.3-arm32-eabi/arm-none-eabi/newlib/lib/thumb/v7e-m\libc.a(lib_a-memcpy-stub.o)
                0x000045a0                memcpy
 .text.__malloc_lock
                0x000045b6        0x2 C:/NXP/S32DS_ARM_v2.2/S32DS/build_tools/gcc_v6.3/gcc-6.3-arm32-eabi/arm-none-eabi/newlib/lib/thumb/v7e-m\libc.a(lib_a-mlock.o)
                0x000045b6                __malloc_lock
 .text.__malloc_unlock
                0x000045b8        0x2 C:/NXP/S32DS_ARM_v2.2/S32DS/build_tools/gcc_v6.3/gcc-6.3-arm32-eabi/arm-none-eabi/newlib/lib/thumb/v7e-m\libc.a(lib_a-mlock.o)
                0x000045b8                __malloc_unlock
 .text._Balloc  0x000045ba       0x4a C:/NXP/S32DS_ARM_v2.2/S32DS/build_tools/gcc_v6.3/gcc-6.3-arm32-eabi/arm-none-eabi/newlib/lib/thumb/v7e-m\libc.a(lib_a-mprec.o)
                0x000045ba                _Balloc
 .text._Bfree   0x00004604       0x12 C:/NXP/S32DS_ARM_v2.2/S32DS/build_tools/gcc_v6.3/gcc-6.3-arm32-eabi/arm-none-eabi/newlib/lib/thumb/v7e-m\libc.a(lib_a-mprec.o)
                0x00004604                _Bfree
 .text.__multadd
                0x00004616       0x76 C:/NXP/S32DS_ARM_v2.2/S32DS/build_tools/gcc_v6.3/gcc-6.3-arm32-eabi/arm-none-eabi/newlib/lib/thumb/v7e-m\libc.a(lib_a-mprec.o)
                0x00004616                __multadd
 .text.__hi0bits
                0x0000468c       0x3e C:/NXP/S32DS_ARM_v2.2/S32DS/build_tools/gcc_v6.3/gcc-6.3-arm32-eabi/arm-none-eabi/newlib/lib/thumb/v7e-m\libc.a(lib_a-mprec.o)
                0x0000468c                __hi0bits
 .text.__lo0bits
                0x000046ca       0x5e C:/NXP/S32DS_ARM_v2.2/S32DS/build_tools/gcc_v6.3/gcc-6.3-arm32-eabi/arm-none-eabi/newlib/lib/thumb/v7e-m\libc.a(lib_a-mprec.o)
                0x000046ca                __lo0bits
 .text.__i2b    0x00004728       0x12 C:/NXP/S32DS_ARM_v2.2/S32DS/build_tools/gcc_v6.3/gcc-6.3-arm32-eabi/arm-none-eabi/newlib/lib/thumb/v7e-m\libc.a(lib_a-mprec.o)
                0x00004728                __i2b
 .text.__multiply
                0x0000473a      0x11a C:/NXP/S32DS_ARM_v2.2/S32DS/build_tools/gcc_v6.3/gcc-6.3-arm32-eabi/arm-none-eabi/newlib/lib/thumb/v7e-m\libc.a(lib_a-mprec.o)
                0x0000473a                __multiply
 .text.__pow5mult
                0x00004854       0x80 C:/NXP/S32DS_ARM_v2.2/S32DS/build_tools/gcc_v6.3/gcc-6.3-arm32-eabi/arm-none-eabi/newlib/lib/thumb/v7e-m\libc.a(lib_a-mprec.o)
                0x00004854                __pow5mult
 .text.__lshift
                0x000048d4       0xa2 C:/NXP/S32DS_ARM_v2.2/S32DS/build_tools/gcc_v6.3/gcc-6.3-arm32-eabi/arm-none-eabi/newlib/lib/thumb/v7e-m\libc.a(lib_a-mprec.o)
                0x000048d4                __lshift
 .text.__mcmp   0x00004976       0x34 C:/NXP/S32DS_ARM_v2.2/S32DS/build_tools/gcc_v6.3/gcc-6.3-arm32-eabi/arm-none-eabi/newlib/lib/thumb/v7e-m\libc.a(lib_a-mprec.o)
                0x00004976                __mcmp
 .text.__mdiff  0x000049aa       0xbc C:/NXP/S32DS_ARM_v2.2/S32DS/build_tools/gcc_v6.3/gcc-6.3-arm32-eabi/arm-none-eabi/newlib/lib/thumb/v7e-m\libc.a(lib_a-mprec.o)
                0x000049aa                __mdiff
 .text.__d2b    0x00004a66       0x9e C:/NXP/S32DS_ARM_v2.2/S32DS/build_tools/gcc_v6.3/gcc-6.3-arm32-eabi/arm-none-eabi/newlib/lib/thumb/v7e-m\libc.a(lib_a-mprec.o)
                0x00004a66                __d2b
 .text._sbrk_r  0x00004b04       0x20 C:/NXP/S32DS_ARM_v2.2/S32DS/build_tools/gcc_v6.3/gcc-6.3-arm32-eabi/arm-none-eabi/newlib/lib/thumb/v7e-m\libc.a(lib_a-sbrkr.o)
                0x00004b04                _sbrk_r
 .text.__ssprint_r
                0x00004b24       0xf4 C:/NXP/S32DS_ARM_v2.2/S32DS/build_tools/gcc_v6.3/gcc-6.3-arm32-eabi/arm-none-eabi/newlib/lib/thumb/v7e-m\libc.a(lib_a-svfiprintf.o)
                0x00004b24                __ssprint_r
 .text.__ascii_wctomb
                0x00004c18       0x1a C:/NXP/S32DS_ARM_v2.2/S32DS/build_tools/gcc_v6.3/gcc-6.3-arm32-eabi/arm-none-eabi/newlib/lib/thumb/v7e-m\libc.a(lib_a-wctomb_r.o)
                0x00004c18                __ascii_wctomb
 .text.atexit   0x00004c32        0xc C:/NXP/S32DS_ARM_v2.2/S32DS/build_tools/gcc_v6.3/gcc-6.3-arm32-eabi/arm-none-eabi/newlib/lib/thumb/v7e-m\libc.a(lib_a-atexit.o)
                0x00004c32                atexit
 .text._calloc_r
                0x00004c3e       0x5a C:/NXP/S32DS_ARM_v2.2/S32DS/build_tools/gcc_v6.3/gcc-6.3-arm32-eabi/arm-none-eabi/newlib/lib/thumb/v7e-m\libc.a(lib_a-callocr.o)
                0x00004c3e                _calloc_r
 .text._malloc_trim_r
                0x00004c98       0xa0 C:/NXP/S32DS_ARM_v2.2/S32DS/build_tools/gcc_v6.3/gcc-6.3-arm32-eabi/arm-none-eabi/newlib/lib/thumb/v7e-m\libc.a(lib_a-freer.o)
                0x00004c98                _malloc_trim_r
 .text._free_r  0x00004d38      0x178 C:/NXP/S32DS_ARM_v2.2/S32DS/build_tools/gcc_v6.3/gcc-6.3-arm32-eabi/arm-none-eabi/newlib/lib/thumb/v7e-m\libc.a(lib_a-freer.o)
                0x00004d38                _free_r
 .text.memmove  0x00004eb0       0x34 C:/NXP/S32DS_ARM_v2.2/S32DS/build_tools/gcc_v6.3/gcc-6.3-arm32-eabi/arm-none-eabi/newlib/lib/thumb/v7e-m\libc.a(lib_a-memmove.o)
                0x00004eb0                memmove
 .text._realloc_r
                0x00004ee4      0x300 C:/NXP/S32DS_ARM_v2.2/S32DS/build_tools/gcc_v6.3/gcc-6.3-arm32-eabi/arm-none-eabi/newlib/lib/thumb/v7e-m\libc.a(lib_a-reallocr.o)
                0x00004ee4                _realloc_r
 .text.__register_exitproc
                0x000051e4       0x98 C:/NXP/S32DS_ARM_v2.2/S32DS/build_tools/gcc_v6.3/gcc-6.3-arm32-eabi/arm-none-eabi/newlib/lib/thumb/v7e-m\libc.a(lib_a-__atexit.o)
                0x000051e4                __register_exitproc
 .text._sbrk    0x0000527c       0x1c C:/NXP/S32DS_ARM_v2.2/S32DS/build_tools/gcc_v6.3/gcc-6.3-arm32-eabi/arm-none-eabi/newlib/lib/thumb/v7e-m\libnosys.a(sbrk.o)
                0x0000527c                _sbrk
 .text._exit    0x00005298        0x2 C:/NXP/S32DS_ARM_v2.2/S32DS/build_tools/gcc_v6.3/gcc-6.3-arm32-eabi/arm-none-eabi/newlib/lib/thumb/v7e-m\libnosys.a(_exit.o)
                0x00005298                _exit
 *(.rodata)
 *fill*         0x0000529a        0x2 
 .rodata        0x0000529c       0x1c ./src/main.o
 *(.rodata*)
 .rodata._global_impure_ptr
                0x000052b8        0x4 C:/NXP/S32DS_ARM_v2.2/S32DS/build_tools/gcc_v6.3/gcc-6.3-arm32-eabi/arm-none-eabi/newlib/lib/thumb/v7e-m\libc.a(lib_a-impure.o)
                0x000052b8                _global_impure_ptr
 .rodata._svfprintf_r.str1.1
                0x000052bc       0x34 C:/NXP/S32DS_ARM_v2.2/S32DS/build_tools/gcc_v6.3/gcc-6.3-arm32-eabi/arm-none-eabi/newlib/lib/thumb/v7e-m\libc.a(lib_a-svfprintf.o)
 .rodata.blanks.7175
                0x000052f0       0x10 C:/NXP/S32DS_ARM_v2.2/S32DS/build_tools/gcc_v6.3/gcc-6.3-arm32-eabi/arm-none-eabi/newlib/lib/thumb/v7e-m\libc.a(lib_a-svfprintf.o)
 .rodata.zeroes.7176
                0x00005300       0x10 C:/NXP/S32DS_ARM_v2.2/S32DS/build_tools/gcc_v6.3/gcc-6.3-arm32-eabi/arm-none-eabi/newlib/lib/thumb/v7e-m\libc.a(lib_a-svfprintf.o)
 .rodata._dtoa_r.str1.1
                0x00005310        0xd C:/NXP/S32DS_ARM_v2.2/S32DS/build_tools/gcc_v6.3/gcc-6.3-arm32-eabi/arm-none-eabi/newlib/lib/thumb/v7e-m\libc.a(lib_a-dtoa.o)
                                  0xf (size before relaxing)
 .rodata._setlocale_r.str1.1
                0x0000531d        0x8 C:/NXP/S32DS_ARM_v2.2/S32DS/build_tools/gcc_v6.3/gcc-6.3-arm32-eabi/arm-none-eabi/newlib/lib/thumb/v7e-m\libc.a(lib_a-locale.o)
                                  0x9 (size before relaxing)
 .rodata.str1.1
                0x00005325        0x2 C:/NXP/S32DS_ARM_v2.2/S32DS/build_tools/gcc_v6.3/gcc-6.3-arm32-eabi/arm-none-eabi/newlib/lib/thumb/v7e-m\libc.a(lib_a-locale.o)
 *fill*         0x00005327        0x1 
 .rodata.__mprec_bigtens
                0x00005328       0x28 C:/NXP/S32DS_ARM_v2.2/S32DS/build_tools/gcc_v6.3/gcc-6.3-arm32-eabi/arm-none-eabi/newlib/lib/thumb/v7e-m\libc.a(lib_a-mprec.o)
                0x00005328                __mprec_bigtens
 .rodata.__mprec_tens
                0x00005350       0xc8 C:/NXP/S32DS_ARM_v2.2/S32DS/build_tools/gcc_v6.3/gcc-6.3-arm32-eabi/arm-none-eabi/newlib/lib/thumb/v7e-m\libc.a(lib_a-mprec.o)
                0x00005350                __mprec_tens
 .rodata.p05.6016
                0x00005418        0xc C:/NXP/S32DS_ARM_v2.2/S32DS/build_tools/gcc_v6.3/gcc-6.3-arm32-eabi/arm-none-eabi/newlib/lib/thumb/v7e-m\libc.a(lib_a-mprec.o)
 .rodata._ctype_
                0x00005424      0x101 C:/NXP/S32DS_ARM_v2.2/S32DS/build_tools/gcc_v6.3/gcc-6.3-arm32-eabi/arm-none-eabi/newlib/lib/thumb/v7e-m\libc.a(lib_a-ctype_.o)
                0x00005424                _ctype_
 *(.glue_7)
 .glue_7        0x00005525        0x0 linker stubs
 *(.glue_7t)
 .glue_7t       0x00005525        0x0 linker stubs
 *(.eh_frame)
 *fill*         0x00005525        0x3 
 .eh_frame      0x00005528        0x0 c:/nxp/s32ds_arm_v2.2/s32ds/build_tools/gcc_v6.3/gcc-6.3-arm32-eabi/bin/../lib/gcc/arm-none-eabi/6.3.1/thumb/v7e-m/crtbegin.o
 *(.init)
 .init          0x00005528        0x4 c:/nxp/s32ds_arm_v2.2/s32ds/build_tools/gcc_v6.3/gcc-6.3-arm32-eabi/bin/../lib/gcc/arm-none-eabi/6.3.1/thumb/v7e-m/crti.o
                0x00005528                _init
 .init          0x0000552c        0x8 c:/nxp/s32ds_arm_v2.2/s32ds/build_tools/gcc_v6.3/gcc-6.3-arm32-eabi/bin/../lib/gcc/arm-none-eabi/6.3.1/thumb/v7e-m/crtn.o
 *(.fini)
 .fini          0x00005534        0x4 c:/nxp/s32ds_arm_v2.2/s32ds/build_tools/gcc_v6.3/gcc-6.3-arm32-eabi/bin/../lib/gcc/arm-none-eabi/6.3.1/thumb/v7e-m/crti.o
                0x00005534                _fini
 .fini          0x00005538        0x8 c:/nxp/s32ds_arm_v2.2/s32ds/build_tools/gcc_v6.3/gcc-6.3-arm32-eabi/bin/../lib/gcc/arm-none-eabi/6.3.1/thumb/v7e-m/crtn.o
                0x00005540                . = ALIGN (0x4)

.vfp11_veneer   0x00005540        0x0
 .vfp11_veneer  0x00005540        0x0 linker stubs

.v4_bx          0x00005540        0x0
 .v4_bx         0x00005540        0x0 linker stubs

.iplt           0x00005540        0x0
 .iplt          0x00005540        0x0 c:/nxp/s32ds_arm_v2.2/s32ds/build_tools/gcc_v6.3/gcc-6.3-arm32-eabi/bin/../lib/gcc/arm-none-eabi/6.3.1/thumb/v7e-m/crtbegin.o

.ARM.extab
 *(.ARM.extab* .gnu.linkonce.armextab.*)

.ARM            0x00005540        0x8
                0x00005540                __exidx_start = .
 *(.ARM.exidx*)
 .ARM.exidx     0x00005540        0x8 C:/NXP/S32DS_ARM_v2.2/S32DS/build_tools/gcc_v6.3/gcc-6.3-arm32-eabi/arm-none-eabi/newlib/lib/thumb/v7e-m/crt0.o
 .ARM.exidx     0x00005548        0x0 c:/nxp/s32ds_arm_v2.2/s32ds/build_tools/gcc_v6.3/gcc-6.3-arm32-eabi/bin/../lib/gcc/arm-none-eabi/6.3.1/thumb/v7e-m\libgcc.a(_udivmoddi4.o)
                                  0x8 (size before relaxing)
                0x00005548                __exidx_end = .

.rel.dyn        0x00005548        0x0
 .rel.iplt      0x00005548        0x0 c:/nxp/s32ds_arm_v2.2/s32ds/build_tools/gcc_v6.3/gcc-6.3-arm32-eabi/bin/../lib/gcc/arm-none-eabi/6.3.1/thumb/v7e-m/crtbegin.o

.ctors          0x00005548        0x0
                0x00005548                __CTOR_LIST__ = .
 *crtbegin.o(.ctors)
 *crtbegin?.o(.ctors)
 *(EXCLUDE_FILE(*crtend.o *crtend?.o) .ctors)
 *(SORT(.ctors.*))
 *(.ctors)
                0x00005548                __CTOR_END__ = .

.dtors          0x00005548        0x0
                0x00005548                __DTOR_LIST__ = .
 *crtbegin.o(.dtors)
 *crtbegin?.o(.dtors)
 *(EXCLUDE_FILE(*crtend.o *crtend?.o) .dtors)
 *(SORT(.dtors.*))
 *(.dtors)
                0x00005548                __DTOR_END__ = .

.preinit_array  0x00005548        0x0
                0x00005548                PROVIDE (__preinit_array_start, .)
 *(.preinit_array*)
                0x00005548                PROVIDE (__preinit_array_end, .)

.init_array     0x00005548        0x8
                0x00005548                PROVIDE (__init_array_start, .)
 *(SORT(.init_array.*))
 .init_array.00000
                0x00005548        0x4 C:/NXP/S32DS_ARM_v2.2/S32DS/build_tools/gcc_v6.3/gcc-6.3-arm32-eabi/arm-none-eabi/newlib/lib/thumb/v7e-m\libc.a(lib_a-__call_atexit.o)
 *(.init_array*)
 .init_array    0x0000554c        0x4 c:/nxp/s32ds_arm_v2.2/s32ds/build_tools/gcc_v6.3/gcc-6.3-arm32-eabi/bin/../lib/gcc/arm-none-eabi/6.3.1/thumb/v7e-m/crtbegin.o
                0x00005550                PROVIDE (__init_array_end, .)

.fini_array     0x00005550        0x4
                0x00005550                PROVIDE (__fini_array_start, .)
 *(SORT(.fini_array.*))
 *(.fini_array*)
 .fini_array    0x00005550        0x4 c:/nxp/s32ds_arm_v2.2/s32ds/build_tools/gcc_v6.3/gcc-6.3-arm32-eabi/bin/../lib/gcc/arm-none-eabi/6.3.1/thumb/v7e-m/crtbegin.o
                0x00005554                PROVIDE (__fini_array_end, .)
                0x00005554                __etext = .
                0x00005554                __DATA_ROM = .

.interrupts_ram
                0x1fff8000      0x400
                0x1fff8000                . = ALIGN (0x4)
                0x1fff8000                __VECTOR_RAM__ = .
                0x1fff8000                __RAM_START = .
                0x1fff8000                __interrupts_ram_start__ = .
 *(.m_interrupts_ram)
                0x1fff8400                . = (. + M_VECTOR_RAM_SIZE)
 *fill*         0x1fff8000      0x400 
                0x1fff8400                . = ALIGN (0x4)
                0x1fff8400                __interrupts_ram_end__ = .
                0x1fff8000                __VECTOR_RAM = DEFINED (__flash_vector_table__)?ORIGIN (m_interrupts):__VECTOR_RAM__
                0x00000400                __RAM_VECTOR_TABLE_SIZE = DEFINED (__flash_vector_table__)?0x0:(__interrupts_ram_end__ - __interrupts_ram_start__)

.data           0x1fff8400      0x9c8 load address 0x00005554
                0x1fff8400                . = ALIGN (0x4)
                0x1fff8400                __DATA_RAM = .
                0x1fff8400                __data_start__ = .
 *(.new_data)
 .new_data      0x1fff8400        0x2 ./src/main.o
                0x1fff8400                counter
                0x1fff8401                sendCommand
 *(.new_data*)
 *(.data)
 *(.data*)
 *fill*         0x1fff8402        0x2 
 .data.CHANEL   0x1fff8404        0xc ./src/LPUART.o
 .data.switch_led
                0x1fff8410        0x1 ./src/main.o
 *fill*         0x1fff8411        0x3 
 .data.messageHello
                0x1fff8414       0x10 ./src/main.o
 .data.timeValue
                0x1fff8424        0x4 ./src/main.o
 .data._impure_ptr
                0x1fff8428        0x4 C:/NXP/S32DS_ARM_v2.2/S32DS/build_tools/gcc_v6.3/gcc-6.3-arm32-eabi/arm-none-eabi/newlib/lib/thumb/v7e-m\libc.a(lib_a-impure.o)
                0x1fff8428                _impure_ptr
 *fill*         0x1fff842c        0x4 
 .data.impure_data
                0x1fff8430      0x418 C:/NXP/S32DS_ARM_v2.2/S32DS/build_tools/gcc_v6.3/gcc-6.3-arm32-eabi/arm-none-eabi/newlib/lib/thumb/v7e-m\libc.a(lib_a-impure.o)
 .data.__global_locale
                0x1fff8848      0x16c C:/NXP/S32DS_ARM_v2.2/S32DS/build_tools/gcc_v6.3/gcc-6.3-arm32-eabi/arm-none-eabi/newlib/lib/thumb/v7e-m\libc.a(lib_a-locale.o)
                0x1fff8848                __global_locale
 .data.__malloc_av_
                0x1fff89b4      0x408 C:/NXP/S32DS_ARM_v2.2/S32DS/build_tools/gcc_v6.3/gcc-6.3-arm32-eabi/arm-none-eabi/newlib/lib/thumb/v7e-m\libc.a(lib_a-mallocr.o)
                0x1fff89b4                __malloc_av_
 .data.__malloc_sbrk_base
                0x1fff8dbc        0x4 C:/NXP/S32DS_ARM_v2.2/S32DS/build_tools/gcc_v6.3/gcc-6.3-arm32-eabi/arm-none-eabi/newlib/lib/thumb/v7e-m\libc.a(lib_a-mallocr.o)
                0x1fff8dbc                __malloc_sbrk_base
 .data.__malloc_trim_threshold
                0x1fff8dc0        0x4 C:/NXP/S32DS_ARM_v2.2/S32DS/build_tools/gcc_v6.3/gcc-6.3-arm32-eabi/arm-none-eabi/newlib/lib/thumb/v7e-m\libc.a(lib_a-mallocr.o)
                0x1fff8dc0                __malloc_trim_threshold
 *(.jcr*)
 .jcr           0x1fff8dc4        0x0 c:/nxp/s32ds_arm_v2.2/s32ds/build_tools/gcc_v6.3/gcc-6.3-arm32-eabi/bin/../lib/gcc/arm-none-eabi/6.3.1/thumb/v7e-m/crtbegin.o
 .jcr           0x1fff8dc4        0x4 c:/nxp/s32ds_arm_v2.2/s32ds/build_tools/gcc_v6.3/gcc-6.3-arm32-eabi/bin/../lib/gcc/arm-none-eabi/6.3.1/thumb/v7e-m/crtend.o
                0x1fff8dc8                . = ALIGN (0x4)
                0x1fff8dc8                __data_end__ = .
                0x00005f1c                __DATA_END = (__DATA_ROM + (__data_end__ - __data_start__))
                0x00005f1c                __CODE_ROM = __DATA_END

.tm_clone_table
                0x1fff8dc8        0x0 load address 0x00005f1c
 .tm_clone_table
                0x1fff8dc8        0x0 c:/nxp/s32ds_arm_v2.2/s32ds/build_tools/gcc_v6.3/gcc-6.3-arm32-eabi/bin/../lib/gcc/arm-none-eabi/6.3.1/thumb/v7e-m/crtbegin.o
 .tm_clone_table
                0x1fff8dc8        0x0 c:/nxp/s32ds_arm_v2.2/s32ds/build_tools/gcc_v6.3/gcc-6.3-arm32-eabi/bin/../lib/gcc/arm-none-eabi/6.3.1/thumb/v7e-m/crtend.o

.igot.plt       0x1fff8dc8        0x0 load address 0x00005f1c
 .igot.plt      0x1fff8dc8        0x0 c:/nxp/s32ds_arm_v2.2/s32ds/build_tools/gcc_v6.3/gcc-6.3-arm32-eabi/bin/../lib/gcc/arm-none-eabi/6.3.1/thumb/v7e-m/crtbegin.o

.code           0x1fff8dc8        0x0 load address 0x00005f1c
                0x1fff8dc8                . = ALIGN (0x4)
                0x1fff8dc8                __CODE_RAM = .
                0x1fff8dc8                __code_start__ = .
                0x1fff8dc8                __code_ram_start__ = .
 *(.code_ram)
                0x1fff8dc8                . = ALIGN (0x4)
                0x1fff8dc8                __code_end__ = .
                0x1fff8dc8                __code_ram_end__ = .
                0x00005f1c                __CODE_END = (__CODE_ROM + (__code_end__ - __code_start__))
                0x00005f1c                __CUSTOM_ROM = __CODE_END

.customSectionBlock
                0x20000000        0x0 load address 0x00005f1c
                0x20000000                __customSection_start__ = .
 *(.customSection)
                0x20000000                __customSection_end__ = .
                0x00005f1c                __CUSTOM_END = (__CUSTOM_ROM + (__customSection_end__ - __customSection_start__))

.bss            0x20000000       0x88
                0x20000000                . = ALIGN (0x4)
                0x20000000                __BSS_START = .
                0x20000000                __bss_start__ = .
 *(.bss)
 .bss           0x20000000       0x1c c:/nxp/s32ds_arm_v2.2/s32ds/build_tools/gcc_v6.3/gcc-6.3-arm32-eabi/bin/../lib/gcc/arm-none-eabi/6.3.1/thumb/v7e-m/crtbegin.o
 *(.bss*)
 .bss.msCounter
                0x2000001c        0x4 ./src/funtion.o
 .bss.buffer    0x20000020        0xa ./src/main.o
 .bss.buffer_index
                0x2000002a        0x1 ./src/main.o
 *fill*         0x2000002b        0x1 
 .bss.messageUpdateCounter
                0x2000002c       0x1e ./src/main.o
 *fill*         0x2000004a        0x2 
 .bss.__malloc_current_mallinfo
                0x2000004c       0x28 C:/NXP/S32DS_ARM_v2.2/S32DS/build_tools/gcc_v6.3/gcc-6.3-arm32-eabi/arm-none-eabi/newlib/lib/thumb/v7e-m\libc.a(lib_a-mallocr.o)
                0x2000004c                __malloc_current_mallinfo
 .bss.__malloc_max_sbrked_mem
                0x20000074        0x4 C:/NXP/S32DS_ARM_v2.2/S32DS/build_tools/gcc_v6.3/gcc-6.3-arm32-eabi/arm-none-eabi/newlib/lib/thumb/v7e-m\libc.a(lib_a-mallocr.o)
                0x20000074                __malloc_max_sbrked_mem
 .bss.__malloc_max_total_mem
                0x20000078        0x4 C:/NXP/S32DS_ARM_v2.2/S32DS/build_tools/gcc_v6.3/gcc-6.3-arm32-eabi/arm-none-eabi/newlib/lib/thumb/v7e-m\libc.a(lib_a-mallocr.o)
                0x20000078                __malloc_max_total_mem
 .bss.__malloc_top_pad
                0x2000007c        0x4 C:/NXP/S32DS_ARM_v2.2/S32DS/build_tools/gcc_v6.3/gcc-6.3-arm32-eabi/arm-none-eabi/newlib/lib/thumb/v7e-m\libc.a(lib_a-mallocr.o)
                0x2000007c                __malloc_top_pad
 .bss.heap_end.4090
                0x20000080        0x4 C:/NXP/S32DS_ARM_v2.2/S32DS/build_tools/gcc_v6.3/gcc-6.3-arm32-eabi/arm-none-eabi/newlib/lib/thumb/v7e-m\libnosys.a(sbrk.o)
 *(COMMON)
 COMMON         0x20000084        0x4 C:/NXP/S32DS_ARM_v2.2/S32DS/build_tools/gcc_v6.3/gcc-6.3-arm32-eabi/arm-none-eabi/newlib/lib/thumb/v7e-m\libc.a(lib_a-reent.o)
                0x20000084                errno
                0x20000088                . = ALIGN (0x4)
                0x20000088                __bss_end__ = .
                0x20000088                __BSS_END = .

.heap           0x20000088      0x400
                0x20000088                . = ALIGN (0x8)
                0x20000088                __end__ = .
                0x20000088                __heap_start__ = .
                0x20000088                PROVIDE (end, .)
                [!provide]                PROVIDE (_end, .)
                [!provide]                PROVIDE (__end, .)
                0x20000088                __HeapBase = .
                0x20000488                . = (. + HEAP_SIZE)
 *fill*         0x20000088      0x400 
                0x20000488                __HeapLimit = .
                0x20000488                __heap_limit = .
                0x20000488                __heap_end__ = .
                0x20007000                __StackTop = (ORIGIN (m_data_2) + LENGTH (m_data_2))
                0x20006c00                __StackLimit = (__StackTop - STACK_SIZE)
                0x20007000                PROVIDE (__stack, __StackTop)
                0x20007000                __RAM_END = __StackTop

.stack          0x20006c00      0x400
                0x20006c00                . = ALIGN (0x8)
                0x20006c00                __stack_start__ = .
                0x20007000                . = (. + STACK_SIZE)
 *fill*         0x20006c00      0x400 
                0x20007000                __stack_end__ = .
                0x20000000                __START_BSS = __BSS_START
                0x20000088                __END_BSS = __BSS_END
                0x20007000                __SP_INIT = __StackTop

.ARM.attributes
                0x00000000       0x2a
 *(.ARM.attributes)
 .ARM.attributes
                0x00000000       0x1e c:/nxp/s32ds_arm_v2.2/s32ds/build_tools/gcc_v6.3/gcc-6.3-arm32-eabi/bin/../lib/gcc/arm-none-eabi/6.3.1/thumb/v7e-m/crti.o
 .ARM.attributes
                0x0000001e       0x2e c:/nxp/s32ds_arm_v2.2/s32ds/build_tools/gcc_v6.3/gcc-6.3-arm32-eabi/bin/../lib/gcc/arm-none-eabi/6.3.1/thumb/v7e-m/crtbegin.o
 .ARM.attributes
                0x0000004c       0x1c C:/NXP/S32DS_ARM_v2.2/S32DS/build_tools/gcc_v6.3/gcc-6.3-arm32-eabi/arm-none-eabi/newlib/lib/thumb/v7e-m/crt0.o
 .ARM.attributes
                0x00000068       0x33 ./Project_Settings/Startup_Code/startup.o
 .ARM.attributes
                0x0000009b       0x1b ./Project_Settings/Startup_Code/startup_S32K144.o
 .ARM.attributes
                0x000000b6       0x33 ./Project_Settings/Startup_Code/system_S32K144.o
 .ARM.attributes
                0x000000e9       0x33 ./src/LPIT.o
 .ARM.attributes
                0x0000011c       0x33 ./src/LPUART.o
 .ARM.attributes
                0x0000014f       0x33 ./src/NVIC.o
 .ARM.attributes
                0x00000182       0x33 ./src/PCC.o
 .ARM.attributes
                0x000001b5       0x33 ./src/SCG.o
 .ARM.attributes
                0x000001e8       0x33 ./src/funtion.o
 .ARM.attributes
                0x0000021b       0x33 ./src/main.o
 .ARM.attributes
                0x0000024e       0x2e C:/NXP/S32DS_ARM_v2.2/S32DS/build_tools/gcc_v6.3/gcc-6.3-arm32-eabi/arm-none-eabi/newlib/lib/thumb/v7e-m\libc.a(lib_a-exit.o)
 .ARM.attributes
                0x0000027c       0x2e C:/NXP/S32DS_ARM_v2.2/S32DS/build_tools/gcc_v6.3/gcc-6.3-arm32-eabi/arm-none-eabi/newlib/lib/thumb/v7e-m\libc.a(lib_a-impure.o)
 .ARM.attributes
                0x000002aa       0x2e C:/NXP/S32DS_ARM_v2.2/S32DS/build_tools/gcc_v6.3/gcc-6.3-arm32-eabi/arm-none-eabi/newlib/lib/thumb/v7e-m\libc.a(lib_a-init.o)
 .ARM.attributes
                0x000002d8       0x2e C:/NXP/S32DS_ARM_v2.2/S32DS/build_tools/gcc_v6.3/gcc-6.3-arm32-eabi/arm-none-eabi/newlib/lib/thumb/v7e-m\libc.a(lib_a-memset.o)
 .ARM.attributes
                0x00000306       0x2e C:/NXP/S32DS_ARM_v2.2/S32DS/build_tools/gcc_v6.3/gcc-6.3-arm32-eabi/arm-none-eabi/newlib/lib/thumb/v7e-m\libc.a(lib_a-sprintf.o)
 .ARM.attributes
                0x00000334       0x1c C:/NXP/S32DS_ARM_v2.2/S32DS/build_tools/gcc_v6.3/gcc-6.3-arm32-eabi/arm-none-eabi/newlib/lib/thumb/v7e-m\libc.a(lib_a-strcmp.o)
 .ARM.attributes
                0x00000350       0x2e C:/NXP/S32DS_ARM_v2.2/S32DS/build_tools/gcc_v6.3/gcc-6.3-arm32-eabi/arm-none-eabi/newlib/lib/thumb/v7e-m\libc.a(lib_a-svfprintf.o)
 .ARM.attributes
                0x0000037e       0x2e C:/NXP/S32DS_ARM_v2.2/S32DS/build_tools/gcc_v6.3/gcc-6.3-arm32-eabi/arm-none-eabi/newlib/lib/thumb/v7e-m\libc.a(lib_a-__call_atexit.o)
 .ARM.attributes
                0x000003ac       0x2e C:/NXP/S32DS_ARM_v2.2/S32DS/build_tools/gcc_v6.3/gcc-6.3-arm32-eabi/arm-none-eabi/newlib/lib/thumb/v7e-m\libc.a(lib_a-dtoa.o)
 .ARM.attributes
                0x000003da       0x2e C:/NXP/S32DS_ARM_v2.2/S32DS/build_tools/gcc_v6.3/gcc-6.3-arm32-eabi/arm-none-eabi/newlib/lib/thumb/v7e-m\libc.a(lib_a-fini.o)
 .ARM.attributes
                0x00000408       0x2e C:/NXP/S32DS_ARM_v2.2/S32DS/build_tools/gcc_v6.3/gcc-6.3-arm32-eabi/arm-none-eabi/newlib/lib/thumb/v7e-m\libc.a(lib_a-localeconv.o)
 .ARM.attributes
                0x00000436       0x2e C:/NXP/S32DS_ARM_v2.2/S32DS/build_tools/gcc_v6.3/gcc-6.3-arm32-eabi/arm-none-eabi/newlib/lib/thumb/v7e-m\libc.a(lib_a-locale.o)
 .ARM.attributes
                0x00000464       0x2e C:/NXP/S32DS_ARM_v2.2/S32DS/build_tools/gcc_v6.3/gcc-6.3-arm32-eabi/arm-none-eabi/newlib/lib/thumb/v7e-m\libc.a(lib_a-mallocr.o)
 .ARM.attributes
                0x00000492       0x2e C:/NXP/S32DS_ARM_v2.2/S32DS/build_tools/gcc_v6.3/gcc-6.3-arm32-eabi/arm-none-eabi/newlib/lib/thumb/v7e-m\libc.a(lib_a-mbtowc_r.o)
 .ARM.attributes
                0x000004c0       0x1c C:/NXP/S32DS_ARM_v2.2/S32DS/build_tools/gcc_v6.3/gcc-6.3-arm32-eabi/arm-none-eabi/newlib/lib/thumb/v7e-m\libc.a(lib_a-memchr.o)
 .ARM.attributes
                0x000004dc       0x2e C:/NXP/S32DS_ARM_v2.2/S32DS/build_tools/gcc_v6.3/gcc-6.3-arm32-eabi/arm-none-eabi/newlib/lib/thumb/v7e-m\libc.a(lib_a-memcpy-stub.o)
 .ARM.attributes
                0x0000050a       0x2e C:/NXP/S32DS_ARM_v2.2/S32DS/build_tools/gcc_v6.3/gcc-6.3-arm32-eabi/arm-none-eabi/newlib/lib/thumb/v7e-m\libc.a(lib_a-mlock.o)
 .ARM.attributes
                0x00000538       0x2e C:/NXP/S32DS_ARM_v2.2/S32DS/build_tools/gcc_v6.3/gcc-6.3-arm32-eabi/arm-none-eabi/newlib/lib/thumb/v7e-m\libc.a(lib_a-mprec.o)
 .ARM.attributes
                0x00000566       0x2e C:/NXP/S32DS_ARM_v2.2/S32DS/build_tools/gcc_v6.3/gcc-6.3-arm32-eabi/arm-none-eabi/newlib/lib/thumb/v7e-m\libc.a(lib_a-sbrkr.o)
 .ARM.attributes
                0x00000594       0x17 C:/NXP/S32DS_ARM_v2.2/S32DS/build_tools/gcc_v6.3/gcc-6.3-arm32-eabi/arm-none-eabi/newlib/lib/thumb/v7e-m\libc.a(lib_a-strlen.o)
 .ARM.attributes
                0x000005ab       0x2e C:/NXP/S32DS_ARM_v2.2/S32DS/build_tools/gcc_v6.3/gcc-6.3-arm32-eabi/arm-none-eabi/newlib/lib/thumb/v7e-m\libc.a(lib_a-svfiprintf.o)
 .ARM.attributes
                0x000005d9       0x2e C:/NXP/S32DS_ARM_v2.2/S32DS/build_tools/gcc_v6.3/gcc-6.3-arm32-eabi/arm-none-eabi/newlib/lib/thumb/v7e-m\libc.a(lib_a-wctomb_r.o)
 .ARM.attributes
                0x00000607       0x2e C:/NXP/S32DS_ARM_v2.2/S32DS/build_tools/gcc_v6.3/gcc-6.3-arm32-eabi/arm-none-eabi/newlib/lib/thumb/v7e-m\libc.a(lib_a-atexit.o)
 .ARM.attributes
                0x00000635       0x2e C:/NXP/S32DS_ARM_v2.2/S32DS/build_tools/gcc_v6.3/gcc-6.3-arm32-eabi/arm-none-eabi/newlib/lib/thumb/v7e-m\libc.a(lib_a-callocr.o)
 .ARM.attributes
                0x00000663       0x2e C:/NXP/S32DS_ARM_v2.2/S32DS/build_tools/gcc_v6.3/gcc-6.3-arm32-eabi/arm-none-eabi/newlib/lib/thumb/v7e-m\libc.a(lib_a-ctype_.o)
 .ARM.attributes
                0x00000691       0x2e C:/NXP/S32DS_ARM_v2.2/S32DS/build_tools/gcc_v6.3/gcc-6.3-arm32-eabi/arm-none-eabi/newlib/lib/thumb/v7e-m\libc.a(lib_a-freer.o)
 .ARM.attributes
                0x000006bf       0x2e C:/NXP/S32DS_ARM_v2.2/S32DS/build_tools/gcc_v6.3/gcc-6.3-arm32-eabi/arm-none-eabi/newlib/lib/thumb/v7e-m\libc.a(lib_a-memmove.o)
 .ARM.attributes
                0x000006ed       0x2e C:/NXP/S32DS_ARM_v2.2/S32DS/build_tools/gcc_v6.3/gcc-6.3-arm32-eabi/arm-none-eabi/newlib/lib/thumb/v7e-m\libc.a(lib_a-reallocr.o)
 .ARM.attributes
                0x0000071b       0x2e C:/NXP/S32DS_ARM_v2.2/S32DS/build_tools/gcc_v6.3/gcc-6.3-arm32-eabi/arm-none-eabi/newlib/lib/thumb/v7e-m\libc.a(lib_a-reent.o)
 .ARM.attributes
                0x00000749       0x2e C:/NXP/S32DS_ARM_v2.2/S32DS/build_tools/gcc_v6.3/gcc-6.3-arm32-eabi/arm-none-eabi/newlib/lib/thumb/v7e-m\libc.a(lib_a-__atexit.o)
 .ARM.attributes
                0x00000777       0x1e c:/nxp/s32ds_arm_v2.2/s32ds/build_tools/gcc_v6.3/gcc-6.3-arm32-eabi/bin/../lib/gcc/arm-none-eabi/6.3.1/thumb/v7e-m\libgcc.a(_arm_addsubdf3.o)
 .ARM.attributes
                0x00000795       0x1e c:/nxp/s32ds_arm_v2.2/s32ds/build_tools/gcc_v6.3/gcc-6.3-arm32-eabi/bin/../lib/gcc/arm-none-eabi/6.3.1/thumb/v7e-m\libgcc.a(_arm_muldivdf3.o)
 .ARM.attributes
                0x000007b3       0x1e c:/nxp/s32ds_arm_v2.2/s32ds/build_tools/gcc_v6.3/gcc-6.3-arm32-eabi/bin/../lib/gcc/arm-none-eabi/6.3.1/thumb/v7e-m\libgcc.a(_arm_cmpdf2.o)
 .ARM.attributes
                0x000007d1       0x1e c:/nxp/s32ds_arm_v2.2/s32ds/build_tools/gcc_v6.3/gcc-6.3-arm32-eabi/bin/../lib/gcc/arm-none-eabi/6.3.1/thumb/v7e-m\libgcc.a(_arm_unorddf2.o)
 .ARM.attributes
                0x000007ef       0x1e c:/nxp/s32ds_arm_v2.2/s32ds/build_tools/gcc_v6.3/gcc-6.3-arm32-eabi/bin/../lib/gcc/arm-none-eabi/6.3.1/thumb/v7e-m\libgcc.a(_arm_fixdfsi.o)
 .ARM.attributes
                0x0000080d       0x1e c:/nxp/s32ds_arm_v2.2/s32ds/build_tools/gcc_v6.3/gcc-6.3-arm32-eabi/bin/../lib/gcc/arm-none-eabi/6.3.1/thumb/v7e-m\libgcc.a(_aeabi_uldivmod.o)
 .ARM.attributes
                0x0000082b       0x2e c:/nxp/s32ds_arm_v2.2/s32ds/build_tools/gcc_v6.3/gcc-6.3-arm32-eabi/bin/../lib/gcc/arm-none-eabi/6.3.1/thumb/v7e-m\libgcc.a(_udivmoddi4.o)
 .ARM.attributes
                0x00000859       0x1e c:/nxp/s32ds_arm_v2.2/s32ds/build_tools/gcc_v6.3/gcc-6.3-arm32-eabi/bin/../lib/gcc/arm-none-eabi/6.3.1/thumb/v7e-m\libgcc.a(_dvmd_tls.o)
 .ARM.attributes
                0x00000877       0x2e C:/NXP/S32DS_ARM_v2.2/S32DS/build_tools/gcc_v6.3/gcc-6.3-arm32-eabi/arm-none-eabi/newlib/lib/thumb/v7e-m\libnosys.a(sbrk.o)
 .ARM.attributes
                0x000008a5       0x2e C:/NXP/S32DS_ARM_v2.2/S32DS/build_tools/gcc_v6.3/gcc-6.3-arm32-eabi/arm-none-eabi/newlib/lib/thumb/v7e-m\libnosys.a(_exit.o)
 .ARM.attributes
                0x000008d3       0x2e c:/nxp/s32ds_arm_v2.2/s32ds/build_tools/gcc_v6.3/gcc-6.3-arm32-eabi/bin/../lib/gcc/arm-none-eabi/6.3.1/thumb/v7e-m/crtend.o
 .ARM.attributes
                0x00000901       0x1e c:/nxp/s32ds_arm_v2.2/s32ds/build_tools/gcc_v6.3/gcc-6.3-arm32-eabi/bin/../lib/gcc/arm-none-eabi/6.3.1/thumb/v7e-m/crtn.o
                0x00000001                ASSERT ((__StackLimit >= __HeapLimit), region m_data_2 overflowed with stack and heap)
OUTPUT(Control_LED_with_buttons_and_linker.elf elf32-littlearm)

.comment        0x00000000       0xa0
 .comment       0x00000000       0xa0 c:/nxp/s32ds_arm_v2.2/s32ds/build_tools/gcc_v6.3/gcc-6.3-arm32-eabi/bin/../lib/gcc/arm-none-eabi/6.3.1/thumb/v7e-m/crtbegin.o
                                 0xa1 (size before relaxing)
 .comment       0x000000a0       0xa1 ./Project_Settings/Startup_Code/startup.o
 .comment       0x000000a0       0xa1 ./Project_Settings/Startup_Code/system_S32K144.o
 .comment       0x000000a0       0xa1 ./src/LPIT.o
 .comment       0x000000a0       0xa1 ./src/LPUART.o
 .comment       0x000000a0       0xa1 ./src/NVIC.o
 .comment       0x000000a0       0xa1 ./src/PCC.o
 .comment       0x000000a0       0xa1 ./src/SCG.o
 .comment       0x000000a0       0xa1 ./src/funtion.o
 .comment       0x000000a0       0xa1 ./src/main.o
 .comment       0x000000a0       0xa1 c:/nxp/s32ds_arm_v2.2/s32ds/build_tools/gcc_v6.3/gcc-6.3-arm32-eabi/bin/../lib/gcc/arm-none-eabi/6.3.1/thumb/v7e-m/crtend.o

.debug_info     0x00000000     0x5336
 .debug_info    0x00000000      0x471 ./Project_Settings/Startup_Code/startup.o
 .debug_info    0x00000471       0x26 ./Project_Settings/Startup_Code/startup_S32K144.o
 .debug_info    0x00000497      0x522 ./Project_Settings/Startup_Code/system_S32K144.o
 .debug_info    0x000009b9      0x691 ./src/LPIT.o
 .debug_info    0x0000104a     0x1739 ./src/LPUART.o
 .debug_info    0x00002783      0x27e ./src/NVIC.o
 .debug_info    0x00002a01      0x58b ./src/PCC.o
 .debug_info    0x00002f8c      0x670 ./src/SCG.o
 .debug_info    0x000035fc      0x7be ./src/funtion.o
 .debug_info    0x00003dba     0x157c ./src/main.o

.debug_abbrev   0x00000000      0xc6f
 .debug_abbrev  0x00000000      0x108 ./Project_Settings/Startup_Code/startup.o
 .debug_abbrev  0x00000108       0x14 ./Project_Settings/Startup_Code/startup_S32K144.o
 .debug_abbrev  0x0000011c      0x125 ./Project_Settings/Startup_Code/system_S32K144.o
 .debug_abbrev  0x00000241      0x112 ./src/LPIT.o
 .debug_abbrev  0x00000353      0x229 ./src/LPUART.o
 .debug_abbrev  0x0000057c       0xd7 ./src/NVIC.o
 .debug_abbrev  0x00000653      0x139 ./src/PCC.o
 .debug_abbrev  0x0000078c      0x15e ./src/SCG.o
 .debug_abbrev  0x000008ea      0x160 ./src/funtion.o
 .debug_abbrev  0x00000a4a      0x225 ./src/main.o

.debug_aranges  0x00000000      0x200
 .debug_aranges
                0x00000000       0x20 ./Project_Settings/Startup_Code/startup.o
 .debug_aranges
                0x00000020       0x20 ./Project_Settings/Startup_Code/startup_S32K144.o
 .debug_aranges
                0x00000040       0x30 ./Project_Settings/Startup_Code/system_S32K144.o
 .debug_aranges
                0x00000070       0x28 ./src/LPIT.o
 .debug_aranges
                0x00000098       0x68 ./src/LPUART.o
 .debug_aranges
                0x00000100       0x20 ./src/NVIC.o
 .debug_aranges
                0x00000120       0x30 ./src/PCC.o
 .debug_aranges
                0x00000150       0x38 ./src/SCG.o
 .debug_aranges
                0x00000188       0x30 ./src/funtion.o
 .debug_aranges
                0x000001b8       0x48 ./src/main.o

.debug_ranges   0x00000000      0x150
 .debug_ranges  0x00000000       0x10 ./Project_Settings/Startup_Code/startup.o
 .debug_ranges  0x00000010       0x20 ./Project_Settings/Startup_Code/system_S32K144.o
 .debug_ranges  0x00000030       0x18 ./src/LPIT.o
 .debug_ranges  0x00000048       0x58 ./src/LPUART.o
 .debug_ranges  0x000000a0       0x10 ./src/NVIC.o
 .debug_ranges  0x000000b0       0x20 ./src/PCC.o
 .debug_ranges  0x000000d0       0x28 ./src/SCG.o
 .debug_ranges  0x000000f8       0x20 ./src/funtion.o
 .debug_ranges  0x00000118       0x38 ./src/main.o

.debug_macro    0x00000000    0x20979
 .debug_macro   0x00000000       0xb5 ./Project_Settings/Startup_Code/startup.o
 .debug_macro   0x000000b5      0x8d4 ./Project_Settings/Startup_Code/startup.o
 .debug_macro   0x00000989       0x22 ./Project_Settings/Startup_Code/startup.o
 .debug_macro   0x000009ab       0x87 ./Project_Settings/Startup_Code/startup.o
 .debug_macro   0x00000a32       0x51 ./Project_Settings/Startup_Code/startup.o
 .debug_macro   0x00000a83       0xef ./Project_Settings/Startup_Code/startup.o
 .debug_macro   0x00000b72       0x6a ./Project_Settings/Startup_Code/startup.o
 .debug_macro   0x00000bdc      0x1df ./Project_Settings/Startup_Code/startup.o
 .debug_macro   0x00000dbb       0x10 ./Project_Settings/Startup_Code/startup.o
 .debug_macro   0x00000dcb       0x6d ./Project_Settings/Startup_Code/startup.o
 .debug_macro   0x00000e38     0xecc2 ./Project_Settings/Startup_Code/startup.o
 .debug_macro   0x0000fafa      0xa19 ./Project_Settings/Startup_Code/startup.o
 .debug_macro   0x00010513       0x22 ./Project_Settings/Startup_Code/startup.o
 .debug_macro   0x00010535       0x40 ./Project_Settings/Startup_Code/startup.o
 .debug_macro   0x00010575       0xb5 ./Project_Settings/Startup_Code/system_S32K144.o
 .debug_macro   0x0001062a       0x19 ./Project_Settings/Startup_Code/system_S32K144.o
 .debug_macro   0x00010643     0xecad ./Project_Settings/Startup_Code/system_S32K144.o
 .debug_macro   0x0001f2f0       0x28 ./Project_Settings/Startup_Code/system_S32K144.o
 .debug_macro   0x0001f318       0xa0 ./src/LPIT.o
 .debug_macro   0x0001f3b8       0x3a ./src/LPIT.o
 .debug_macro   0x0001f3f2       0x17 ./src/LPIT.o
 .debug_macro   0x0001f409       0x10 ./src/LPIT.o
 .debug_macro   0x0001f419       0x10 ./src/LPIT.o
 .debug_macro   0x0001f429       0x16 ./src/LPIT.o
 .debug_macro   0x0001f43f      0x15c ./src/LPUART.o
 .debug_macro   0x0001f59b       0x2b ./src/LPUART.o
 .debug_macro   0x0001f5c6       0x52 ./src/LPUART.o
 .debug_macro   0x0001f618       0x3c ./src/LPUART.o
 .debug_macro   0x0001f654       0x9c ./src/LPUART.o
 .debug_macro   0x0001f6f0      0x174 ./src/LPUART.o
 .debug_macro   0x0001f864       0x52 ./src/LPUART.o
 .debug_macro   0x0001f8b6       0x1f ./src/LPUART.o
 .debug_macro   0x0001f8d5       0x43 ./src/LPUART.o
 .debug_macro   0x0001f918       0x20 ./src/LPUART.o
 .debug_macro   0x0001f938      0x1a3 ./src/LPUART.o
 .debug_macro   0x0001fadb      0x30d ./src/LPUART.o
 .debug_macro   0x0001fde8       0x10 ./src/LPUART.o
 .debug_macro   0x0001fdf8       0x35 ./src/LPUART.o
 .debug_macro   0x0001fe2d       0x7b ./src/NVIC.o
 .debug_macro   0x0001fea8       0x10 ./src/NVIC.o
 .debug_macro   0x0001feb8       0x8e ./src/PCC.o
 .debug_macro   0x0001ff46       0x11 ./src/PCC.o
 .debug_macro   0x0001ff57       0x7b ./src/SCG.o
 .debug_macro   0x0001ffd2       0xbd ./src/funtion.o
 .debug_macro   0x0002008f       0x16 ./src/funtion.o
 .debug_macro   0x000200a5       0x3a ./src/funtion.o
 .debug_macro   0x000200df      0x297 ./src/main.o
 .debug_macro   0x00020376       0x16 ./src/main.o
 .debug_macro   0x0002038c       0x31 ./src/main.o
 .debug_macro   0x000203bd       0x3d ./src/main.o
 .debug_macro   0x000203fa       0x16 ./src/main.o
 .debug_macro   0x00020410      0x1e1 ./src/main.o
 .debug_macro   0x000205f1       0x1c ./src/main.o
 .debug_macro   0x0002060d       0x10 ./src/main.o
 .debug_macro   0x0002061d       0x10 ./src/main.o
 .debug_macro   0x0002062d       0x1c ./src/main.o
 .debug_macro   0x00020649       0x52 ./src/main.o
 .debug_macro   0x0002069b       0x40 ./src/main.o
 .debug_macro   0x000206db       0x10 ./src/main.o
 .debug_macro   0x000206eb       0x40 ./src/main.o
 .debug_macro   0x0002072b       0xd7 ./src/main.o
 .debug_macro   0x00020802       0x16 ./src/main.o
 .debug_macro   0x00020818      0x161 ./src/main.o

.debug_line     0x00000000     0x1f73
 .debug_line    0x00000000      0x345 ./Project_Settings/Startup_Code/startup.o
 .debug_line    0x00000345       0x91 ./Project_Settings/Startup_Code/startup_S32K144.o
 .debug_line    0x000003d6      0x362 ./Project_Settings/Startup_Code/system_S32K144.o
 .debug_line    0x00000738      0x2f3 ./src/LPIT.o
 .debug_line    0x00000a2b      0x482 ./src/LPUART.o
 .debug_line    0x00000ead      0x297 ./src/NVIC.o
 .debug_line    0x00001144      0x2db ./src/PCC.o
 .debug_line    0x0000141f      0x2ff ./src/SCG.o
 .debug_line    0x0000171e      0x32c ./src/funtion.o
 .debug_line    0x00001a4a      0x529 ./src/main.o

.debug_str      0x00000000    0x6eaf4
 .debug_str     0x00000000    0x68147 ./Project_Settings/Startup_Code/startup.o
                              0x68374 (size before relaxing)
 .debug_str     0x00068147       0x3f ./Project_Settings/Startup_Code/startup_S32K144.o
                                 0x91 (size before relaxing)
 .debug_str     0x00068186      0x16d ./Project_Settings/Startup_Code/system_S32K144.o
                              0x6814d (size before relaxing)
 .debug_str     0x000682f3      0x5ec ./src/LPIT.o
                               0x3bbc (size before relaxing)
 .debug_str     0x000688df     0x3e34 ./src/LPUART.o
                               0x7821 (size before relaxing)
 .debug_str     0x0006c713       0x84 ./src/NVIC.o
                               0x38e4 (size before relaxing)
 .debug_str     0x0006c797       0x86 ./src/PCC.o
                               0x3bde (size before relaxing)
 .debug_str     0x0006c81d      0x35d ./src/SCG.o
                               0x3be8 (size before relaxing)
 .debug_str     0x0006cb7a      0x248 ./src/funtion.o
                               0x3ff4 (size before relaxing)
 .debug_str     0x0006cdc2     0x1d32 ./src/main.o
                               0x961d (size before relaxing)

.debug_frame    0x00000000     0x1074
 .debug_frame   0x00000000       0x38 ./Project_Settings/Startup_Code/startup.o
 .debug_frame   0x00000038       0x80 ./Project_Settings/Startup_Code/system_S32K144.o
 .debug_frame   0x000000b8       0x5c ./src/LPIT.o
 .debug_frame   0x00000114      0x19c ./src/LPUART.o
 .debug_frame   0x000002b0       0x38 ./src/NVIC.o
 .debug_frame   0x000002e8       0x88 ./src/PCC.o
 .debug_frame   0x00000370       0xac ./src/SCG.o
 .debug_frame   0x0000041c       0x74 ./src/funtion.o
 .debug_frame   0x00000490       0xd0 ./src/main.o
 .debug_frame   0x00000560       0x28 C:/NXP/S32DS_ARM_v2.2/S32DS/build_tools/gcc_v6.3/gcc-6.3-arm32-eabi/arm-none-eabi/newlib/lib/thumb/v7e-m\libc.a(lib_a-exit.o)
 .debug_frame   0x00000588       0x2c C:/NXP/S32DS_ARM_v2.2/S32DS/build_tools/gcc_v6.3/gcc-6.3-arm32-eabi/arm-none-eabi/newlib/lib/thumb/v7e-m\libc.a(lib_a-init.o)
 .debug_frame   0x000005b4       0x20 C:/NXP/S32DS_ARM_v2.2/S32DS/build_tools/gcc_v6.3/gcc-6.3-arm32-eabi/arm-none-eabi/newlib/lib/thumb/v7e-m\libc.a(lib_a-memset.o)
 .debug_frame   0x000005d4       0x70 C:/NXP/S32DS_ARM_v2.2/S32DS/build_tools/gcc_v6.3/gcc-6.3-arm32-eabi/arm-none-eabi/newlib/lib/thumb/v7e-m\libc.a(lib_a-sprintf.o)
 .debug_frame   0x00000644       0x20 C:/NXP/S32DS_ARM_v2.2/S32DS/build_tools/gcc_v6.3/gcc-6.3-arm32-eabi/arm-none-eabi/newlib/lib/thumb/v7e-m\libc.a(lib_a-strcmp.o)
 .debug_frame   0x00000664       0x40 C:/NXP/S32DS_ARM_v2.2/S32DS/build_tools/gcc_v6.3/gcc-6.3-arm32-eabi/arm-none-eabi/newlib/lib/thumb/v7e-m\libc.a(lib_a-svfprintf.o)
 .debug_frame   0x000006a4       0x4c C:/NXP/S32DS_ARM_v2.2/S32DS/build_tools/gcc_v6.3/gcc-6.3-arm32-eabi/arm-none-eabi/newlib/lib/thumb/v7e-m\libc.a(lib_a-__call_atexit.o)
 .debug_frame   0x000006f0       0x6c C:/NXP/S32DS_ARM_v2.2/S32DS/build_tools/gcc_v6.3/gcc-6.3-arm32-eabi/arm-none-eabi/newlib/lib/thumb/v7e-m\libc.a(lib_a-dtoa.o)
 .debug_frame   0x0000075c       0x38 C:/NXP/S32DS_ARM_v2.2/S32DS/build_tools/gcc_v6.3/gcc-6.3-arm32-eabi/arm-none-eabi/newlib/lib/thumb/v7e-m\libc.a(lib_a-fini.o)
 .debug_frame   0x00000794       0x40 C:/NXP/S32DS_ARM_v2.2/S32DS/build_tools/gcc_v6.3/gcc-6.3-arm32-eabi/arm-none-eabi/newlib/lib/thumb/v7e-m\libc.a(lib_a-localeconv.o)
 .debug_frame   0x000007d4       0x68 C:/NXP/S32DS_ARM_v2.2/S32DS/build_tools/gcc_v6.3/gcc-6.3-arm32-eabi/arm-none-eabi/newlib/lib/thumb/v7e-m\libc.a(lib_a-locale.o)
 .debug_frame   0x0000083c       0x40 C:/NXP/S32DS_ARM_v2.2/S32DS/build_tools/gcc_v6.3/gcc-6.3-arm32-eabi/arm-none-eabi/newlib/lib/thumb/v7e-m\libc.a(lib_a-mallocr.o)
 .debug_frame   0x0000087c       0x48 C:/NXP/S32DS_ARM_v2.2/S32DS/build_tools/gcc_v6.3/gcc-6.3-arm32-eabi/arm-none-eabi/newlib/lib/thumb/v7e-m\libc.a(lib_a-mbtowc_r.o)
 .debug_frame   0x000008c4       0x28 C:/NXP/S32DS_ARM_v2.2/S32DS/build_tools/gcc_v6.3/gcc-6.3-arm32-eabi/arm-none-eabi/newlib/lib/thumb/v7e-m\libc.a(lib_a-memcpy-stub.o)
 .debug_frame   0x000008ec       0x30 C:/NXP/S32DS_ARM_v2.2/S32DS/build_tools/gcc_v6.3/gcc-6.3-arm32-eabi/arm-none-eabi/newlib/lib/thumb/v7e-m\libc.a(lib_a-mlock.o)
 .debug_frame   0x0000091c      0x238 C:/NXP/S32DS_ARM_v2.2/S32DS/build_tools/gcc_v6.3/gcc-6.3-arm32-eabi/arm-none-eabi/newlib/lib/thumb/v7e-m\libc.a(lib_a-mprec.o)
 .debug_frame   0x00000b54       0x2c C:/NXP/S32DS_ARM_v2.2/S32DS/build_tools/gcc_v6.3/gcc-6.3-arm32-eabi/arm-none-eabi/newlib/lib/thumb/v7e-m\libc.a(lib_a-sbrkr.o)
 .debug_frame   0x00000b80       0x6c C:/NXP/S32DS_ARM_v2.2/S32DS/build_tools/gcc_v6.3/gcc-6.3-arm32-eabi/arm-none-eabi/newlib/lib/thumb/v7e-m\libc.a(lib_a-svfiprintf.o)
 .debug_frame   0x00000bec       0x3c C:/NXP/S32DS_ARM_v2.2/S32DS/build_tools/gcc_v6.3/gcc-6.3-arm32-eabi/arm-none-eabi/newlib/lib/thumb/v7e-m\libc.a(lib_a-wctomb_r.o)
 .debug_frame   0x00000c28       0x20 C:/NXP/S32DS_ARM_v2.2/S32DS/build_tools/gcc_v6.3/gcc-6.3-arm32-eabi/arm-none-eabi/newlib/lib/thumb/v7e-m\libc.a(lib_a-atexit.o)
 .debug_frame   0x00000c48       0x28 C:/NXP/S32DS_ARM_v2.2/S32DS/build_tools/gcc_v6.3/gcc-6.3-arm32-eabi/arm-none-eabi/newlib/lib/thumb/v7e-m\libc.a(lib_a-callocr.o)
 .debug_frame   0x00000c70       0x5c C:/NXP/S32DS_ARM_v2.2/S32DS/build_tools/gcc_v6.3/gcc-6.3-arm32-eabi/arm-none-eabi/newlib/lib/thumb/v7e-m\libc.a(lib_a-freer.o)
 .debug_frame   0x00000ccc       0x28 C:/NXP/S32DS_ARM_v2.2/S32DS/build_tools/gcc_v6.3/gcc-6.3-arm32-eabi/arm-none-eabi/newlib/lib/thumb/v7e-m\libc.a(lib_a-memmove.o)
 .debug_frame   0x00000cf4       0x50 C:/NXP/S32DS_ARM_v2.2/S32DS/build_tools/gcc_v6.3/gcc-6.3-arm32-eabi/arm-none-eabi/newlib/lib/thumb/v7e-m\libc.a(lib_a-reallocr.o)
 .debug_frame   0x00000d44       0x5c C:/NXP/S32DS_ARM_v2.2/S32DS/build_tools/gcc_v6.3/gcc-6.3-arm32-eabi/arm-none-eabi/newlib/lib/thumb/v7e-m\libc.a(lib_a-reent.o)
 .debug_frame   0x00000da0       0x30 C:/NXP/S32DS_ARM_v2.2/S32DS/build_tools/gcc_v6.3/gcc-6.3-arm32-eabi/arm-none-eabi/newlib/lib/thumb/v7e-m\libc.a(lib_a-__atexit.o)
 .debug_frame   0x00000dd0       0xac c:/nxp/s32ds_arm_v2.2/s32ds/build_tools/gcc_v6.3/gcc-6.3-arm32-eabi/bin/../lib/gcc/arm-none-eabi/6.3.1/thumb/v7e-m\libgcc.a(_arm_addsubdf3.o)
 .debug_frame   0x00000e7c       0x50 c:/nxp/s32ds_arm_v2.2/s32ds/build_tools/gcc_v6.3/gcc-6.3-arm32-eabi/bin/../lib/gcc/arm-none-eabi/6.3.1/thumb/v7e-m\libgcc.a(_arm_muldivdf3.o)
 .debug_frame   0x00000ecc       0xc4 c:/nxp/s32ds_arm_v2.2/s32ds/build_tools/gcc_v6.3/gcc-6.3-arm32-eabi/bin/../lib/gcc/arm-none-eabi/6.3.1/thumb/v7e-m\libgcc.a(_arm_cmpdf2.o)
 .debug_frame   0x00000f90       0x20 c:/nxp/s32ds_arm_v2.2/s32ds/build_tools/gcc_v6.3/gcc-6.3-arm32-eabi/bin/../lib/gcc/arm-none-eabi/6.3.1/thumb/v7e-m\libgcc.a(_arm_unorddf2.o)
 .debug_frame   0x00000fb0       0x24 c:/nxp/s32ds_arm_v2.2/s32ds/build_tools/gcc_v6.3/gcc-6.3-arm32-eabi/bin/../lib/gcc/arm-none-eabi/6.3.1/thumb/v7e-m\libgcc.a(_arm_fixdfsi.o)
 .debug_frame   0x00000fd4       0x2c c:/nxp/s32ds_arm_v2.2/s32ds/build_tools/gcc_v6.3/gcc-6.3-arm32-eabi/bin/../lib/gcc/arm-none-eabi/6.3.1/thumb/v7e-m\libgcc.a(_aeabi_uldivmod.o)
 .debug_frame   0x00001000       0x34 c:/nxp/s32ds_arm_v2.2/s32ds/build_tools/gcc_v6.3/gcc-6.3-arm32-eabi/bin/../lib/gcc/arm-none-eabi/6.3.1/thumb/v7e-m\libgcc.a(_udivmoddi4.o)
 .debug_frame   0x00001034       0x20 C:/NXP/S32DS_ARM_v2.2/S32DS/build_tools/gcc_v6.3/gcc-6.3-arm32-eabi/arm-none-eabi/newlib/lib/thumb/v7e-m\libnosys.a(sbrk.o)
 .debug_frame   0x00001054       0x20 C:/NXP/S32DS_ARM_v2.2/S32DS/build_tools/gcc_v6.3/gcc-6.3-arm32-eabi/arm-none-eabi/newlib/lib/thumb/v7e-m\libnosys.a(_exit.o)
